BenchmarkPingPongHog-256                  	 1032825	      1174 ns/op
BenchmarkCreateGoroutines-256             	 1749670	       697.9 ns/op
BenchmarkCreateGoroutinesParallel-256     	 6994892	       186.8 ns/op
BenchmarkCreateGoroutinesCapture-256      	  158905	      7151 ns/op	     145 B/op	       5 allocs/op
BenchmarkPingPongHog-256                  	  980944	      1126 ns/op
BenchmarkCreateGoroutines-256             	 1669263	       707.4 ns/op
BenchmarkCreateGoroutinesParallel-256     	 6173318	       214.7 ns/op
BenchmarkCreateGoroutinesCapture-256      	  139422	      7479 ns/op	     145 B/op	       5 allocs/op
BenchmarkPingPongHog-256                  	 1025500	      1125 ns/op
BenchmarkCreateGoroutines-256             	 1677410	       694.0 ns/op
BenchmarkCreateGoroutinesParallel-256     	 6911610	       197.0 ns/op
BenchmarkCreateGoroutinesCapture-256      	  138278	      7388 ns/op	     145 B/op	       5 allocs/op
BenchmarkPingPongHog-256                  	  979854	      1281 ns/op
BenchmarkCreateGoroutines-256             	 1595118	       720.3 ns/op
BenchmarkCreateGoroutinesParallel-256     	 6632526	       226.1 ns/op
BenchmarkCreateGoroutinesCapture-256      	  179325	      6949 ns/op	     145 B/op	       5 allocs/op
BenchmarkPingPongHog-256                  	  965853	      1211 ns/op
BenchmarkCreateGoroutines-256             	 1671109	       700.7 ns/op
BenchmarkCreateGoroutinesParallel-256     	 7236159	       223.9 ns/op
BenchmarkCreateGoroutinesCapture-256      	  156139	      6978 ns/op	     145 B/op	       5 allocs/op
BenchmarkPingPongHog-256                  	  974072	      1184 ns/op
BenchmarkCreateGoroutines-256             	 1763370	       685.0 ns/op
BenchmarkCreateGoroutinesParallel-256     	 6373860	       204.1 ns/op
BenchmarkCreateGoroutinesCapture-256      	  143481	      7335 ns/op	     144 B/op	       5 allocs/op
BenchmarkPingPongHog-256                  	  930248	      1171 ns/op
BenchmarkCreateGoroutines-256             	 1671040	       716.8 ns/op
BenchmarkCreateGoroutinesParallel-256     	 6065443	       225.7 ns/op
BenchmarkCreateGoroutinesCapture-256      	  195133	      6903 ns/op	     144 B/op	       5 allocs/op
BenchmarkPingPongHog-256                  	 1120107	      1199 ns/op
BenchmarkCreateGoroutines-256             	 1731936	       717.8 ns/op
BenchmarkCreateGoroutinesParallel-256     	 5492173	       199.7 ns/op
BenchmarkCreateGoroutinesCapture-256      	  169227	      6657 ns/op	     145 B/op	       5 allocs/op
BenchmarkPingPongHog-256                  	 1071678	      1224 ns/op
BenchmarkCreateGoroutines-256             	 1787613	       706.2 ns/op
BenchmarkCreateGoroutinesParallel-256     	 6419726	       215.0 ns/op
BenchmarkCreateGoroutinesCapture-256      	  145399	      6923 ns/op	     145 B/op	       5 allocs/op
BenchmarkPingPongHog-256                  	 1261729	      1230 ns/op
BenchmarkCreateGoroutines-256             	 1635934	       705.5 ns/op
BenchmarkCreateGoroutinesParallel-256     	 6767643	       184.1 ns/op
BenchmarkCreateGoroutinesCapture-256      	  183799	      7277 ns/op	     145 B/op	       5 allocs/op
BenchmarkRun/sched-256 1 6594128634 ns/op 1.379e+11 cycles/op 4.083e+10 instructions/op 1.261 GHz 16.6 CPUs-busy 115 hint-faults 2060 pages-migrated
BenchmarkRun/sched-256 1 6614165408 ns/op 1.311e+11 cycles/op 3.913e+10 instructions/op 1.222 GHz 16.2 CPUs-busy 504 hint-faults 4774 pages-migrated
BenchmarkRun/sched-256 1 6550522006 ns/op 1.036e+11 cycles/op 3.983e+10 instructions/op 1.140 GHz 13.9 CPUs-busy 516 hint-faults 581 pages-migrated
BenchmarkRun/sched-256 1 7127645890 ns/op 1.299e+11 cycles/op 4.159e+10 instructions/op 1.161 GHz 15.7 CPUs-busy 826 hint-faults 7374 pages-migrated
BenchmarkRun/sched-256 1 6836658770 ns/op 1.250e+11 cycles/op 4.137e+10 instructions/op 1.137 GHz 16.1 CPUs-busy 643 hint-faults 1690 pages-migrated
BenchmarkRun/sched-256 1 6543983874 ns/op 1.119e+11 cycles/op 3.920e+10 instructions/op 1.171 GHz 14.6 CPUs-busy 633 hint-faults 4273 pages-migrated
BenchmarkRun/sched-256 1 6772044484 ns/op 1.133e+11 cycles/op 3.881e+10 instructions/op 1.146 GHz 14.6 CPUs-busy 920 hint-faults 3265 pages-migrated
BenchmarkRun/sched-256 1 6655586577 ns/op 9.313e+10 cycles/op 3.920e+10 instructions/op 1.140 GHz 12.3 CPUs-busy 318 hint-faults 4131 pages-migrated
BenchmarkRun/sched-256 1 6841407128 ns/op 1.211e+11 cycles/op 4.059e+10 instructions/op 1.173 GHz 15.1 CPUs-busy 635 hint-faults 1662 pages-migrated
BenchmarkRun/sched-256 1 6866086499 ns/op 1.460e+11 cycles/op 4.185e+10 instructions/op 1.323 GHz 16.1 CPUs-busy 106 hint-faults 2061 pages-migrated
