pkg: golang.org/x/benchmarks
goos: linux
goarch: amd64

# memprof=/tmp/11.prof.txt
# cpuprof=/tmp/10.prof.txt
BenchmarkJSON-1      200	  27726491 ns/op	   2772736 GC-bytes-from-system	     14996 STW-ns/GC	      3449 STW-ns/op	   4351447 allocated-bytes/op	     26807 allocs/op	  72255768 bytes-from-system	  66781184 heap-bytes-from-system	   2406936 other-bytes-from-system	  55160832 peak-RSS-bytes	1327210496 peak-VM-bytes	    294912 stack-bytes-from-system	  27780475 user+sys-ns/op
pkg: golang.org/x/benchmarks
goos: linux
goarch: amd64

# cpuprof=/tmp/10.prof.txt
# memprof=/tmp/11.prof.txt
BenchmarkJSON-1      200	  16415630 ns/op	   2837760 GC-bytes-from-system	      9553 STW-ns/GC	      2149 STW-ns/op	   4508658 allocated-bytes/op	     26800 allocs/op	  76515608 bytes-from-system	  70975488 heap-bytes-from-system	   2407448 other-bytes-from-system	  61022208 peak-RSS-bytes	1327276032 peak-VM-bytes	    294912 stack-bytes-from-system	  16429275 user+sys-ns/op
pkg: golang.org/x/benchmarks
goos: linux
goarch: amd64

# memprof=/tmp/11.prof.txt
# cpuprof=/tmp/10.prof.txt
BenchmarkJSON-1      500	  17126703 ns/op	   2828032 GC-bytes-from-system	      9644 STW-ns/GC	      2295 STW-ns/op	   4475028 allocated-bytes/op	     26793 allocs/op	  76515608 bytes-from-system	  70975488 heap-bytes-from-system	   2417176 other-bytes-from-system	  61743104 peak-RSS-bytes	1327276032 peak-VM-bytes	    294912 stack-bytes-from-system	  17151254 user+sys-ns/op
pkg: golang.org/x/benchmarks
goos: linux
goarch: amd64

# memprof=/tmp/8.prof.txt
# cpuprof=/tmp/7.prof.txt
BenchmarkJSON-1      100	  32047982 ns/op	   2789120 GC-bytes-from-system	     19240 STW-ns/GC	      4810 STW-ns/op	   4849810 allocated-bytes/op	     26826 allocs/op	  63932696 bytes-from-system	  58359808 heap-bytes-from-system	   2456088 other-bytes-from-system	  53862400 peak-RSS-bytes	1327013888 peak-VM-bytes	    327680 stack-bytes-from-system	  32076290 user+sys-ns/op
pkg: golang.org/x/benchmarks
goos: linux
goarch: amd64

# memprof=/tmp/8.prof.txt
# cpuprof=/tmp/7.prof.txt
BenchmarkJSON-1      100	  31896642 ns/op	   2599152 GC-bytes-from-system	     19616 STW-ns/GC	      4708 STW-ns/op	   4531387 allocated-bytes/op	     26821 allocs/op	  63535368 bytes-from-system	  58392576 heap-bytes-from-system	   2248728 other-bytes-from-system	  54439936 peak-RSS-bytes	1259765760 peak-VM-bytes	    294912 stack-bytes-from-system	  31915060 user+sys-ns/op
pkg: golang.org/x/benchmarks
goos: linux
goarch: amd64

# memprof=/tmp/8.prof.txt
# cpuprof=/tmp/7.prof.txt
BenchmarkJSON-1      100	  32523943 ns/op	   2753792 GC-bytes-from-system	     18554 STW-ns/GC	      4824 STW-ns/op	   4743720 allocated-bytes/op	     26825 allocs/op	  72255768 bytes-from-system	  66813952 heap-bytes-from-system	   2393112 other-bytes-from-system	  58880000 peak-RSS-bytes	1326948352 peak-VM-bytes	    294912 stack-bytes-from-system	  32582470 user+sys-ns/op
pkg: golang.org/x/benchmarks
goos: linux
goarch: amd64

# memprof=/tmp/8.prof.txt
# cpuprof=/tmp/7.prof.txt
BenchmarkJSON-1      100	  32573249 ns/op	   2687744 GC-bytes-from-system	     18760 STW-ns/GC	      4314 STW-ns/op	   4425981 allocated-bytes/op	     26823 allocs/op	  63605016 bytes-from-system	  58392576 heap-bytes-from-system	   2229784 other-bytes-from-system	  54706176 peak-RSS-bytes	1326948352 peak-VM-bytes	    294912 stack-bytes-from-system	  32557330 user+sys-ns/op
pkg: golang.org/x/benchmarks
goos: linux
goarch: amd64

# cpuprof=/tmp/7.prof.txt
# memprof=/tmp/8.prof.txt
BenchmarkJSON-1      100	  32623972 ns/op	   2653952 GC-bytes-from-system	     19167 STW-ns/GC	      4983 STW-ns/op	   4531410 allocated-bytes/op	     26822 allocs/op	  67799320 bytes-from-system	  62586880 heap-bytes-from-system	   2263576 other-bytes-from-system	  54644736 peak-RSS-bytes	1326948352 peak-VM-bytes	    294912 stack-bytes-from-system	  32645520 user+sys-ns/op
pkg: golang.org/x/benchmarks
goos: linux
goarch: amd64

# memprof=/tmp/8.prof.txt
# cpuprof=/tmp/7.prof.txt
BenchmarkJSON-1      100	  32146379 ns/op	   2605808 GC-bytes-from-system	     17108 STW-ns/GC	      4448 STW-ns/op	   4849575 allocated-bytes/op	     26824 allocs/op	  63535368 bytes-from-system	  58359808 heap-bytes-from-system	   2242072 other-bytes-from-system	  56754176 peak-RSS-bytes	1259765760 peak-VM-bytes	    327680 stack-bytes-from-system	  32160780 user+sys-ns/op
pkg: golang.org/x/benchmarks
goos: linux
goarch: amd64

# cpuprof=/tmp/7.prof.txt
# memprof=/tmp/8.prof.txt
BenchmarkJSON-1      100	  31547610 ns/op	   2736896 GC-bytes-from-system	     21509 STW-ns/GC	      5377 STW-ns/op	   4849594 allocated-bytes/op	     26825 allocs/op	  68061464 bytes-from-system	  62586880 heap-bytes-from-system	   2442776 other-bytes-from-system	  54595584 peak-RSS-bytes	1326948352 peak-VM-bytes	    294912 stack-bytes-from-system	  31588080 user+sys-ns/op
