BenchmarkPhaseChase 1 1.1131 ns/op
BenchmarkPhaseChase 1 1.1333 ns/op
BenchmarkPhaseChase 1 1.1142 ns/op
BenchmarkPhaseChase 1 1.1324 ns/op
BenchmarkPhaseChase 1 1.7450 ns/op
BenchmarkPhaseChase 1 2.0335 ns/op
BenchmarkPhaseChase 1 1.2278 ns/op
BenchmarkPhaseChase 1 1.1146 ns/op
BenchmarkPhaseChase 1 1.1118 ns/op
BenchmarkPhaseChase 1 1.3083 ns/op
BenchmarkPhaseChase 1 1.1080 ns/op
BenchmarkPhaseChase 1 1.2923 ns/op
BenchmarkPhaseChase 1 1.3894 ns/op
BenchmarkPhaseChase 1 1.7052 ns/op
BenchmarkPhaseChase 1 1.6081 ns/op
BenchmarkPhaseChase 1 1.1040 ns/op
BenchmarkPhaseChase 1 1.1088 ns/op
BenchmarkPhaseChase 1 1.1304 ns/op
BenchmarkPhaseChase 1 1.4013 ns/op
BenchmarkPhaseChase 1 1.1158 ns/op
