BenchmarkPhaseChase 1 1.6671 ns/op
BenchmarkPhaseChase 1 1.6282 ns/op
BenchmarkPhaseChase 1 1.7687 ns/op
BenchmarkPhaseChase 1 1.5939 ns/op
BenchmarkPhaseChase 1 1.4367 ns/op
BenchmarkPhaseChase 1 1.7485 ns/op
BenchmarkPhaseChase 1 1.7880 ns/op
BenchmarkPhaseChase 1 1.6395 ns/op
BenchmarkPhaseChase 1 1.7246 ns/op
BenchmarkPhaseChase 1 1.7477 ns/op
BenchmarkPhaseChase 1 1.4413 ns/op
BenchmarkPhaseChase 1 1.6503 ns/op
BenchmarkPhaseChase 1 1.6690 ns/op
BenchmarkPhaseChase 1 1.9353 ns/op
BenchmarkPhaseChase 1 1.7532 ns/op
BenchmarkPhaseChase 1 1.6339 ns/op
BenchmarkPhaseChase 1 1.7007 ns/op
BenchmarkPhaseChase 1 1.6873 ns/op
BenchmarkPhaseChase 1 1.7661 ns/op
BenchmarkPhaseChase 1 1.7937 ns/op
