BenchmarkGCCycleWall 1 5420728526 ns/op
BenchmarkGCCycleWall 1 5548742676 ns/op
BenchmarkGCCycleWall 1 5828719645 ns/op
BenchmarkGCCycleWall 1 5137054774 ns/op
BenchmarkGCCycleWall 1 6021176325 ns/op
BenchmarkGCCycleWall 1 5215994571 ns/op
BenchmarkGCCycleWall 1 5946213059 ns/op
BenchmarkGCCycleWall 1 6316609033 ns/op
BenchmarkGCCycleWall 1 6113827448 ns/op
BenchmarkGCCycleWall 1 5720601012 ns/op
BenchmarkGCCycleWall 1 5516556384 ns/op
BenchmarkGCCycleWall 1 6244339176 ns/op
BenchmarkGCCycleWall 1 6313140483 ns/op
BenchmarkGCCycleWall 1 5544969684 ns/op
BenchmarkGCCycleWall 1 6050001002 ns/op
BenchmarkGCCycleWall 1 6270352366 ns/op
BenchmarkGCCycleWall 1 5884601942 ns/op
BenchmarkGCCycleWall 1 5647834337 ns/op
BenchmarkGCCycleWall 1 5375146831 ns/op
BenchmarkGCCycleWall 1 5929986429 ns/op
BenchmarkGCCycleWall 1 5956562788 ns/op
BenchmarkGCCycleWall 1 5497535779 ns/op
BenchmarkGCCycleWall 1 5950563974 ns/op
BenchmarkGCCycleWall 1 5900655906 ns/op
BenchmarkGCCycleWall 1 6145824855 ns/op
BenchmarkGCCycleWall 1 5385563626 ns/op
BenchmarkGCCycleWall 1 6088591653 ns/op
BenchmarkGCCycleWall 1 6045041889 ns/op
BenchmarkGCCycleWall 1 6146127623 ns/op
BenchmarkGCCycleWall 1 5990186342 ns/op
BenchmarkGCCycleWall 1 5731819997 ns/op
BenchmarkGCCycleWall 1 6172464133 ns/op
BenchmarkGCCycleWall 1 5796988455 ns/op
BenchmarkGCCycleWall 1 6007820948 ns/op
BenchmarkGCCycleWall 1 5675459680 ns/op
BenchmarkGCCycleWall 1 6063230992 ns/op
BenchmarkGCCycleWall 1 5986959678 ns/op
BenchmarkGCCycleWall 1 5981861342 ns/op
BenchmarkGCCycleWall 1 6001587039 ns/op
BenchmarkGCCycleWall 1 6037430849 ns/op
BenchmarkGCCycleWall 1 6074637665 ns/op
BenchmarkGCCycleWall 1 5250879265 ns/op
BenchmarkGCCycleWall 1 5671919663 ns/op
BenchmarkGCCycleWall 1 5630248620 ns/op
BenchmarkGCCycleWall 1 5030470401 ns/op
BenchmarkGCCycleWall 1 6162645876 ns/op
BenchmarkGCCycleWall 1 6060125482 ns/op
BenchmarkGCCycleWall 1 6151006823 ns/op
BenchmarkGCCycleWall 1 5319493387 ns/op
BenchmarkGCCycleWall 1 4902962603 ns/op
BenchmarkGCCycleWall 1 5299003316 ns/op
BenchmarkGCCycleWall 1 5249115636 ns/op
BenchmarkGCCycleWall 1 5395738503 ns/op
BenchmarkGCCycleWall 1 5412172064 ns/op
BenchmarkGCCycleWall 1 5595330994 ns/op
BenchmarkGCCycleWall 1 5588142430 ns/op
BenchmarkGCCycleWall 1 5551664061 ns/op
BenchmarkGCCycleWall 1 5079831678 ns/op
BenchmarkGCCycleWall 1 5454777318 ns/op
BenchmarkGCCycleWall 1 5463550486 ns/op
BenchmarkGCCycleWall 1 5506325427 ns/op
BenchmarkGCCycleWall 1 5191901479 ns/op
BenchmarkGCCycleWall 1 5600634957 ns/op
BenchmarkGCCycleWall 1 5559771930 ns/op
BenchmarkGCCycleWall 1 5957197691 ns/op
BenchmarkGCCycleWall 1 5711444696 ns/op
BenchmarkGCCycleWall 1 5325788610 ns/op
BenchmarkGCCycleWall 1 5903825734 ns/op
BenchmarkGCCycleWall 1 5854206097 ns/op
BenchmarkGCCycleWall 1 5966878329 ns/op
BenchmarkGCCycleWall 1 5481938642 ns/op
BenchmarkGCCycleWall 1 5809394965 ns/op
BenchmarkGCCycleWall 1 5444362948 ns/op
BenchmarkGCCycleWall 1 5198178482 ns/op
BenchmarkGCCycleWall 1 5424158297 ns/op
BenchmarkGCCycleWall 1 4767306509 ns/op
BenchmarkGCCycleWall 1 4797159095 ns/op
BenchmarkGCCycleWall 1 5462169734 ns/op
BenchmarkGCCycleWall 1 5249342469 ns/op
BenchmarkGCCycleWall 1 5832355240 ns/op
