gc-pause-bench GOMAXPROCS=256 heap=4096MiB warm=10s n=8 idle=1000000 stacks=200 ptrheap=true toucher=false gcgap=1s discard=2
Allocating pointer-dense heap...
Spawning 1000000 idle + 200 stack-growing goroutines...
Warming up (10s) — letting NUMA balancer mark pages...
  2s elapsed, 0 touch passes
  4s elapsed, 0 touch passes
  6s elapsed, 0 touch passes
  8s elapsed, 0 touch passes
  10s elapsed, 0 touch passes
Warm-up done (0 touch passes).
Measuring 10 GC cycles (2 discarded, 8 measured, gcgap=1s)...
  [discard 1/2] wall=8.326792161s stw=946.922µs
  [discard 2/2] wall=6.644467419s stw=690.967µs

=== GC Pause Results ===
heap=4096  MiB  n=8     GOMAXPROCS=256   idle-goroutines=1000000  stack-goroutines=200  ptrheap=true  toucher=false  gcgap=1s  discard=2

Wall-clock time per runtime.GC() call (includes concurrent phases):
  p50=5.906675207s  p75=5.978346924s  p90=6.019322545s  p95=6.019322545s  p99=6.019322545s  max=6.019322545s
  mean=5.875176681s  total=47.001413449s  pauses>5ms: 8/8 (100.0%)

Runtime STW-only time (from MemStats.PauseNs, excludes concurrent GC):
  p50=415.145µs   p95=1.303617ms  p99=1.303617ms  max=1.303617ms  mean=580.772µs 

Notes:
  - Build with GOEXPERIMENT=numa to enable mbind(MPOL_PREFERRED) on arenas.
  - Ensure kernel.numa_balancing=1 (check: cat /proc/sys/kernel/numa_balancing).
  - Run on a machine with 2+ NUMA nodes for meaningful results.
  - Larger -heap and longer -warm show more pronounced differences.
