BenchmarkGCCycleWall 1 3639044575 ns/op
BenchmarkGCCycleWall 1 3599989181 ns/op
BenchmarkGCCycleWall 1 3706705331 ns/op
BenchmarkGCCycleWall 1 3722951295 ns/op
BenchmarkGCCycleWall 1 3554949349 ns/op
BenchmarkGCCycleWall 1 3616593421 ns/op
BenchmarkGCCycleWall 1 3708892797 ns/op
BenchmarkGCCycleWall 1 3728812803 ns/op
BenchmarkGCCycleWall 1 3959430021 ns/op
BenchmarkGCCycleWall 1 3965860699 ns/op
BenchmarkGCCycleWall 1 3788392314 ns/op
BenchmarkGCCycleWall 1 3953306099 ns/op
BenchmarkGCCycleWall 1 3907217957 ns/op
BenchmarkGCCycleWall 1 4022626396 ns/op
BenchmarkGCCycleWall 1 3952961533 ns/op
BenchmarkGCCycleWall 1 3906752743 ns/op
BenchmarkGCCycleWall 1 3901803514 ns/op
BenchmarkGCCycleWall 1 4016931686 ns/op
BenchmarkGCCycleWall 1 3847393888 ns/op
BenchmarkGCCycleWall 1 3925013932 ns/op
BenchmarkGCCycleWall 1 3927279915 ns/op
BenchmarkGCCycleWall 1 3982073377 ns/op
BenchmarkGCCycleWall 1 3999400248 ns/op
BenchmarkGCCycleWall 1 4034890167 ns/op
BenchmarkGCCycleWall 1 3640554565 ns/op
BenchmarkGCCycleWall 1 3880476794 ns/op
BenchmarkGCCycleWall 1 3796324816 ns/op
BenchmarkGCCycleWall 1 3829222892 ns/op
BenchmarkGCCycleWall 1 3867438596 ns/op
BenchmarkGCCycleWall 1 3901745675 ns/op
BenchmarkGCCycleWall 1 3806164161 ns/op
BenchmarkGCCycleWall 1 3864777763 ns/op
BenchmarkGCCycleWall 1 3658156803 ns/op
BenchmarkGCCycleWall 1 3803272404 ns/op
BenchmarkGCCycleWall 1 3654492725 ns/op
BenchmarkGCCycleWall 1 3872655971 ns/op
BenchmarkGCCycleWall 1 3865130765 ns/op
BenchmarkGCCycleWall 1 3831365958 ns/op
BenchmarkGCCycleWall 1 3855024516 ns/op
BenchmarkGCCycleWall 1 4024401894 ns/op
BenchmarkGCCycleWall 1 3932462122 ns/op
BenchmarkGCCycleWall 1 3929983198 ns/op
BenchmarkGCCycleWall 1 3665462688 ns/op
BenchmarkGCCycleWall 1 3992599587 ns/op
BenchmarkGCCycleWall 1 4003399729 ns/op
BenchmarkGCCycleWall 1 3988823488 ns/op
BenchmarkGCCycleWall 1 3976213265 ns/op
BenchmarkGCCycleWall 1 3987432467 ns/op
BenchmarkGCCycleWall 1 3928636461 ns/op
BenchmarkGCCycleWall 1 3613730130 ns/op
BenchmarkGCCycleWall 1 3742959271 ns/op
BenchmarkGCCycleWall 1 3762204689 ns/op
BenchmarkGCCycleWall 1 3703129462 ns/op
BenchmarkGCCycleWall 1 3713816915 ns/op
BenchmarkGCCycleWall 1 3674433686 ns/op
BenchmarkGCCycleWall 1 3673653857 ns/op
BenchmarkGCCycleWall 1 4312920616 ns/op
BenchmarkGCCycleWall 1 4251716095 ns/op
BenchmarkGCCycleWall 1 4321788274 ns/op
BenchmarkGCCycleWall 1 4312856942 ns/op
BenchmarkGCCycleWall 1 4324179982 ns/op
BenchmarkGCCycleWall 1 4280899647 ns/op
BenchmarkGCCycleWall 1 4052883237 ns/op
BenchmarkGCCycleWall 1 4072202201 ns/op
BenchmarkGCCycleWall 1 4222912340 ns/op
BenchmarkGCCycleWall 1 4145261747 ns/op
BenchmarkGCCycleWall 1 4315766696 ns/op
BenchmarkGCCycleWall 1 4305531778 ns/op
BenchmarkGCCycleWall 1 4288633792 ns/op
BenchmarkGCCycleWall 1 4253249769 ns/op
BenchmarkGCCycleWall 1 4296694769 ns/op
BenchmarkGCCycleWall 1 4365358200 ns/op
BenchmarkGCCycleWall 1 3953300174 ns/op
BenchmarkGCCycleWall 1 3900579252 ns/op
BenchmarkGCCycleWall 1 3565848652 ns/op
BenchmarkGCCycleWall 1 3825740786 ns/op
BenchmarkGCCycleWall 1 3696577980 ns/op
BenchmarkGCCycleWall 1 3882240752 ns/op
BenchmarkGCCycleWall 1 3900546403 ns/op
BenchmarkGCCycleWall 1 3902945312 ns/op
