BenchmarkGCCycleWall 1 3035471078 ns/op
BenchmarkGCCycleWall 1 3033303785 ns/op
BenchmarkGCCycleWall 1 3021753999 ns/op
BenchmarkGCCycleWall 1 3028351914 ns/op
BenchmarkGCCycleWall 1 3020639871 ns/op
BenchmarkGCCycleWall 1 3038217813 ns/op
BenchmarkGCCycleWall 1 3021798966 ns/op
BenchmarkGCCycleWall 1 3036056958 ns/op
BenchmarkGCCycleWall 1 3092555231 ns/op
BenchmarkGCCycleWall 1 3090663124 ns/op
BenchmarkGCCycleWall 1 3092483726 ns/op
BenchmarkGCCycleWall 1 3088802204 ns/op
BenchmarkGCCycleWall 1 3103717606 ns/op
BenchmarkGCCycleWall 1 3089797127 ns/op
BenchmarkGCCycleWall 1 3089874198 ns/op
BenchmarkGCCycleWall 1 3101536137 ns/op
BenchmarkGCCycleWall 1 3122923758 ns/op
BenchmarkGCCycleWall 1 3130836508 ns/op
BenchmarkGCCycleWall 1 3126516968 ns/op
BenchmarkGCCycleWall 1 3121798792 ns/op
BenchmarkGCCycleWall 1 3133340889 ns/op
BenchmarkGCCycleWall 1 3122503497 ns/op
BenchmarkGCCycleWall 1 3121468893 ns/op
BenchmarkGCCycleWall 1 3130134569 ns/op
BenchmarkGCCycleWall 1 3103821354 ns/op
BenchmarkGCCycleWall 1 3102250524 ns/op
BenchmarkGCCycleWall 1 3097694971 ns/op
BenchmarkGCCycleWall 1 3091142899 ns/op
BenchmarkGCCycleWall 1 3103961786 ns/op
BenchmarkGCCycleWall 1 3103293928 ns/op
BenchmarkGCCycleWall 1 3101465181 ns/op
BenchmarkGCCycleWall 1 3103277006 ns/op
BenchmarkGCCycleWall 1 3189726893 ns/op
BenchmarkGCCycleWall 1 3171388624 ns/op
BenchmarkGCCycleWall 1 3146745769 ns/op
BenchmarkGCCycleWall 1 3171666675 ns/op
BenchmarkGCCycleWall 1 3166995689 ns/op
BenchmarkGCCycleWall 1 3186490625 ns/op
BenchmarkGCCycleWall 1 3183301250 ns/op
BenchmarkGCCycleWall 1 3169330636 ns/op
BenchmarkGCCycleWall 1 3137334773 ns/op
BenchmarkGCCycleWall 1 3131169991 ns/op
BenchmarkGCCycleWall 1 3116255943 ns/op
BenchmarkGCCycleWall 1 3121596979 ns/op
BenchmarkGCCycleWall 1 3127078249 ns/op
BenchmarkGCCycleWall 1 3133466653 ns/op
BenchmarkGCCycleWall 1 3125661155 ns/op
BenchmarkGCCycleWall 1 3121507619 ns/op
BenchmarkGCCycleWall 1 3123793730 ns/op
BenchmarkGCCycleWall 1 3115876023 ns/op
BenchmarkGCCycleWall 1 3119805048 ns/op
BenchmarkGCCycleWall 1 3110585721 ns/op
BenchmarkGCCycleWall 1 3107788578 ns/op
BenchmarkGCCycleWall 1 3116055978 ns/op
BenchmarkGCCycleWall 1 3107979120 ns/op
BenchmarkGCCycleWall 1 3117120875 ns/op
BenchmarkGCCycleWall 1 3192018121 ns/op
BenchmarkGCCycleWall 1 3183203010 ns/op
BenchmarkGCCycleWall 1 3178317785 ns/op
BenchmarkGCCycleWall 1 3192541730 ns/op
BenchmarkGCCycleWall 1 3179305847 ns/op
BenchmarkGCCycleWall 1 3180119559 ns/op
BenchmarkGCCycleWall 1 3180729384 ns/op
BenchmarkGCCycleWall 1 3181821438 ns/op
BenchmarkGCCycleWall 1 3288472479 ns/op
BenchmarkGCCycleWall 1 3263160568 ns/op
BenchmarkGCCycleWall 1 3274983690 ns/op
BenchmarkGCCycleWall 1 3272738309 ns/op
BenchmarkGCCycleWall 1 3265985278 ns/op
BenchmarkGCCycleWall 1 3254922483 ns/op
BenchmarkGCCycleWall 1 3272398231 ns/op
BenchmarkGCCycleWall 1 3266053826 ns/op
BenchmarkGCCycleWall 1 3125025529 ns/op
BenchmarkGCCycleWall 1 3094599072 ns/op
BenchmarkGCCycleWall 1 3098702157 ns/op
BenchmarkGCCycleWall 1 3119843391 ns/op
BenchmarkGCCycleWall 1 3103290971 ns/op
BenchmarkGCCycleWall 1 3094699595 ns/op
BenchmarkGCCycleWall 1 3099602558 ns/op
BenchmarkGCCycleWall 1 3091944162 ns/op
