BenchmarkGCCycleWall 1 3174977283 ns/op
BenchmarkGCCycleWall 1 3171701696 ns/op
BenchmarkGCCycleWall 1 3178128134 ns/op
BenchmarkGCCycleWall 1 3168580123 ns/op
BenchmarkGCCycleWall 1 3165755616 ns/op
BenchmarkGCCycleWall 1 3180069916 ns/op
BenchmarkGCCycleWall 1 3170846514 ns/op
BenchmarkGCCycleWall 1 3170708817 ns/op
BenchmarkGCCycleWall 1 3207335260 ns/op
BenchmarkGCCycleWall 1 3207428014 ns/op
BenchmarkGCCycleWall 1 3204521476 ns/op
BenchmarkGCCycleWall 1 3212882390 ns/op
BenchmarkGCCycleWall 1 3182682451 ns/op
BenchmarkGCCycleWall 1 3215558840 ns/op
BenchmarkGCCycleWall 1 3202281770 ns/op
BenchmarkGCCycleWall 1 3201505369 ns/op
BenchmarkGCCycleWall 1 3129567243 ns/op
BenchmarkGCCycleWall 1 3131689558 ns/op
BenchmarkGCCycleWall 1 3131007151 ns/op
BenchmarkGCCycleWall 1 3130026289 ns/op
BenchmarkGCCycleWall 1 3131283372 ns/op
BenchmarkGCCycleWall 1 3118329594 ns/op
BenchmarkGCCycleWall 1 3131373133 ns/op
BenchmarkGCCycleWall 1 3140048662 ns/op
BenchmarkGCCycleWall 1 3115581003 ns/op
BenchmarkGCCycleWall 1 3126476352 ns/op
BenchmarkGCCycleWall 1 3110473716 ns/op
BenchmarkGCCycleWall 1 3114341015 ns/op
BenchmarkGCCycleWall 1 3125796476 ns/op
BenchmarkGCCycleWall 1 3118283303 ns/op
BenchmarkGCCycleWall 1 3114188946 ns/op
BenchmarkGCCycleWall 1 3131878779 ns/op
BenchmarkGCCycleWall 1 3092734888 ns/op
BenchmarkGCCycleWall 1 3087053493 ns/op
BenchmarkGCCycleWall 1 3084441951 ns/op
BenchmarkGCCycleWall 1 3090310954 ns/op
BenchmarkGCCycleWall 1 3088664504 ns/op
BenchmarkGCCycleWall 1 3082334255 ns/op
BenchmarkGCCycleWall 1 3094876868 ns/op
BenchmarkGCCycleWall 1 3077668090 ns/op
BenchmarkGCCycleWall 1 3245542675 ns/op
BenchmarkGCCycleWall 1 3257356302 ns/op
BenchmarkGCCycleWall 1 3241571725 ns/op
BenchmarkGCCycleWall 1 3240801655 ns/op
BenchmarkGCCycleWall 1 3247829115 ns/op
BenchmarkGCCycleWall 1 3240024269 ns/op
BenchmarkGCCycleWall 1 3247350516 ns/op
BenchmarkGCCycleWall 1 3250923027 ns/op
BenchmarkGCCycleWall 1 3337545283 ns/op
BenchmarkGCCycleWall 1 3371122603 ns/op
BenchmarkGCCycleWall 1 3360308273 ns/op
BenchmarkGCCycleWall 1 3352127924 ns/op
BenchmarkGCCycleWall 1 3353299294 ns/op
BenchmarkGCCycleWall 1 3343814497 ns/op
BenchmarkGCCycleWall 1 3353770375 ns/op
BenchmarkGCCycleWall 1 3352182668 ns/op
BenchmarkGCCycleWall 1 2972284361 ns/op
BenchmarkGCCycleWall 1 3032956412 ns/op
BenchmarkGCCycleWall 1 3031544903 ns/op
BenchmarkGCCycleWall 1 3024986057 ns/op
BenchmarkGCCycleWall 1 3022089964 ns/op
BenchmarkGCCycleWall 1 3019192416 ns/op
BenchmarkGCCycleWall 1 3029196647 ns/op
BenchmarkGCCycleWall 1 3030678873 ns/op
BenchmarkGCCycleWall 1 3070141280 ns/op
BenchmarkGCCycleWall 1 3084881078 ns/op
BenchmarkGCCycleWall 1 3087773619 ns/op
BenchmarkGCCycleWall 1 3080041957 ns/op
BenchmarkGCCycleWall 1 3084190756 ns/op
BenchmarkGCCycleWall 1 3081537797 ns/op
BenchmarkGCCycleWall 1 3092732350 ns/op
BenchmarkGCCycleWall 1 3077888976 ns/op
BenchmarkGCCycleWall 1 3370675109 ns/op
BenchmarkGCCycleWall 1 3374719404 ns/op
BenchmarkGCCycleWall 1 3374085246 ns/op
BenchmarkGCCycleWall 1 3382447241 ns/op
BenchmarkGCCycleWall 1 3389245079 ns/op
BenchmarkGCCycleWall 1 3377043346 ns/op
BenchmarkGCCycleWall 1 3364920766 ns/op
BenchmarkGCCycleWall 1 3376068502 ns/op
