gc-pause-bench GOMAXPROCS=128 heap=4096MiB warm=45s n=8 idle=1000000 stacks=200 ptrheap=true toucher=false gcgap=5s discard=2
Allocating pointer-dense heap...
Spawning 1000000 idle + 200 stack-growing goroutines...
Warming up (45s) — letting NUMA balancer mark pages...
  2s elapsed, 0 touch passes
  4s elapsed, 0 touch passes
  6s elapsed, 0 touch passes
  8s elapsed, 0 touch passes
  10s elapsed, 0 touch passes
  12s elapsed, 0 touch passes
  14s elapsed, 0 touch passes
  16s elapsed, 0 touch passes
  18s elapsed, 0 touch passes
  20s elapsed, 0 touch passes
  22s elapsed, 0 touch passes
  24s elapsed, 0 touch passes
  26s elapsed, 0 touch passes
  28s elapsed, 0 touch passes
  30s elapsed, 0 touch passes
  32s elapsed, 0 touch passes
  34s elapsed, 0 touch passes
  36s elapsed, 0 touch passes
  38s elapsed, 0 touch passes
  40s elapsed, 0 touch passes
  42s elapsed, 0 touch passes
  44s elapsed, 0 touch passes
  46s elapsed, 0 touch passes
Warm-up done (0 touch passes).
Measuring 10 GC cycles (2 discarded, 8 measured, gcgap=5s)...
  [discard 1/2] wall=5.287673273s stw=310.964µs
  [discard 2/2] wall=3.704684253s stw=545.965µs

=== GC Pause Results ===
heap=4096  MiB  n=8     GOMAXPROCS=128   idle-goroutines=1000000  stack-goroutines=200  ptrheap=true  toucher=false  gcgap=5s  discard=2

Wall-clock time per runtime.GC() call (includes concurrent phases):
  p50=3.639044575s  p75=3.708892797s  p90=3.728812803s  p95=3.728812803s  p99=3.728812803s  max=3.728812803s
  mean=3.659742344s  total=29.277938752s  pauses>5ms: 8/8 (100.0%)

Runtime STW-only time (from MemStats.PauseNs, excludes concurrent GC):
  p50=216.63µs    p95=400.406µs   p99=400.406µs   max=400.406µs   mean=240.85µs  

Notes:
  - Build with GOEXPERIMENT=numa to enable mbind(MPOL_PREFERRED) on arenas.
  - Ensure kernel.numa_balancing=1 (check: cat /proc/sys/kernel/numa_balancing).
  - Run on a machine with 2+ NUMA nodes for meaningful results.
  - Larger -heap and longer -warm show more pronounced differences.
gc-pause-bench GOMAXPROCS=128 heap=4096MiB warm=45s n=8 idle=1000000 stacks=200 ptrheap=true toucher=false gcgap=5s discard=2
Allocating pointer-dense heap...
Spawning 1000000 idle + 200 stack-growing goroutines...
Warming up (45s) — letting NUMA balancer mark pages...
  2s elapsed, 0 touch passes
  4s elapsed, 0 touch passes
  6s elapsed, 0 touch passes
  8s elapsed, 0 touch passes
  10s elapsed, 0 touch passes
  12s elapsed, 0 touch passes
  14s elapsed, 0 touch passes
  16s elapsed, 0 touch passes
  18s elapsed, 0 touch passes
  20s elapsed, 0 touch passes
  22s elapsed, 0 touch passes
  24s elapsed, 0 touch passes
  26s elapsed, 0 touch passes
  28s elapsed, 0 touch passes
  30s elapsed, 0 touch passes
  32s elapsed, 0 touch passes
  34s elapsed, 0 touch passes
  36s elapsed, 0 touch passes
  38s elapsed, 0 touch passes
  40s elapsed, 0 touch passes
  42s elapsed, 0 touch passes
  44s elapsed, 0 touch passes
  46s elapsed, 0 touch passes
Warm-up done (0 touch passes).
Measuring 10 GC cycles (2 discarded, 8 measured, gcgap=5s)...
  [discard 1/2] wall=5.525047425s stw=301.735µs
  [discard 2/2] wall=3.805168739s stw=283.08µs

=== GC Pause Results ===
heap=4096  MiB  n=8     GOMAXPROCS=128   idle-goroutines=1000000  stack-goroutines=200  ptrheap=true  toucher=false  gcgap=5s  discard=2

Wall-clock time per runtime.GC() call (includes concurrent phases):
  p50=3.952961533s  p75=3.959430021s  p90=4.022626396s  p95=4.022626396s  p99=4.022626396s  max=4.022626396s
  mean=3.93206847s  total=31.456547762s  pauses>5ms: 8/8 (100.0%)

Runtime STW-only time (from MemStats.PauseNs, excludes concurrent GC):
  p50=216.027µs   p95=466.345µs   p99=466.345µs   max=466.345µs   mean=248.094µs 

Notes:
  - Build with GOEXPERIMENT=numa to enable mbind(MPOL_PREFERRED) on arenas.
  - Ensure kernel.numa_balancing=1 (check: cat /proc/sys/kernel/numa_balancing).
  - Run on a machine with 2+ NUMA nodes for meaningful results.
  - Larger -heap and longer -warm show more pronounced differences.
gc-pause-bench GOMAXPROCS=128 heap=4096MiB warm=45s n=8 idle=1000000 stacks=200 ptrheap=true toucher=false gcgap=5s discard=2
Allocating pointer-dense heap...
Spawning 1000000 idle + 200 stack-growing goroutines...
Warming up (45s) — letting NUMA balancer mark pages...
  2s elapsed, 0 touch passes
  4s elapsed, 0 touch passes
  6s elapsed, 0 touch passes
  8s elapsed, 0 touch passes
  10s elapsed, 0 touch passes
  12s elapsed, 0 touch passes
  14s elapsed, 0 touch passes
  16s elapsed, 0 touch passes
  18s elapsed, 0 touch passes
  20s elapsed, 0 touch passes
  22s elapsed, 0 touch passes
  24s elapsed, 0 touch passes
  26s elapsed, 0 touch passes
  28s elapsed, 0 touch passes
  30s elapsed, 0 touch passes
  32s elapsed, 0 touch passes
  34s elapsed, 0 touch passes
  36s elapsed, 0 touch passes
  38s elapsed, 0 touch passes
  40s elapsed, 0 touch passes
  42s elapsed, 0 touch passes
  44s elapsed, 0 touch passes
  46s elapsed, 0 touch passes
Warm-up done (0 touch passes).
Measuring 10 GC cycles (2 discarded, 8 measured, gcgap=5s)...
  [discard 1/2] wall=5.429632785s stw=271.089µs
  [discard 2/2] wall=3.969136532s stw=187.671µs

=== GC Pause Results ===
heap=4096  MiB  n=8     GOMAXPROCS=128   idle-goroutines=1000000  stack-goroutines=200  ptrheap=true  toucher=false  gcgap=5s  discard=2

Wall-clock time per runtime.GC() call (includes concurrent phases):
  p50=3.927279915s  p75=3.999400248s  p90=4.034890167s  p95=4.034890167s  p99=4.034890167s  max=4.034890167s
  mean=3.95434834s  total=31.634786727s  pauses>5ms: 8/8 (100.0%)

Runtime STW-only time (from MemStats.PauseNs, excludes concurrent GC):
  p50=213.995µs   p95=405.559µs   p99=405.559µs   max=405.559µs   mean=263.023µs 

Notes:
  - Build with GOEXPERIMENT=numa to enable mbind(MPOL_PREFERRED) on arenas.
  - Ensure kernel.numa_balancing=1 (check: cat /proc/sys/kernel/numa_balancing).
  - Run on a machine with 2+ NUMA nodes for meaningful results.
  - Larger -heap and longer -warm show more pronounced differences.
gc-pause-bench GOMAXPROCS=128 heap=4096MiB warm=45s n=8 idle=1000000 stacks=200 ptrheap=true toucher=false gcgap=5s discard=2
Allocating pointer-dense heap...
Spawning 1000000 idle + 200 stack-growing goroutines...
Warming up (45s) — letting NUMA balancer mark pages...
  2s elapsed, 0 touch passes
  4s elapsed, 0 touch passes
  6s elapsed, 0 touch passes
  8s elapsed, 0 touch passes
  10s elapsed, 0 touch passes
  12s elapsed, 0 touch passes
  14s elapsed, 0 touch passes
  16s elapsed, 0 touch passes
  18s elapsed, 0 touch passes
  20s elapsed, 0 touch passes
  22s elapsed, 0 touch passes
  24s elapsed, 0 touch passes
  26s elapsed, 0 touch passes
  28s elapsed, 0 touch passes
  30s elapsed, 0 touch passes
  32s elapsed, 0 touch passes
  34s elapsed, 0 touch passes
  36s elapsed, 0 touch passes
  38s elapsed, 0 touch passes
  40s elapsed, 0 touch passes
  42s elapsed, 0 touch passes
  44s elapsed, 0 touch passes
  46s elapsed, 0 touch passes
Warm-up done (0 touch passes).
Measuring 10 GC cycles (2 discarded, 8 measured, gcgap=5s)...
  [discard 1/2] wall=4.627539302s stw=283.947µs
  [discard 2/2] wall=3.862830138s stw=145.265µs

=== GC Pause Results ===
heap=4096  MiB  n=8     GOMAXPROCS=128   idle-goroutines=1000000  stack-goroutines=200  ptrheap=true  toucher=false  gcgap=5s  discard=2

Wall-clock time per runtime.GC() call (includes concurrent phases):
  p50=3.829222892s  p75=3.867438596s  p90=3.901745675s  p95=3.901745675s  p99=3.901745675s  max=3.901745675s
  mean=3.823338157s  total=30.586705262s  pauses>5ms: 8/8 (100.0%)

Runtime STW-only time (from MemStats.PauseNs, excludes concurrent GC):
  p50=205.921µs   p95=684.548µs   p99=684.548µs   max=684.548µs   mean=306.289µs 

Notes:
  - Build with GOEXPERIMENT=numa to enable mbind(MPOL_PREFERRED) on arenas.
  - Ensure kernel.numa_balancing=1 (check: cat /proc/sys/kernel/numa_balancing).
  - Run on a machine with 2+ NUMA nodes for meaningful results.
  - Larger -heap and longer -warm show more pronounced differences.
gc-pause-bench GOMAXPROCS=128 heap=4096MiB warm=45s n=8 idle=1000000 stacks=200 ptrheap=true toucher=false gcgap=5s discard=2
Allocating pointer-dense heap...
Spawning 1000000 idle + 200 stack-growing goroutines...
Warming up (45s) — letting NUMA balancer mark pages...
  2s elapsed, 0 touch passes
  4s elapsed, 0 touch passes
  6s elapsed, 0 touch passes
  8s elapsed, 0 touch passes
  10s elapsed, 0 touch passes
  12s elapsed, 0 touch passes
  14s elapsed, 0 touch passes
  16s elapsed, 0 touch passes
  18s elapsed, 0 touch passes
  20s elapsed, 0 touch passes
  22s elapsed, 0 touch passes
  24s elapsed, 0 touch passes
  26s elapsed, 0 touch passes
  28s elapsed, 0 touch passes
  30s elapsed, 0 touch passes
  32s elapsed, 0 touch passes
  34s elapsed, 0 touch passes
  36s elapsed, 0 touch passes
  38s elapsed, 0 touch passes
  40s elapsed, 0 touch passes
  42s elapsed, 0 touch passes
  44s elapsed, 0 touch passes
  46s elapsed, 0 touch passes
Warm-up done (0 touch passes).
Measuring 10 GC cycles (2 discarded, 8 measured, gcgap=5s)...
  [discard 1/2] wall=4.512587496s stw=181.485µs
  [discard 2/2] wall=4.029256593s stw=154.643µs

=== GC Pause Results ===
heap=4096  MiB  n=8     GOMAXPROCS=128   idle-goroutines=1000000  stack-goroutines=200  ptrheap=true  toucher=false  gcgap=5s  discard=2

Wall-clock time per runtime.GC() call (includes concurrent phases):
  p50=3.831365958s  p75=3.865130765s  p90=4.024401894s  p95=4.024401894s  p99=4.024401894s  max=4.024401894s
  mean=3.820562629s  total=30.564501036s  pauses>5ms: 8/8 (100.0%)

Runtime STW-only time (from MemStats.PauseNs, excludes concurrent GC):
  p50=196.921µs   p95=332.318µs   p99=332.318µs   max=332.318µs   mean=216.56µs  

Notes:
  - Build with GOEXPERIMENT=numa to enable mbind(MPOL_PREFERRED) on arenas.
  - Ensure kernel.numa_balancing=1 (check: cat /proc/sys/kernel/numa_balancing).
  - Run on a machine with 2+ NUMA nodes for meaningful results.
  - Larger -heap and longer -warm show more pronounced differences.
gc-pause-bench GOMAXPROCS=128 heap=4096MiB warm=45s n=8 idle=1000000 stacks=200 ptrheap=true toucher=false gcgap=5s discard=2
Allocating pointer-dense heap...
Spawning 1000000 idle + 200 stack-growing goroutines...
Warming up (45s) — letting NUMA balancer mark pages...
  2s elapsed, 0 touch passes
  4s elapsed, 0 touch passes
  6s elapsed, 0 touch passes
  8s elapsed, 0 touch passes
  10s elapsed, 0 touch passes
  12s elapsed, 0 touch passes
  14s elapsed, 0 touch passes
  16s elapsed, 0 touch passes
  18s elapsed, 0 touch passes
  20s elapsed, 0 touch passes
  22s elapsed, 0 touch passes
  24s elapsed, 0 touch passes
  26s elapsed, 0 touch passes
  28s elapsed, 0 touch passes
  30s elapsed, 0 touch passes
  32s elapsed, 0 touch passes
  34s elapsed, 0 touch passes
  36s elapsed, 0 touch passes
  38s elapsed, 0 touch passes
  40s elapsed, 0 touch passes
  42s elapsed, 0 touch passes
  44s elapsed, 0 touch passes
  46s elapsed, 0 touch passes
Warm-up done (0 touch passes).
Measuring 10 GC cycles (2 discarded, 8 measured, gcgap=5s)...
  [discard 1/2] wall=5.061816689s stw=202.48µs
  [discard 2/2] wall=3.423341234s stw=275.749µs

=== GC Pause Results ===
heap=4096  MiB  n=8     GOMAXPROCS=128   idle-goroutines=1000000  stack-goroutines=200  ptrheap=true  toucher=false  gcgap=5s  discard=2

Wall-clock time per runtime.GC() call (includes concurrent phases):
  p50=3.976213265s  p75=3.988823488s  p90=4.003399729s  p95=4.003399729s  p99=4.003399729s  max=4.003399729s
  mean=3.934547068s  total=31.476376544s  pauses>5ms: 8/8 (100.0%)

Runtime STW-only time (from MemStats.PauseNs, excludes concurrent GC):
  p50=197.25µs    p95=543.71µs    p99=543.71µs    max=543.71µs    mean=246.525µs 

Notes:
  - Build with GOEXPERIMENT=numa to enable mbind(MPOL_PREFERRED) on arenas.
  - Ensure kernel.numa_balancing=1 (check: cat /proc/sys/kernel/numa_balancing).
  - Run on a machine with 2+ NUMA nodes for meaningful results.
  - Larger -heap and longer -warm show more pronounced differences.
gc-pause-bench GOMAXPROCS=128 heap=4096MiB warm=45s n=8 idle=1000000 stacks=200 ptrheap=true toucher=false gcgap=5s discard=2
Allocating pointer-dense heap...
Spawning 1000000 idle + 200 stack-growing goroutines...
Warming up (45s) — letting NUMA balancer mark pages...
  2s elapsed, 0 touch passes
  4s elapsed, 0 touch passes
  6s elapsed, 0 touch passes
  8s elapsed, 0 touch passes
  10s elapsed, 0 touch passes
  12s elapsed, 0 touch passes
  14s elapsed, 0 touch passes
  16s elapsed, 0 touch passes
  18s elapsed, 0 touch passes
  20s elapsed, 0 touch passes
  22s elapsed, 0 touch passes
  24s elapsed, 0 touch passes
  26s elapsed, 0 touch passes
  28s elapsed, 0 touch passes
  30s elapsed, 0 touch passes
  32s elapsed, 0 touch passes
  34s elapsed, 0 touch passes
  36s elapsed, 0 touch passes
  38s elapsed, 0 touch passes
  40s elapsed, 0 touch passes
  42s elapsed, 0 touch passes
  44s elapsed, 0 touch passes
  46s elapsed, 0 touch passes
Warm-up done (0 touch passes).
Measuring 10 GC cycles (2 discarded, 8 measured, gcgap=5s)...
  [discard 1/2] wall=5.512863684s stw=171.847µs
  [discard 2/2] wall=3.952903823s stw=229.77µs

=== GC Pause Results ===
heap=4096  MiB  n=8     GOMAXPROCS=128   idle-goroutines=1000000  stack-goroutines=200  ptrheap=true  toucher=false  gcgap=5s  discard=2

Wall-clock time per runtime.GC() call (includes concurrent phases):
  p50=3.703129462s  p75=3.742959271s  p90=3.928636461s  p95=3.928636461s  p99=3.928636461s  max=3.928636461s
  mean=3.726570558s  total=29.812564471s  pauses>5ms: 8/8 (100.0%)

Runtime STW-only time (from MemStats.PauseNs, excludes concurrent GC):
  p50=214.474µs   p95=698.864µs   p99=698.864µs   max=698.864µs   mean=324.7µs   

Notes:
  - Build with GOEXPERIMENT=numa to enable mbind(MPOL_PREFERRED) on arenas.
  - Ensure kernel.numa_balancing=1 (check: cat /proc/sys/kernel/numa_balancing).
  - Run on a machine with 2+ NUMA nodes for meaningful results.
  - Larger -heap and longer -warm show more pronounced differences.
gc-pause-bench GOMAXPROCS=128 heap=4096MiB warm=45s n=8 idle=1000000 stacks=200 ptrheap=true toucher=false gcgap=5s discard=2
Allocating pointer-dense heap...
Spawning 1000000 idle + 200 stack-growing goroutines...
Warming up (45s) — letting NUMA balancer mark pages...
  2s elapsed, 0 touch passes
  4s elapsed, 0 touch passes
  6s elapsed, 0 touch passes
  8s elapsed, 0 touch passes
  10s elapsed, 0 touch passes
  12s elapsed, 0 touch passes
  14s elapsed, 0 touch passes
  16s elapsed, 0 touch passes
  18s elapsed, 0 touch passes
  20s elapsed, 0 touch passes
  22s elapsed, 0 touch passes
  24s elapsed, 0 touch passes
  26s elapsed, 0 touch passes
  28s elapsed, 0 touch passes
  30s elapsed, 0 touch passes
  32s elapsed, 0 touch passes
  34s elapsed, 0 touch passes
  36s elapsed, 0 touch passes
  38s elapsed, 0 touch passes
  40s elapsed, 0 touch passes
  42s elapsed, 0 touch passes
  44s elapsed, 0 touch passes
  46s elapsed, 0 touch passes
Warm-up done (0 touch passes).
Measuring 10 GC cycles (2 discarded, 8 measured, gcgap=5s)...
  [discard 1/2] wall=5.940495181s stw=295.255µs
  [discard 2/2] wall=4.21554689s stw=463.391µs

=== GC Pause Results ===
heap=4096  MiB  n=8     GOMAXPROCS=128   idle-goroutines=1000000  stack-goroutines=200  ptrheap=true  toucher=false  gcgap=5s  discard=2

Wall-clock time per runtime.GC() call (includes concurrent phases):
  p50=4.280899647s  p75=4.312920616s  p90=4.324179982s  p95=4.324179982s  p99=4.324179982s  max=4.324179982s
  mean=4.241180874s  total=33.929446994s  pauses>5ms: 8/8 (100.0%)

Runtime STW-only time (from MemStats.PauseNs, excludes concurrent GC):
  p50=213.235µs   p95=1.062182ms  p99=1.062182ms  max=1.062182ms  mean=341.353µs 

Notes:
  - Build with GOEXPERIMENT=numa to enable mbind(MPOL_PREFERRED) on arenas.
  - Ensure kernel.numa_balancing=1 (check: cat /proc/sys/kernel/numa_balancing).
  - Run on a machine with 2+ NUMA nodes for meaningful results.
  - Larger -heap and longer -warm show more pronounced differences.
gc-pause-bench GOMAXPROCS=128 heap=4096MiB warm=45s n=8 idle=1000000 stacks=200 ptrheap=true toucher=false gcgap=5s discard=2
Allocating pointer-dense heap...
Spawning 1000000 idle + 200 stack-growing goroutines...
Warming up (45s) — letting NUMA balancer mark pages...
  2s elapsed, 0 touch passes
  4s elapsed, 0 touch passes
  6s elapsed, 0 touch passes
  8s elapsed, 0 touch passes
  10s elapsed, 0 touch passes
  12s elapsed, 0 touch passes
  14s elapsed, 0 touch passes
  16s elapsed, 0 touch passes
  18s elapsed, 0 touch passes
  20s elapsed, 0 touch passes
  22s elapsed, 0 touch passes
  24s elapsed, 0 touch passes
  26s elapsed, 0 touch passes
  28s elapsed, 0 touch passes
  30s elapsed, 0 touch passes
  32s elapsed, 0 touch passes
  34s elapsed, 0 touch passes
  36s elapsed, 0 touch passes
  38s elapsed, 0 touch passes
  40s elapsed, 0 touch passes
  42s elapsed, 0 touch passes
  44s elapsed, 0 touch passes
  46s elapsed, 0 touch passes
Warm-up done (0 touch passes).
Measuring 10 GC cycles (2 discarded, 8 measured, gcgap=5s)...
  [discard 1/2] wall=5.296537061s stw=210.604µs
  [discard 2/2] wall=3.970769866s stw=695.103µs

=== GC Pause Results ===
heap=4096  MiB  n=8     GOMAXPROCS=128   idle-goroutines=1000000  stack-goroutines=200  ptrheap=true  toucher=false  gcgap=5s  discard=2

Wall-clock time per runtime.GC() call (includes concurrent phases):
  p50=4.288633792s  p75=4.305531778s  p90=4.3653582s  p95=4.3653582s  p99=4.3653582s  max=4.3653582s
  mean=4.274176136s  total=34.193409091s  pauses>5ms: 8/8 (100.0%)

Runtime STW-only time (from MemStats.PauseNs, excludes concurrent GC):
  p50=198.689µs   p95=579.443µs   p99=579.443µs   max=579.443µs   mean=265.655µs 

Notes:
  - Build with GOEXPERIMENT=numa to enable mbind(MPOL_PREFERRED) on arenas.
  - Ensure kernel.numa_balancing=1 (check: cat /proc/sys/kernel/numa_balancing).
  - Run on a machine with 2+ NUMA nodes for meaningful results.
  - Larger -heap and longer -warm show more pronounced differences.
gc-pause-bench GOMAXPROCS=128 heap=4096MiB warm=45s n=8 idle=1000000 stacks=200 ptrheap=true toucher=false gcgap=5s discard=2
Allocating pointer-dense heap...
Spawning 1000000 idle + 200 stack-growing goroutines...
Warming up (45s) — letting NUMA balancer mark pages...
  2s elapsed, 0 touch passes
  4s elapsed, 0 touch passes
  6s elapsed, 0 touch passes
  8s elapsed, 0 touch passes
  10s elapsed, 0 touch passes
  12s elapsed, 0 touch passes
  14s elapsed, 0 touch passes
  16s elapsed, 0 touch passes
  18s elapsed, 0 touch passes
  20s elapsed, 0 touch passes
  22s elapsed, 0 touch passes
  24s elapsed, 0 touch passes
  26s elapsed, 0 touch passes
  28s elapsed, 0 touch passes
  30s elapsed, 0 touch passes
  32s elapsed, 0 touch passes
  34s elapsed, 0 touch passes
  36s elapsed, 0 touch passes
  38s elapsed, 0 touch passes
  40s elapsed, 0 touch passes
  42s elapsed, 0 touch passes
  44s elapsed, 0 touch passes
  46s elapsed, 0 touch passes
Warm-up done (0 touch passes).
Measuring 10 GC cycles (2 discarded, 8 measured, gcgap=5s)...
  [discard 1/2] wall=4.737383197s stw=204.999µs
  [discard 2/2] wall=4.054782062s stw=146.054µs

=== GC Pause Results ===
heap=4096  MiB  n=8     GOMAXPROCS=128   idle-goroutines=1000000  stack-goroutines=200  ptrheap=true  toucher=false  gcgap=5s  discard=2

Wall-clock time per runtime.GC() call (includes concurrent phases):
  p50=3.882240752s  p75=3.900579252s  p90=3.953300174s  p95=3.953300174s  p99=3.953300174s  max=3.953300174s
  mean=3.828472413s  total=30.627779311s  pauses>5ms: 8/8 (100.0%)

Runtime STW-only time (from MemStats.PauseNs, excludes concurrent GC):
  p50=238.531µs   p95=629.021µs   p99=629.021µs   max=629.021µs   mean=270.874µs 

Notes:
  - Build with GOEXPERIMENT=numa to enable mbind(MPOL_PREFERRED) on arenas.
  - Ensure kernel.numa_balancing=1 (check: cat /proc/sys/kernel/numa_balancing).
  - Run on a machine with 2+ NUMA nodes for meaningful results.
  - Larger -heap and longer -warm show more pronounced differences.
