pkg: golang.org/x/benchmarks
goos: linux
goarch: amd64

consumption=3767KB npkg=445
# cpuprof=/tmp/10.prof.txt
# memprof=/tmp/11.prof.txt
BenchmarkGarbage/benchmem-MB=4096-256    10000	   3209194 ns/op	 131572880 GC-bytes-from-system	  28338005 STW-ns/GC	     45340 STW-ns/op	   6222130 allocated-bytes/op	    145209 allocs/op	9684967640 bytes-from-system	9335832576 heap-bytes-from-system	 201440328 other-bytes-from-system	9621307392 peak-RSS-bytes	10982645760 peak-VM-bytes	  16121856 stack-bytes-from-system	 235798855 user+sys-ns/op
pkg: golang.org/x/benchmarks
goos: linux
goarch: amd64

consumption=3766KB npkg=445
# memprof=/tmp/11.prof.txt
# cpuprof=/tmp/10.prof.txt
BenchmarkGarbage/benchmem-MB=4096-256    10000	   3190850 ns/op	 133500528 GC-bytes-from-system	  26769603 STW-ns/GC	     42831 STW-ns/op	   6221849 allocated-bytes/op	    145207 allocs/op	9649725624 bytes-from-system	9298903040 heap-bytes-from-system	 201790024 other-bytes-from-system	9578250240 peak-RSS-bytes	10851631104 peak-VM-bytes	  15532032 stack-bytes-from-system	 243172325 user+sys-ns/op
pkg: golang.org/x/benchmarks
goos: linux
goarch: amd64

consumption=3768KB npkg=445
# cpuprof=/tmp/10.prof.txt
# memprof=/tmp/11.prof.txt
BenchmarkGarbage/benchmem-MB=4096-256    10000	   3242472 ns/op	 138023088 GC-bytes-from-system	  33414553 STW-ns/GC	     53463 STW-ns/op	   6222251 allocated-bytes/op	    145209 allocs/op	9848938744 bytes-from-system	9490661376 heap-bytes-from-system	 204263496 other-bytes-from-system	9766158336 peak-RSS-bytes	11125841920 peak-VM-bytes	  15990784 stack-bytes-from-system	 245206991 user+sys-ns/op
pkg: golang.org/x/benchmarks
goos: linux
goarch: amd64

consumption=3772KB npkg=444
# memprof=/tmp/11.prof.txt
# cpuprof=/tmp/10.prof.txt
BenchmarkGarbage/benchmem-MB=4096-256    10000	   2736409 ns/op	 141145776 GC-bytes-from-system	  26494979 STW-ns/GC	     42391 STW-ns/op	   6221768 allocated-bytes/op	    145207 allocs/op	9828770040 bytes-from-system	9467527168 heap-bytes-from-system	 204302920 other-bytes-from-system	9528430592 peak-RSS-bytes	11126120448 peak-VM-bytes	  15794176 stack-bytes-from-system	 227771181 user+sys-ns/op
pkg: golang.org/x/benchmarks
goos: linux
goarch: amd64

consumption=3770KB npkg=444
# cpuprof=/tmp/10.prof.txt
# memprof=/tmp/11.prof.txt
BenchmarkGarbage/benchmem-MB=4096-256    10000	   3362109 ns/op	 132933248 GC-bytes-from-system	  25289802 STW-ns/GC	     40463 STW-ns/op	   6222580 allocated-bytes/op	    145210 allocs/op	9624010952 bytes-from-system	9271803904 heap-bytes-from-system	 203381320 other-bytes-from-system	9547190272 peak-RSS-bytes	10917150720 peak-VM-bytes	  15892480 stack-bytes-from-system	 235940196 user+sys-ns/op
pkg: golang.org/x/benchmarks
goos: linux
goarch: amd64

consumption=3767KB npkg=445
# memprof=/tmp/11.prof.txt
# cpuprof=/tmp/10.prof.txt
BenchmarkGarbage/benchmem-MB=4096-256    10000	   3277488 ns/op	 144427232 GC-bytes-from-system	  27031413 STW-ns/GC	     43250 STW-ns/op	   6222003 allocated-bytes/op	    145208 allocs/op	10034889000 bytes-from-system	9669050368 heap-bytes-from-system	 205649992 other-bytes-from-system	9959993344 peak-RSS-bytes	11328045056 peak-VM-bytes	  15761408 stack-bytes-from-system	 243014111 user+sys-ns/op
pkg: golang.org/x/benchmarks
goos: linux
goarch: amd64

consumption=3765KB npkg=445
# memprof=/tmp/11.prof.txt
# cpuprof=/tmp/10.prof.txt
BenchmarkGarbage/benchmem-MB=4096-256    10000	   3100797 ns/op	 139765488 GC-bytes-from-system	  34002501 STW-ns/GC	     51003 STW-ns/op	   6222187 allocated-bytes/op	    145209 allocs/op	10165772600 bytes-from-system	9799532544 heap-bytes-from-system	 211335752 other-bytes-from-system	9865105408 peak-RSS-bytes	11406491648 peak-VM-bytes	  15138816 stack-bytes-from-system	 234674234 user+sys-ns/op
pkg: golang.org/x/benchmarks
goos: linux
goarch: amd64

consumption=3766KB npkg=445
# memprof=/tmp/11.prof.txt
# cpuprof=/tmp/10.prof.txt
BenchmarkGarbage/benchmem-MB=4096-256    10000	   2930586 ns/op	 135114880 GC-bytes-from-system	  30448325 STW-ns/GC	     48717 STW-ns/op	   6222539 allocated-bytes/op	    145210 allocs/op	9649819848 bytes-from-system	9296904192 heap-bytes-from-system	 201973832 other-bytes-from-system	9576030208 peak-RSS-bytes	10917888000 peak-VM-bytes	  15826944 stack-bytes-from-system	 225460341 user+sys-ns/op
pkg: golang.org/x/benchmarks
goos: linux
goarch: amd64

consumption=3766KB npkg=445
# memprof=/tmp/11.prof.txt
# cpuprof=/tmp/10.prof.txt
BenchmarkGarbage/benchmem-MB=4096-256    10000	   3211565 ns/op	 134491232 GC-bytes-from-system	  32621700 STW-ns/GC	     52194 STW-ns/op	   6222872 allocated-bytes/op	    145212 allocs/op	9526276264 bytes-from-system	9175498752 heap-bytes-from-system	 200557640 other-bytes-from-system	9376280576 peak-RSS-bytes	10781663232 peak-VM-bytes	  15728640 stack-bytes-from-system	 253731644 user+sys-ns/op
pkg: golang.org/x/benchmarks
goos: linux
goarch: amd64

consumption=3768KB npkg=445
# memprof=/tmp/11.prof.txt
# cpuprof=/tmp/10.prof.txt
BenchmarkGarbage/benchmem-MB=4096-256    10000	   3165595 ns/op	 140413136 GC-bytes-from-system	  34162873 STW-ns/GC	     51244 STW-ns/op	   6222774 allocated-bytes/op	    145211 allocs/op	10006901016 bytes-from-system	9643753472 heap-bytes-from-system	 207005768 other-bytes-from-system	9922048000 peak-RSS-bytes	11267375104 peak-VM-bytes	  15728640 stack-bytes-from-system	 252790924 user+sys-ns/op
