BenchmarkMalloc8  	66962233	        15.09 ns/op
BenchmarkMalloc16 	47362921	        24.16 ns/op
BenchmarkMalloc8  	79605764	        15.03 ns/op
BenchmarkMalloc16 	46588140	        24.13 ns/op
BenchmarkMalloc8  	80602666	        14.88 ns/op
BenchmarkMalloc16 	48417146	        23.97 ns/op
BenchmarkMalloc8  	67200048	        14.98 ns/op
BenchmarkMalloc16 	48768525	        23.95 ns/op
BenchmarkMalloc8  	67339999	        14.87 ns/op
BenchmarkMalloc16 	48484879	        23.86 ns/op
BenchmarkMalloc8  	67673542	        15.20 ns/op
BenchmarkMalloc16 	46644879	        24.19 ns/op
BenchmarkMalloc8  	71836693	        14.87 ns/op
BenchmarkMalloc16 	49035130	        23.90 ns/op
BenchmarkMalloc8  	71864931	        14.57 ns/op
BenchmarkMalloc16 	49156377	        23.23 ns/op
BenchmarkMalloc8  	167635773	         7.148 ns/op
BenchmarkMalloc16 	97814665	        11.56 ns/op
BenchmarkMalloc8  	70049701	        14.50 ns/op
BenchmarkMalloc16 	104499087	        11.49 ns/op
