BenchmarkMalloc8  	74248057	        15.99 ns/op
BenchmarkMalloc16 	46576652	        25.07 ns/op
BenchmarkMalloc8  	71300192	        16.14 ns/op
BenchmarkMalloc16 	46883080	        25.08 ns/op
BenchmarkMalloc8  	72527110	        16.00 ns/op
BenchmarkMalloc16 	45422756	        25.19 ns/op
BenchmarkMalloc8  	69070010	        16.13 ns/op
BenchmarkMalloc16 	45722272	        25.12 ns/op
BenchmarkMalloc8  	68659798	        16.06 ns/op
BenchmarkMalloc16 	48353677	        24.97 ns/op
BenchmarkMalloc8  	71234372	        16.05 ns/op
BenchmarkMalloc16 	46162978	        24.99 ns/op
BenchmarkMalloc8  	76486285	        15.49 ns/op
BenchmarkMalloc16 	47957948	        24.00 ns/op
BenchmarkMalloc8  	157024728	         7.628 ns/op
BenchmarkMalloc16 	95932155	        11.78 ns/op
BenchmarkMalloc8  	73568985	        15.49 ns/op
BenchmarkMalloc16 	100348395	        12.01 ns/op
BenchmarkMalloc8  	157003944	         7.639 ns/op
BenchmarkMalloc16 	97028799	        11.82 ns/op
