pkg: golang.org/x/benchmarks
goos: linux
goarch: amd64

# memprof=/tmp/11.prof.txt
# cpuprof=/tmp/10.prof.txt
BenchmarkJSON-256     2000	   2095556 ns/op	  30021344 GC-bytes-from-system	  32183081 STW-ns/GC	    193098 STW-ns/op	   7830364 allocated-bytes/op	     26830 allocs/op	5410283256 bytes-from-system	5293113344 heap-bytes-from-system	  69814296 other-bytes-from-system	4973846528 peak-RSS-bytes	6652948480 peak-VM-bytes	  17334272 stack-bytes-from-system	 162378270 user+sys-ns/op
pkg: golang.org/x/benchmarks
goos: linux
goarch: amd64

# memprof=/tmp/14.prof.txt
# cpuprof=/tmp/13.prof.txt
BenchmarkJSON-256     5000	   2249536 ns/op	  40426048 GC-bytes-from-system	  42131173 STW-ns/GC	    160098 STW-ns/op	   7828034 allocated-bytes/op	     26808 allocs/op	6905893080 bytes-from-system	6770589696 heap-bytes-from-system	  75609752 other-bytes-from-system	6612893696 peak-RSS-bytes	8144453632 peak-VM-bytes	  19267584 stack-bytes-from-system	 275637284 user+sys-ns/op
pkg: golang.org/x/benchmarks
goos: linux
goarch: amd64

# memprof=/tmp/11.prof.txt
# cpuprof=/tmp/10.prof.txt
BenchmarkJSON-256     2000	   2817010 ns/op	  26029568 GC-bytes-from-system	  32705339 STW-ns/GC	    261642 STW-ns/op	  10139449 allocated-bytes/op	     26840 allocs/op	4507393560 bytes-from-system	4390879232 heap-bytes-from-system	  69840920 other-bytes-from-system	4205637632 peak-RSS-bytes	5712261120 peak-VM-bytes	  20643840 stack-bytes-from-system	 211253139 user+sys-ns/op
pkg: golang.org/x/benchmarks
goos: linux
goarch: amd64

# memprof=/tmp/14.prof.txt
# cpuprof=/tmp/13.prof.txt
BenchmarkJSON-256     2000	   1943262 ns/op	  33914464 GC-bytes-from-system	  37214715 STW-ns/GC	    148858 STW-ns/op	   7790879 allocated-bytes/op	     26823 allocs/op	7005651192 bytes-from-system	6878560256 heap-bytes-from-system	  76300952 other-bytes-from-system	6680903680 peak-RSS-bytes	8277770240 peak-VM-bytes	  16875520 stack-bytes-from-system	 154753297 user+sys-ns/op
pkg: golang.org/x/benchmarks
goos: linux
goarch: amd64

# cpuprof=/tmp/10.prof.txt
# memprof=/tmp/11.prof.txt
BenchmarkJSON-256     2000	   2359635 ns/op	  47387248 GC-bytes-from-system	  36601781 STW-ns/GC	    128106 STW-ns/op	   6417134 allocated-bytes/op	     26809 allocs/op	9274461128 bytes-from-system	9110847488 heap-bytes-from-system	  98662744 other-bytes-from-system	8960147456 peak-RSS-bytes	10525741056 peak-VM-bytes	  17563648 stack-bytes-from-system	 126316925 user+sys-ns/op
pkg: golang.org/x/benchmarks
goos: linux
goarch: amd64

# memprof=/tmp/11.prof.txt
# cpuprof=/tmp/10.prof.txt
BenchmarkJSON-256     1000	   3864423 ns/op	  26967440 GC-bytes-from-system	  48871381 STW-ns/GC	    146614 STW-ns/op	   6039763 allocated-bytes/op	     26836 allocs/op	6119940136 bytes-from-system	6001000448 heap-bytes-from-system	  74736280 other-bytes-from-system	5870407680 peak-RSS-bytes	7396139008 peak-VM-bytes	  17235968 stack-bytes-from-system	 341584111 user+sys-ns/op
pkg: golang.org/x/benchmarks
goos: linux
goarch: amd64

# memprof=/tmp/11.prof.txt
# cpuprof=/tmp/10.prof.txt
BenchmarkJSON-256     2000	   1627481 ns/op	  45007264 GC-bytes-from-system	  39840685 STW-ns/GC	     59761 STW-ns/op	   5365384 allocated-bytes/op	     26812 allocs/op	10577149176 bytes-from-system	10409639936 heap-bytes-from-system	 105102168 other-bytes-from-system	10268086272 peak-RSS-bytes	11807526912 peak-VM-bytes	  17399808 stack-bytes-from-system	 109398359 user+sys-ns/op
pkg: golang.org/x/benchmarks
goos: linux
goarch: amd64

# memprof=/tmp/11.prof.txt
# cpuprof=/tmp/10.prof.txt
BenchmarkJSON-256     2000	   2600160 ns/op	  26027568 GC-bytes-from-system	  32448516 STW-ns/GC	    227139 STW-ns/op	   9006029 allocated-bytes/op	     26835 allocs/op	4676288072 bytes-from-system	4560453632 heap-bytes-from-system	  71096344 other-bytes-from-system	4571242496 peak-RSS-bytes	5914726400 peak-VM-bytes	  18710528 stack-bytes-from-system	 189927407 user+sys-ns/op
pkg: golang.org/x/benchmarks
goos: linux
goarch: amd64

# memprof=/tmp/14.prof.txt
# cpuprof=/tmp/13.prof.txt
BenchmarkJSON-256     5000	   1835048 ns/op	  99713040 GC-bytes-from-system	  43102063 STW-ns/GC	     25861 STW-ns/op	   4487882 allocated-bytes/op	     26790 allocs/op	19767392824 bytes-from-system	19448070144 heap-bytes-from-system	 201914920 other-bytes-from-system	19397885952 peak-RSS-bytes	21019254784 peak-VM-bytes	  17694720 stack-bytes-from-system	 113069849 user+sys-ns/op
pkg: golang.org/x/benchmarks
goos: linux
goarch: amd64

# memprof=/tmp/11.prof.txt
# cpuprof=/tmp/10.prof.txt
BenchmarkJSON-256     2000	   2263148 ns/op	  24800992 GC-bytes-from-system	  37702307 STW-ns/GC	    207362 STW-ns/op	   8333413 allocated-bytes/op	     26832 allocs/op	5392772856 bytes-from-system	5279186944 heap-bytes-from-system	  70565912 other-bytes-from-system	5157670912 peak-RSS-bytes	6652227584 peak-VM-bytes	  18219008 stack-bytes-from-system	 157767008 user+sys-ns/op
pkg: golang.org/x/benchmarks
goos: linux
goarch: amd64

# memprof=/tmp/11.prof.txt
# cpuprof=/tmp/10.prof.txt
BenchmarkJSON-256     1000	   3070659 ns/op	  28473104 GC-bytes-from-system	  43674474 STW-ns/GC	    218372 STW-ns/op	   8254088 allocated-bytes/op	     26846 allocs/op	7753470248 bytes-from-system	7637204992 heap-bytes-from-system	  70392344 other-bytes-from-system	7581913088 peak-RSS-bytes	9004404736 peak-VM-bytes	  17399808 stack-bytes-from-system	 188187481 user+sys-ns/op
pkg: golang.org/x/benchmarks
goos: linux
goarch: amd64

# memprof=/tmp/11.prof.txt
# cpuprof=/tmp/10.prof.txt
BenchmarkJSON-256     1000	   3486562 ns/op	  27724208 GC-bytes-from-system	  32123462 STW-ns/GC	    128493 STW-ns/op	   6166779 allocated-bytes/op	     26835 allocs/op	6316298312 bytes-from-system	6197903360 heap-bytes-from-system	  74221208 other-bytes-from-system	6274576384 peak-RSS-bytes	7529594880 peak-VM-bytes	  16449536 stack-bytes-from-system	 270427255 user+sys-ns/op
pkg: golang.org/x/benchmarks
goos: linux
goarch: amd64

# memprof=/tmp/14.prof.txt
# cpuprof=/tmp/13.prof.txt
BenchmarkJSON-256     5000	   1820978 ns/op	  52799584 GC-bytes-from-system	  43698594 STW-ns/GC	    139835 STW-ns/op	   6752772 allocated-bytes/op	     26807 allocs/op	11311197624 bytes-from-system	11139809280 heap-bytes-from-system	 101549400 other-bytes-from-system	10996178944 peak-RSS-bytes	12617117696 peak-VM-bytes	  17039360 stack-bytes-from-system	 154369631 user+sys-ns/op
pkg: golang.org/x/benchmarks
goos: linux
goarch: amd64

# memprof=/tmp/11.prof.txt
# cpuprof=/tmp/10.prof.txt
BenchmarkJSON-256     2000	   2757136 ns/op	  24315952 GC-bytes-from-system	  28829238 STW-ns/GC	    216219 STW-ns/op	   9969490 allocated-bytes/op	     26838 allocs/op	4649430600 bytes-from-system	4535123968 heap-bytes-from-system	  70100504 other-bytes-from-system	4395741184 peak-RSS-bytes	5913022464 peak-VM-bytes	  19890176 stack-bytes-from-system	 196858655 user+sys-ns/op
pkg: golang.org/x/benchmarks
goos: linux
goarch: amd64

# memprof=/tmp/14.prof.txt
# cpuprof=/tmp/13.prof.txt
BenchmarkJSON-256     5000	   1805545 ns/op	  56377952 GC-bytes-from-system	  37655935 STW-ns/GC	    143092 STW-ns/op	   7718794 allocated-bytes/op	     26812 allocs/op	11372805560 bytes-from-system	11197775872 heap-bytes-from-system	 100858712 other-bytes-from-system	11115737088 peak-RSS-bytes	12620001280 peak-VM-bytes	  17793024 stack-bytes-from-system	 166845435 user+sys-ns/op
pkg: golang.org/x/benchmarks
goos: linux
goarch: amd64

# memprof=/tmp/14.prof.txt
# cpuprof=/tmp/13.prof.txt
BenchmarkJSON-256     5000	   2126650 ns/op	  53781360 GC-bytes-from-system	  38231599 STW-ns/GC	    175865 STW-ns/op	   8578171 allocated-bytes/op	     26812 allocs/op	10317216968 bytes-from-system	10141073408 heap-bytes-from-system	 104831320 other-bytes-from-system	10044850176 peak-RSS-bytes	11614687232 peak-VM-bytes	  17530880 stack-bytes-from-system	 184728652 user+sys-ns/op
pkg: golang.org/x/benchmarks
goos: linux
goarch: amd64

# memprof=/tmp/14.prof.txt
# cpuprof=/tmp/13.prof.txt
BenchmarkJSON-256     5000	   2132510 ns/op	  45732000 GC-bytes-from-system	  33533487 STW-ns/GC	    160960 STW-ns/op	   8757073 allocated-bytes/op	     26816 allocs/op	9483672568 bytes-from-system	9320595456 heap-bytes-from-system	  97225560 other-bytes-from-system	9247027200 peak-RSS-bytes	10726567936 peak-VM-bytes	  20119552 stack-bytes-from-system	 193427503 user+sys-ns/op
pkg: golang.org/x/benchmarks
goos: linux
goarch: amd64

# memprof=/tmp/11.prof.txt
# cpuprof=/tmp/10.prof.txt
BenchmarkJSON-256     2000	   1556866 ns/op	  47967696 GC-bytes-from-system	  37242031 STW-ns/GC	     37242 STW-ns/op	   6375996 allocated-bytes/op	     26814 allocs/op	12913610536 bytes-from-system	12736561152 heap-bytes-from-system	 111911256 other-bytes-from-system	12587442176 peak-RSS-bytes	14165094400 peak-VM-bytes	  17170432 stack-bytes-from-system	 102301964 user+sys-ns/op
pkg: golang.org/x/benchmarks
goos: linux
goarch: amd64

# memprof=/tmp/11.prof.txt
# cpuprof=/tmp/10.prof.txt
BenchmarkJSON-256     1000	   3856919 ns/op	  29982592 GC-bytes-from-system	  38946499 STW-ns/GC	    155785 STW-ns/op	   5976795 allocated-bytes/op	     26837 allocs/op	6067413016 bytes-from-system	5947097088 heap-bytes-from-system	  73130136 other-bytes-from-system	6019047424 peak-RSS-bytes	7330832384 peak-VM-bytes	  17203200 stack-bytes-from-system	 317859038 user+sys-ns/op
pkg: golang.org/x/benchmarks
goos: linux
goarch: amd64

# memprof=/tmp/11.prof.txt
# cpuprof=/tmp/10.prof.txt
BenchmarkJSON-256     1000	   3036090 ns/op	  27626016 GC-bytes-from-system	  44659534 STW-ns/GC	     89319 STW-ns/op	   6575913 allocated-bytes/op	     26821 allocs/op	6768824504 bytes-from-system	6650986496 heap-bytes-from-system	  73139864 other-bytes-from-system	6727196672 peak-RSS-bytes	7998922752 peak-VM-bytes	  17072128 stack-bytes-from-system	 222311565 user+sys-ns/op
pkg: golang.org/x/benchmarks
goos: linux
goarch: amd64

# cpuprof=/tmp/13.prof.txt
# memprof=/tmp/14.prof.txt
BenchmarkJSON-256     5000	   2028767 ns/op	  54753808 GC-bytes-from-system	  36216109 STW-ns/GC	    159350 STW-ns/op	   8426049 allocated-bytes/op	     26813 allocs/op	11062988136 bytes-from-system	10887954432 heap-bytes-from-system	 103043928 other-bytes-from-system	10804559872 peak-RSS-bytes	12285005824 peak-VM-bytes	  17235968 stack-bytes-from-system	 182161021 user+sys-ns/op
pkg: golang.org/x/benchmarks
goos: linux
goarch: amd64

# memprof=/tmp/11.prof.txt
# cpuprof=/tmp/10.prof.txt
BenchmarkJSON-256     1000	   3340520 ns/op	  20313840 GC-bytes-from-system	  31250842 STW-ns/GC	    375010 STW-ns/op	  11276512 allocated-bytes/op	     26870 allocs/op	3260191240 bytes-from-system	3152117760 heap-bytes-from-system	  68983576 other-bytes-from-system	3203710976 peak-RSS-bytes	4565663744 peak-VM-bytes	  18776064 stack-bytes-from-system	 186183816 user+sys-ns/op
pkg: golang.org/x/benchmarks
goos: linux
goarch: amd64

# memprof=/tmp/17.prof.txt
# cpuprof=/tmp/16.prof.txt
BenchmarkJSON-256     5000	   1923044 ns/op	  69959200 GC-bytes-from-system	  38458075 STW-ns/GC	     84607 STW-ns/op	   5992752 allocated-bytes/op	     26799 allocs/op	13323072664 bytes-from-system	13096484864 heap-bytes-from-system	 137524856 other-bytes-from-system	12969652224 peak-RSS-bytes	14549401600 peak-VM-bytes	  19103744 stack-bytes-from-system	 147646914 user+sys-ns/op
pkg: golang.org/x/benchmarks
goos: linux
goarch: amd64

# cpuprof=/tmp/13.prof.txt
# memprof=/tmp/14.prof.txt
BenchmarkJSON-256     2000	   1883716 ns/op	  44182352 GC-bytes-from-system	  41686603 STW-ns/GC	    125059 STW-ns/op	   7028678 allocated-bytes/op	     26822 allocs/op	10154810536 bytes-from-system	10001448960 heap-bytes-from-system	  92270936 other-bytes-from-system	9911975936 peak-RSS-bytes	11456401408 peak-VM-bytes	  16908288 stack-bytes-from-system	 156907952 user+sys-ns/op
pkg: golang.org/x/benchmarks
goos: linux
goarch: amd64

# memprof=/tmp/11.prof.txt
# cpuprof=/tmp/10.prof.txt
BenchmarkJSON-256     2000	   2312871 ns/op	  29273808 GC-bytes-from-system	  36752277 STW-ns/GC	    220513 STW-ns/op	   8651526 allocated-bytes/op	     26835 allocs/op	5312569064 bytes-from-system	5194842112 heap-bytes-from-system	  69873688 other-bytes-from-system	5136498688 peak-RSS-bytes	6584586240 peak-VM-bytes	  18579456 stack-bytes-from-system	 167573087 user+sys-ns/op
pkg: golang.org/x/benchmarks
goos: linux
goarch: amd64

# memprof=/tmp/11.prof.txt
# cpuprof=/tmp/10.prof.txt
BenchmarkJSON-256     2000	   2606378 ns/op	  25746416 GC-bytes-from-system	  39286272 STW-ns/GC	    235717 STW-ns/op	   8736056 allocated-bytes/op	     26835 allocs/op	4445650440 bytes-from-system	4329832448 heap-bytes-from-system	  70410776 other-bytes-from-system	4393246720 peak-RSS-bytes	5646323712 peak-VM-bytes	  19660800 stack-bytes-from-system	 191150412 user+sys-ns/op
pkg: golang.org/x/benchmarks
goos: linux
goarch: amd64

# memprof=/tmp/14.prof.txt
# cpuprof=/tmp/13.prof.txt
BenchmarkJSON-256     5000	   2098047 ns/op	  50119664 GC-bytes-from-system	  34540148 STW-ns/GC	    151976 STW-ns/op	   8164725 allocated-bytes/op	     26816 allocs/op	10927844680 bytes-from-system	10760814592 heap-bytes-from-system	  98363736 other-bytes-from-system	10623758336 peak-RSS-bytes	12141465600 peak-VM-bytes	  18546688 stack-bytes-from-system	 190410579 user+sys-ns/op
pkg: golang.org/x/benchmarks
goos: linux
goarch: amd64

# memprof=/tmp/11.prof.txt
# cpuprof=/tmp/10.prof.txt
BenchmarkJSON-256     2000	   2354269 ns/op	  37708896 GC-bytes-from-system	  38512860 STW-ns/GC	    173307 STW-ns/op	   7694648 allocated-bytes/op	     26819 allocs/op	7024517368 bytes-from-system	6886326272 heap-bytes-from-system	  82984088 other-bytes-from-system	6971359232 peak-RSS-bytes	8288256000 peak-VM-bytes	  17498112 stack-bytes-from-system	 132582410 user+sys-ns/op
pkg: golang.org/x/benchmarks
goos: linux
goarch: amd64

# memprof=/tmp/11.prof.txt
# cpuprof=/tmp/10.prof.txt
BenchmarkJSON-256     2000	   2099088 ns/op	  50843888 GC-bytes-from-system	  39524003 STW-ns/GC	     79048 STW-ns/op	   7600389 allocated-bytes/op	     26822 allocs/op	11976285768 bytes-from-system	11804409856 heap-bytes-from-system	 103828824 other-bytes-from-system	11742220288 peak-RSS-bytes	13219254272 peak-VM-bytes	  17203200 stack-bytes-from-system	 127716862 user+sys-ns/op
pkg: golang.org/x/benchmarks
goos: linux
goarch: amd64

# memprof=/tmp/11.prof.txt
# cpuprof=/tmp/10.prof.txt
BenchmarkJSON-256     2000	   2157316 ns/op	  25269984 GC-bytes-from-system	  31674797 STW-ns/GC	    174211 STW-ns/op	   8300996 allocated-bytes/op	     26830 allocs/op	5411852024 bytes-from-system	5298978816 heap-bytes-from-system	  69613592 other-bytes-from-system	5361098752 peak-RSS-bytes	6650327040 peak-VM-bytes	  17989632 stack-bytes-from-system	 155659814 user+sys-ns/op
