BenchmarkMalloc8  	140312449	         8.351 ns/op
BenchmarkMalloc16 	87653160	        12.46 ns/op
BenchmarkMalloc8  	143879494	         8.291 ns/op
BenchmarkMalloc16 	86686918	        12.38 ns/op
BenchmarkMalloc8  	142753692	         8.220 ns/op
BenchmarkMalloc16 	86445484	        12.43 ns/op
BenchmarkMalloc8  	145564384	         8.480 ns/op
BenchmarkMalloc16 	88209739	        12.68 ns/op
BenchmarkMalloc8  	136069245	         8.422 ns/op
BenchmarkMalloc16 	94962615	        12.41 ns/op
BenchmarkMalloc8  	140467749	         8.287 ns/op
BenchmarkMalloc16 	87987086	        12.35 ns/op
BenchmarkMalloc8  	146215195	         8.303 ns/op
BenchmarkMalloc16 	88065301	        12.60 ns/op
BenchmarkMalloc8  	142402462	         8.298 ns/op
BenchmarkMalloc16 	87351495	        12.48 ns/op
BenchmarkMalloc8  	141969352	         8.253 ns/op
BenchmarkMalloc16 	88357519	        12.69 ns/op
BenchmarkMalloc8  	145768797	         8.354 ns/op
BenchmarkMalloc16 	95277909	        12.45 ns/op
BenchmarkMalloc8  	138380263	         8.266 ns/op
BenchmarkMalloc16 	87536373	        12.79 ns/op
BenchmarkMalloc8  	144973665	         8.350 ns/op
BenchmarkMalloc16 	86795472	        12.43 ns/op
BenchmarkMalloc8  	141837699	         8.251 ns/op
BenchmarkMalloc16 	88478329	        12.41 ns/op
BenchmarkMalloc8  	142678622	         8.353 ns/op
BenchmarkMalloc16 	86651301	        12.82 ns/op
BenchmarkMalloc8  	143026018	         8.606 ns/op
BenchmarkMalloc16 	95771614	        12.47 ns/op
BenchmarkMalloc8  	142465423	         8.243 ns/op
BenchmarkMalloc16 	87890112	        12.34 ns/op
BenchmarkMalloc8  	142421839	         8.419 ns/op
BenchmarkMalloc16 	87096216	        12.32 ns/op
BenchmarkMalloc8  	145116444	         8.478 ns/op
BenchmarkMalloc16 	83988718	        12.78 ns/op
BenchmarkMalloc8  	142717411	         8.249 ns/op
BenchmarkMalloc16 	86477566	        12.64 ns/op
BenchmarkMalloc8  	141828200	         8.484 ns/op
BenchmarkMalloc16 	79738028	        12.94 ns/op
