BenchmarkMalloc8  	144586957	         8.346 ns/op
BenchmarkMalloc16 	85411586	        13.63 ns/op
BenchmarkMalloc8  	136259944	         8.929 ns/op
BenchmarkMalloc16 	84411757	        12.70 ns/op
BenchmarkMalloc8  	140519929	         8.270 ns/op
BenchmarkMalloc16 	83863578	        12.78 ns/op
BenchmarkMalloc8  	144641751	         8.334 ns/op
BenchmarkMalloc16 	81872556	        12.63 ns/op
BenchmarkMalloc8  	145379323	         8.250 ns/op
BenchmarkMalloc16 	84046714	        12.63 ns/op
BenchmarkMalloc8  	139573450	         8.418 ns/op
BenchmarkMalloc16 	84128770	        12.94 ns/op
BenchmarkMalloc8  	144653455	         8.586 ns/op
BenchmarkMalloc16 	83628424	        12.76 ns/op
BenchmarkMalloc8  	138923077	         8.347 ns/op
BenchmarkMalloc16 	85169922	        12.70 ns/op
BenchmarkMalloc8  	143453583	         8.452 ns/op
BenchmarkMalloc16 	87783826	        12.55 ns/op
BenchmarkMalloc8  	145749207	         8.253 ns/op
BenchmarkMalloc16 	83413224	        12.60 ns/op
BenchmarkMalloc8  	144306136	         8.318 ns/op
BenchmarkMalloc16 	84607342	        13.17 ns/op
BenchmarkMalloc8  	144828483	         8.480 ns/op
BenchmarkMalloc16 	83786964	        12.58 ns/op
BenchmarkMalloc8  	140134016	         8.362 ns/op
BenchmarkMalloc16 	83491311	        12.69 ns/op
BenchmarkMalloc8  	144504326	         8.338 ns/op
BenchmarkMalloc16 	83895121	        12.68 ns/op
BenchmarkMalloc8  	144239781	         8.315 ns/op
BenchmarkMalloc16 	84309561	        12.78 ns/op
BenchmarkMalloc8  	142621164	         8.296 ns/op
BenchmarkMalloc16 	85405617	        12.97 ns/op
BenchmarkMalloc8  	144770175	         8.569 ns/op
BenchmarkMalloc16 	84652309	        12.65 ns/op
BenchmarkMalloc8  	136478544	         8.334 ns/op
BenchmarkMalloc16 	85507686	        12.94 ns/op
BenchmarkMalloc8  	144248596	         8.295 ns/op
BenchmarkMalloc16 	84554714	        12.65 ns/op
BenchmarkMalloc8  	142652088	         8.346 ns/op
BenchmarkMalloc16 	84951367	        12.63 ns/op
