numa: soft affinity eligible (process started with full affinity)
numa: nodes 2 allowed 2
numa: confinement declined: GOMAXPROCS exceeds node
numa: soft affinity narrowed M to node 0
numa: soft affinity narrowed M to node 0
numa: soft affinity narrowed M to node 1
numa: soft affinity narrowed M to node 0
numa: soft affinity narrowed M to node 1
numa: soft affinity narrowed M to node 0
numa: soft affinity narrowed M to node 0
numa: soft affinity narrowed M to node 0
numa: soft affinity narrowed M to node 0
numa: soft affinity narrowed M to node 1
numa: soft affinity narrowed M to node 1
numa: soft affinity narrowed M to node 1
numa: soft affinity narrowed M to node 0
numa: soft affinity narrowed M to node 0
numa: soft affinity narrowed M to node 1
numa: soft affinity narrowed M to node 0
numa: soft affinity narrowed M to node 0
numa: soft affinity narrowed M to node 0
numa: soft affinity narrowed M to node 0
numa: soft affinity narrowed M to node 1
numa: soft affinity narrowed M to node 0
numa: soft affinity narrowed M to node 0
numa: soft affinity narrowed M to node 1
numa: soft affinity narrowed M to node 0
numa: soft affinity narrowed M to node 0
numa: soft affinity narrowed M to node 0
numa: soft affinity narrowed M to node 0
numa: soft affinity narrowed M to node 0
numa: soft affinity narrowed M to node 1
numa: soft affinity narrowed M to node 0
numa: soft affinity narrowed M to node 0
numa: soft affinity narrowed M to node 0
numa: soft affinity narrowed M to node 1
numa: soft affinity narrowed M to node 0
numa: soft affinity narrowed M to node 0
numa: soft affinity narrowed M to node 1
numa: soft affinity narrowed M to node 0
numa: soft affinity narrowed M to node 1
numa: soft affinity narrowed M to node 0
numa: soft affinity narrowed M to node 0
numa: soft affinity narrowed M to node 1
numa: soft affinity narrowed M to node 0
numa: soft affinity narrowed M to node 0
numa: soft affinity narrowed M to node 0
numa: soft affinity narrowed M to node 1
numa: soft affinity narrowed M to node 0
numa: soft affinity narrowed M to node 0
numa: soft affinity narrowed M to node 0
numa: soft affinity narrowed M to node 1
numa: soft affinity narrowed M to node 0
numa: soft affinity narrowed M to node 0
numa: soft affinity narrowed M to node 0
numa: soft affinity narrowed M to node 1
numa: soft affinity narrowed M to node 0
numa: soft affinity narrowed M to node 1
numa: soft affinity narrowed M to node 0
numa: soft affinity narrowed M to node 1
numa: soft affinity narrowed M to node 0
numa: soft affinity narrowed M to node 0
numa: soft affinity narrowed M to node 1
numa: soft affinity narrowed M to node 0
numa: soft affinity narrowed M to node 0
numa: soft affinity narrowed M to node 0
numa: soft affinity narrowed M to node 0
numa: soft affinity narrowed M to node 1
numa: soft affinity narrowed M to node 1
numa: soft affinity narrowed M to node 0
numa: soft affinity narrowed M to node 0
numa: soft affinity narrowed M to node 0
numa: soft affinity narrowed M to node 0
numa: soft affinity narrowed M to node 1
numa: soft affinity narrowed M to node 1
numa: soft affinity narrowed M to node 0
numa: soft affinity narrowed M to node 1
numa: soft affinity narrowed M to node 1
numa: soft affinity narrowed M to node 1
numa: soft affinity narrowed M to node 0
numa: soft affinity narrowed M to node 0
numa: soft affinity narrowed M to node 1
numa: soft affinity narrowed M to node 0
numa: soft affinity narrowed M to node 1
numa: soft affinity narrowed M to node 1
numa: soft affinity narrowed M to node 1
numa: soft affinity narrowed M to node 0
numa: soft affinity narrowed M to node 1
numa: soft affinity narrowed M to node 1
numa: soft affinity narrowed M to node 1
numa: soft affinity narrowed M to node 1
numa: soft affinity narrowed M to node 1
numa: soft affinity narrowed M to node 0
numa: soft affinity narrowed M to node 1
numa: soft affinity narrowed M to node 0
numa: soft affinity narrowed M to node 1
numa: soft affinity narrowed M to node 0
numa: soft affinity narrowed M to node 0
numa: soft affinity narrowed M to node 1
numa: soft affinity narrowed M to node 0
numa: soft affinity narrowed M to node 1
numa: soft affinity narrowed M to node 0
numa: soft affinity narrowed M to node 1
numa: soft affinity narrowed M to node 0
numa: soft affinity narrowed M to node 0
numa: soft affinity narrowed M to node 1
numa: soft affinity narrowed M to node 1
numa: soft affinity narrowed M to node 1
numa: soft affinity narrowed M to node 0
numa: soft affinity narrowed M to node 0
numa: soft affinity narrowed M to node 1
numa: soft affinity narrowed M to node 1
numa: soft affinity narrowed M to node 1
numa: soft affinity narrowed M to node 1
numa: soft affinity narrowed M to node 0
numa: soft affinity narrowed M to node 1
numa: soft affinity narrowed M to node 0
numa: soft affinity narrowed M to node 0
numa: soft affinity narrowed M to node 1
numa: soft affinity narrowed M to node 0
numa: soft affinity narrowed M to node 1
numa: soft affinity narrowed M to node 1
numa: soft affinity narrowed M to node 0
numa: soft affinity narrowed M to node 1
numa: soft affinity narrowed M to node 1
numa: soft affinity narrowed M to node 0
numa: soft affinity narrowed M to node 1
numa: soft affinity narrowed M to node 1
numa: soft affinity narrowed M to node 1
numa: soft affinity narrowed M to node 1
numa: soft affinity narrowed M to node 1
numa: soft affinity narrowed M to node 1
numa: soft affinity narrowed M to node 1
numa: soft affinity narrowed M to node 1
numa: soft affinity narrowed M to node 1
numa: soft affinity narrowed M to node 1
numa: soft affinity narrowed M to node 0
numa: soft affinity narrowed M to node 0
numa: soft affinity narrowed M to node 1
numa: soft affinity narrowed M to node 1
numa: soft affinity narrowed M to node 1
numa: soft affinity narrowed M to node 0
numa: soft affinity narrowed M to node 0
numa: soft affinity narrowed M to node 1
numa: soft affinity narrowed M to node 0
numa: soft affinity narrowed M to node 1
numa: soft affinity narrowed M to node 1
numa: soft affinity narrowed M to node 1
numa: soft affinity narrowed M to node 0
numa: soft affinity narrowed M to node 1
numa: soft affinity narrowed M to node 0
numa: soft affinity narrowed M to node 1
numa: soft affinity narrowed M to node 0
numa: soft affinity narrowed M to node 1
numa: soft affinity narrowed M to node 1
numa: soft affinity narrowed M to node 0
numa: soft affinity narrowed M to node 0
numa: soft affinity narrowed M to node 0
numa: soft affinity narrowed M to node 1
numa: soft affinity narrowed M to node 1
numa: soft affinity narrowed M to node 1
numa: soft affinity narrowed M to node 1
numa: soft affinity narrowed M to node 1
numa: soft affinity narrowed M to node 0
numa: soft affinity narrowed M to node 0
numa: soft affinity narrowed M to node 0
numa: soft affinity narrowed M to node 1
numa: soft affinity narrowed M to node 1
numa: soft affinity narrowed M to node 1
numa: soft affinity narrowed M to node 1
numa: soft affinity narrowed M to node 1
numa: soft affinity narrowed M to node 1
numa: soft affinity narrowed M to node 1
numa: soft affinity narrowed M to node 0
numa: soft affinity narrowed M to node 0
numa: soft affinity narrowed M to node 0
numa: soft affinity narrowed M to node 1
numa: soft affinity narrowed M to node 1
numa: soft affinity narrowed M to node 1
numa: soft affinity narrowed M to node 1
numa: soft affinity narrowed M to node 1
numa: soft affinity narrowed M to node 1
numa: soft affinity narrowed M to node 1
numa: soft affinity narrowed M to node 1
numa: soft affinity narrowed M to node 0
numa: soft affinity narrowed M to node 1
numa: soft affinity narrowed M to node 0
numa: soft affinity narrowed M to node 1
numa: soft affinity narrowed M to node 1
numa: soft affinity narrowed M to node 1
numa: soft affinity narrowed M to node 1
numa: soft affinity narrowed M to node 1
numa: soft affinity narrowed M to node 0
numa: soft affinity narrowed M to node 1
numa: soft affinity narrowed M to node 1
numa: soft affinity narrowed M to node 0
numa: soft affinity narrowed M to node 1
numa: soft affinity narrowed M to node 0
numa: soft affinity narrowed M to node 0
numa: soft affinity narrowed M to node 1
numa: soft affinity narrowed M to node 1
numa: soft affinity narrowed M to node 0
numa: soft affinity narrowed M to node 0
numa: soft affinity narrowed M to node 0
numa: soft affinity narrowed M to node 1
numa: soft affinity narrowed M to node 0
numa: soft affinity narrowed M to node 1
numa: soft affinity narrowed M to node 0
numa: soft affinity narrowed M to node 0
numa: soft affinity narrowed M to node 1
numa: soft affinity narrowed M to node 1
numa: soft affinity narrowed M to node 1
numa: soft affinity narrowed M to node 1
numa: soft affinity narrowed M to node 0
numa: soft affinity narrowed M to node 1
numa: soft affinity narrowed M to node 1
numa: soft affinity narrowed M to node 0
numa: soft affinity narrowed M to node 1
numa: soft affinity narrowed M to node 1
numa: soft affinity narrowed M to node 0
numa: soft affinity narrowed M to node 1
numa: soft affinity narrowed M to node 0
numa: soft affinity narrowed M to node 1
numa: soft affinity narrowed M to node 1
numa: soft affinity narrowed M to node 1
numa: soft affinity narrowed M to node 0
numa: soft affinity narrowed M to node 0
numa: soft affinity narrowed M to node 0
numa: soft affinity narrowed M to node 0
numa: soft affinity narrowed M to node 1
numa: soft affinity narrowed M to node 1
numa: soft affinity narrowed M to node 1
numa: soft affinity narrowed M to node 0
numa: soft affinity narrowed M to node 1
numa: soft affinity narrowed M to node 1
numa: soft affinity narrowed M to node 1
numa: soft affinity narrowed M to node 0
numa: soft affinity narrowed M to node 0
numa: soft affinity narrowed M to node 0
numa: soft affinity narrowed M to node 1
numa: soft affinity narrowed M to node 1
numa: soft affinity narrowed M to node 0
numa: soft affinity narrowed M to node 0
numa: soft affinity narrowed M to node 0
numa: soft affinity narrowed M to node 0
numa: soft affinity narrowed M to node 0
numa: soft affinity narrowed M to node 1
numa: soft affinity narrowed M to node 0
numa: soft affinity narrowed M to node 0
numa: soft affinity narrowed M to node 1
numa: soft affinity narrowed M to node 1
numa: soft affinity narrowed M to node 0
numa: soft affinity narrowed M to node 1
numa: soft affinity narrowed M to node 0
numa: soft affinity narrowed M to node 1
numa: soft affinity narrowed M to node 0
numa: soft affinity narrowed M to node 0
numa: soft affinity narrowed M to node 0
numa: soft affinity narrowed M to node 1
numa: soft affinity narrowed M to node 1
numa: soft affinity narrowed M to node 0
numa: soft affinity narrowed M to node 0
numa: soft affinity narrowed M to node 0
numa: soft affinity narrowed M to node 0
numa: soft affinity narrowed M to node 1
numa: soft affinity narrowed M to node 0
numa: soft affinity narrowed M to node 1
numa: soft affinity narrowed M to node 0
numa: soft affinity narrowed M to node 1
numa: soft affinity narrowed M to node 0
numa: soft affinity narrowed M to node 1
numa: soft affinity narrowed M to node 1
numa: soft affinity narrowed M to node 1
numa: soft affinity narrowed M to node 0
numa: soft affinity narrowed M to node 0
numa: soft affinity narrowed M to node 0
numa: soft affinity narrowed M to node 0
numa: soft affinity narrowed M to node 1
numa: soft affinity narrowed M to node 0
numa: soft affinity narrowed M to node 0
numa: soft affinity narrowed M to node 0
numa: soft affinity narrowed M to node 0
cgo-softaffinity narrowed=276 total=400 gomaxprocs=256 nodes=0,1 iscgo-forced=true
