numa: soft affinity eligible (process started with full affinity)
numa: nodes 2 allowed 2
numa: confinement declined: GOMAXPROCS exceeds node
numa: soft affinity narrowed M to node 1
numa: soft affinity narrowed M to node 1
numa: soft affinity narrowed M to node 1
numa: soft affinity narrowed M to node 1
numa: soft affinity narrowed M to node 1
numa: soft affinity narrowed M to node 0
numa: soft affinity narrowed M to node 0
numa: soft affinity narrowed M to node 1
numa: soft affinity narrowed M to node 1
numa: soft affinity narrowed M to node 0
numa: soft affinity narrowed M to node 1
numa: soft affinity narrowed M to node 0
numa: soft affinity narrowed M to node 0
numa: soft affinity narrowed M to node 1
numa: soft affinity narrowed M to node 1
numa: soft affinity narrowed M to node 1
numa: soft affinity narrowed M to node 0
numa: soft affinity narrowed M to node 1
numa: soft affinity narrowed M to node 0
numa: soft affinity narrowed M to node 0
numa: soft affinity narrowed M to node 1
numa: soft affinity narrowed M to node 0
numa: soft affinity narrowed M to node 1
numa: soft affinity narrowed M to node 1
numa: soft affinity narrowed M to node 0
numa: soft affinity narrowed M to node 0
numa: soft affinity narrowed M to node 1
numa: soft affinity narrowed M to node 0
numa: soft affinity narrowed M to node 1
numa: soft affinity narrowed M to node 0
numa: soft affinity narrowed M to node 1
numa: soft affinity narrowed M to node 0
numa: soft affinity narrowed M to node 1
numa: soft affinity narrowed M to node 0
numa: soft affinity narrowed M to node 1
numa: soft affinity narrowed M to node 0
numa: soft affinity narrowed M to node 0
numa: soft affinity narrowed M to node 1
numa: soft affinity narrowed M to node 1
numa: soft affinity narrowed M to node 0
numa: soft affinity narrowed M to node 0
numa: soft affinity narrowed M to node 1
numa: soft affinity narrowed M to node 0
numa: soft affinity narrowed M to node 1
numa: soft affinity narrowed M to node 0
numa: soft affinity narrowed M to node 0
numa: soft affinity narrowed M to node 1
numa: soft affinity narrowed M to node 0
numa: soft affinity narrowed M to node 0
numa: soft affinity narrowed M to node 1
numa: soft affinity narrowed M to node 1
numa: soft affinity narrowed M to node 0
numa: soft affinity narrowed M to node 0
numa: soft affinity narrowed M to node 1
numa: soft affinity narrowed M to node 0
numa: soft affinity narrowed M to node 0
numa: soft affinity narrowed M to node 1
numa: soft affinity narrowed M to node 0
numa: soft affinity narrowed M to node 0
numa: soft affinity narrowed M to node 1
numa: soft affinity narrowed M to node 0
numa: soft affinity narrowed M to node 1
numa: soft affinity narrowed M to node 0
numa: soft affinity narrowed M to node 1
numa: soft affinity narrowed M to node 1
numa: soft affinity narrowed M to node 1
numa: soft affinity narrowed M to node 0
numa: soft affinity narrowed M to node 0
numa: soft affinity narrowed M to node 1
numa: soft affinity narrowed M to node 0
numa: soft affinity narrowed M to node 0
numa: soft affinity narrowed M to node 0
numa: soft affinity narrowed M to node 0
numa: soft affinity narrowed M to node 0
numa: soft affinity narrowed M to node 1
numa: soft affinity narrowed M to node 1
numa: soft affinity narrowed M to node 0
numa: soft affinity narrowed M to node 0
numa: soft affinity narrowed M to node 0
numa: soft affinity narrowed M to node 1
numa: soft affinity narrowed M to node 0
numa: soft affinity narrowed M to node 1
numa: soft affinity narrowed M to node 1
numa: soft affinity narrowed M to node 1
numa: soft affinity narrowed M to node 0
numa: soft affinity narrowed M to node 1
numa: soft affinity narrowed M to node 0
numa: soft affinity narrowed M to node 1
numa: soft affinity narrowed M to node 0
numa: soft affinity narrowed M to node 1
numa: soft affinity narrowed M to node 1
numa: soft affinity narrowed M to node 0
numa: soft affinity narrowed M to node 1
numa: soft affinity narrowed M to node 1
numa: soft affinity narrowed M to node 1
numa: soft affinity narrowed M to node 1
numa: soft affinity narrowed M to node 1
numa: soft affinity narrowed M to node 1
numa: soft affinity narrowed M to node 1
numa: soft affinity narrowed M to node 0
numa: soft affinity narrowed M to node 0
numa: soft affinity narrowed M to node 0
numa: soft affinity narrowed M to node 0
numa: soft affinity narrowed M to node 0
numa: soft affinity narrowed M to node 1
numa: soft affinity narrowed M to node 1
numa: soft affinity narrowed M to node 0
numa: soft affinity narrowed M to node 0
numa: soft affinity narrowed M to node 1
numa: soft affinity narrowed M to node 1
numa: soft affinity narrowed M to node 1
numa: soft affinity narrowed M to node 1
numa: soft affinity narrowed M to node 0
numa: soft affinity narrowed M to node 1
numa: soft affinity narrowed M to node 0
numa: soft affinity narrowed M to node 0
numa: soft affinity narrowed M to node 1
numa: soft affinity narrowed M to node 1
numa: soft affinity narrowed M to node 1
numa: soft affinity narrowed M to node 0
numa: soft affinity narrowed M to node 1
numa: soft affinity narrowed M to node 0
numa: soft affinity narrowed M to node 1
numa: soft affinity narrowed M to node 1
numa: soft affinity narrowed M to node 1
numa: soft affinity narrowed M to node 1
numa: soft affinity narrowed M to node 0
numa: soft affinity narrowed M to node 0
numa: soft affinity narrowed M to node 1
numa: soft affinity narrowed M to node 0
numa: soft affinity narrowed M to node 1
numa: soft affinity narrowed M to node 1
numa: soft affinity narrowed M to node 1
numa: soft affinity narrowed M to node 1
numa: soft affinity narrowed M to node 0
numa: soft affinity narrowed M to node 1
numa: soft affinity narrowed M to node 1
numa: soft affinity narrowed M to node 0
numa: soft affinity narrowed M to node 1
numa: soft affinity narrowed M to node 0
numa: soft affinity narrowed M to node 1
numa: soft affinity narrowed M to node 0
numa: soft affinity narrowed M to node 0
numa: soft affinity narrowed M to node 0
numa: soft affinity narrowed M to node 1
numa: soft affinity narrowed M to node 0
numa: soft affinity narrowed M to node 1
numa: soft affinity narrowed M to node 0
numa: soft affinity narrowed M to node 1
numa: soft affinity narrowed M to node 0
numa: soft affinity narrowed M to node 0
numa: soft affinity narrowed M to node 1
numa: soft affinity narrowed M to node 0
numa: soft affinity narrowed M to node 0
numa: soft affinity narrowed M to node 0
numa: soft affinity narrowed M to node 1
numa: soft affinity narrowed M to node 0
numa: soft affinity narrowed M to node 1
numa: soft affinity narrowed M to node 0
numa: soft affinity narrowed M to node 1
numa: soft affinity narrowed M to node 0
numa: soft affinity narrowed M to node 1
numa: soft affinity narrowed M to node 0
numa: soft affinity narrowed M to node 0
numa: soft affinity narrowed M to node 0
numa: soft affinity narrowed M to node 1
numa: soft affinity narrowed M to node 1
numa: soft affinity narrowed M to node 0
numa: soft affinity narrowed M to node 1
numa: soft affinity narrowed M to node 0
numa: soft affinity narrowed M to node 0
numa: soft affinity narrowed M to node 1
numa: soft affinity narrowed M to node 1
numa: soft affinity narrowed M to node 1
numa: soft affinity narrowed M to node 1
numa: soft affinity narrowed M to node 0
numa: soft affinity narrowed M to node 1
numa: soft affinity narrowed M to node 1
numa: soft affinity narrowed M to node 0
numa: soft affinity narrowed M to node 0
numa: soft affinity narrowed M to node 1
numa: soft affinity narrowed M to node 1
numa: soft affinity narrowed M to node 0
numa: soft affinity narrowed M to node 1
numa: soft affinity narrowed M to node 1
numa: soft affinity narrowed M to node 1
numa: soft affinity narrowed M to node 0
numa: soft affinity narrowed M to node 1
numa: soft affinity narrowed M to node 1
numa: soft affinity narrowed M to node 1
numa: soft affinity narrowed M to node 1
numa: soft affinity narrowed M to node 0
numa: soft affinity narrowed M to node 0
numa: soft affinity narrowed M to node 1
numa: soft affinity narrowed M to node 0
numa: soft affinity narrowed M to node 0
numa: soft affinity narrowed M to node 0
numa: soft affinity narrowed M to node 0
numa: soft affinity narrowed M to node 1
numa: soft affinity narrowed M to node 0
numa: soft affinity narrowed M to node 1
numa: soft affinity narrowed M to node 1
numa: soft affinity narrowed M to node 1
numa: soft affinity narrowed M to node 0
numa: soft affinity narrowed M to node 0
numa: soft affinity narrowed M to node 1
numa: soft affinity narrowed M to node 0
numa: soft affinity narrowed M to node 1
numa: soft affinity narrowed M to node 0
numa: soft affinity narrowed M to node 0
numa: soft affinity narrowed M to node 0
numa: soft affinity narrowed M to node 0
numa: soft affinity narrowed M to node 1
numa: soft affinity narrowed M to node 0
numa: soft affinity narrowed M to node 1
numa: soft affinity narrowed M to node 0
numa: soft affinity narrowed M to node 1
numa: soft affinity narrowed M to node 1
numa: soft affinity narrowed M to node 1
numa: soft affinity narrowed M to node 0
numa: soft affinity narrowed M to node 0
numa: soft affinity narrowed M to node 0
numa: soft affinity narrowed M to node 1
numa: soft affinity narrowed M to node 1
numa: soft affinity narrowed M to node 0
numa: soft affinity narrowed M to node 0
numa: soft affinity narrowed M to node 0
numa: soft affinity narrowed M to node 1
numa: soft affinity narrowed M to node 1
numa: soft affinity narrowed M to node 1
numa: soft affinity narrowed M to node 1
numa: soft affinity narrowed M to node 0
numa: soft affinity narrowed M to node 0
numa: soft affinity narrowed M to node 1
numa: soft affinity narrowed M to node 1
numa: soft affinity narrowed M to node 1
numa: soft affinity narrowed M to node 1
numa: soft affinity narrowed M to node 0
numa: soft affinity narrowed M to node 1
numa: soft affinity narrowed M to node 0
numa: soft affinity narrowed M to node 0
numa: soft affinity narrowed M to node 0
numa: soft affinity narrowed M to node 0
numa: soft affinity narrowed M to node 0
numa: soft affinity narrowed M to node 1
numa: soft affinity narrowed M to node 1
numa: soft affinity narrowed M to node 0
numa: soft affinity narrowed M to node 0
numa: soft affinity narrowed M to node 1
numa: soft affinity narrowed M to node 1
numa: soft affinity narrowed M to node 1
numa: soft affinity narrowed M to node 0
numa: soft affinity narrowed M to node 0
numa: soft affinity narrowed M to node 1
numa: soft affinity narrowed M to node 0
numa: soft affinity narrowed M to node 0
numa: soft affinity narrowed M to node 0
numa: soft affinity narrowed M to node 0
numa: soft affinity narrowed M to node 1
numa: soft affinity narrowed M to node 0
numa: soft affinity narrowed M to node 0
numa: soft affinity narrowed M to node 1
numa: soft affinity narrowed M to node 1
numa: soft affinity narrowed M to node 0
numa: soft affinity narrowed M to node 1
numa: soft affinity narrowed M to node 1
numa: soft affinity narrowed M to node 1
numa: soft affinity narrowed M to node 1
numa: soft affinity narrowed M to node 1
numa: soft affinity narrowed M to node 1
numa: soft affinity narrowed M to node 0
numa: soft affinity narrowed M to node 0
numa: soft affinity narrowed M to node 0
numa: soft affinity narrowed M to node 1
numa: soft affinity narrowed M to node 1
numa: soft affinity narrowed M to node 0
softaffinity narrowed=273 total=393 gomaxprocs=256 nodes=0,1
