pkg: golang.org/x/benchmarks
goos: linux
goarch: amd64

# cpuprof=/tmp/10.prof.txt
# memprof=/tmp/11.prof.txt
BenchmarkJSON-256     2000	   1781162 ns/op	  45706736 GC-bytes-from-system	  41235758 STW-ns/GC	     82471 STW-ns/op	   5606625 allocated-bytes/op	     26805 allocs/op	10950315336 bytes-from-system	10783358976 heap-bytes-from-system	 104275800 other-bytes-from-system	10903937024 peak-RSS-bytes	12142985216 peak-VM-bytes	  16973824 stack-bytes-from-system	 110118265 user+sys-ns/op
pkg: golang.org/x/benchmarks
goos: linux
goarch: amd64

# memprof=/tmp/11.prof.txt
# cpuprof=/tmp/10.prof.txt
BenchmarkJSON-256     2000	   1504974 ns/op	  46908704 GC-bytes-from-system	  51338395 STW-ns/GC	     25669 STW-ns/op	   5887351 allocated-bytes/op	     26808 allocs/op	12192636536 bytes-from-system	12020482048 heap-bytes-from-system	 108075352 other-bytes-from-system	11891847168 peak-RSS-bytes	13423132672 peak-VM-bytes	  17170432 stack-bytes-from-system	  89749240 user+sys-ns/op
pkg: golang.org/x/benchmarks
goos: linux
goarch: amd64

# memprof=/tmp/11.prof.txt
# cpuprof=/tmp/10.prof.txt
BenchmarkJSON-256     2000	   1529334 ns/op	  48376928 GC-bytes-from-system	  39377484 STW-ns/GC	     59066 STW-ns/op	   6058657 allocated-bytes/op	     26814 allocs/op	11368693176 bytes-from-system	11202002944 heap-bytes-from-system	 101306712 other-bytes-from-system	11105038336 peak-RSS-bytes	12611649536 peak-VM-bytes	  17006592 stack-bytes-from-system	 101372749 user+sys-ns/op
pkg: golang.org/x/benchmarks
goos: linux
goarch: amd64

# memprof=/tmp/17.prof.txt
# cpuprof=/tmp/16.prof.txt
BenchmarkJSON-256     5000	   2090048 ns/op	  50592928 GC-bytes-from-system	  43173508 STW-ns/GC	    164059 STW-ns/op	   7701803 allocated-bytes/op	     26810 allocs/op	9467755512 bytes-from-system	9290055680 heap-bytes-from-system	 105807704 other-bytes-from-system	9400836096 peak-RSS-bytes	10740023296 peak-VM-bytes	  21299200 stack-bytes-from-system	 167528571 user+sys-ns/op
pkg: golang.org/x/benchmarks
goos: linux
goarch: amd64

# memprof=/tmp/11.prof.txt
# cpuprof=/tmp/10.prof.txt
BenchmarkJSON-256     2000	   2103107 ns/op	  40173776 GC-bytes-from-system	  47956738 STW-ns/GC	    167848 STW-ns/op	   7818083 allocated-bytes/op	     26825 allocs/op	7548592488 bytes-from-system	7410548736 heap-bytes-from-system	  79683736 other-bytes-from-system	7459762176 peak-RSS-bytes	8753639424 peak-VM-bytes	  18186240 stack-bytes-from-system	 136828378 user+sys-ns/op
pkg: golang.org/x/benchmarks
goos: linux
goarch: amd64

# memprof=/tmp/11.prof.txt
# cpuprof=/tmp/10.prof.txt
BenchmarkJSON-256     2000	   1527042 ns/op	  48590384 GC-bytes-from-system	  40112074 STW-ns/GC	     60168 STW-ns/op	   5936529 allocated-bytes/op	     26812 allocs/op	11157765512 bytes-from-system	10988322816 heap-bytes-from-system	 104697688 other-bytes-from-system	10865975296 peak-RSS-bytes	12413296640 peak-VM-bytes	  16154624 stack-bytes-from-system	  92953789 user+sys-ns/op
pkg: golang.org/x/benchmarks
goos: linux
goarch: amd64

# memprof=/tmp/14.prof.txt
# cpuprof=/tmp/13.prof.txt
BenchmarkJSON-256     5000	   2046890 ns/op	  63607568 GC-bytes-from-system	  43036549 STW-ns/GC	    120502 STW-ns/op	   6468784 allocated-bytes/op	     26806 allocs/op	12181025672 bytes-from-system	11972509696 heap-bytes-from-system	 125902968 other-bytes-from-system	11976826880 peak-RSS-bytes	13390540800 peak-VM-bytes	  19005440 stack-bytes-from-system	 167178503 user+sys-ns/op
pkg: golang.org/x/benchmarks
goos: linux
goarch: amd64

# memprof=/tmp/14.prof.txt
# cpuprof=/tmp/13.prof.txt
BenchmarkJSON-256     2000	   2397154 ns/op	  24675360 GC-bytes-from-system	  35253330 STW-ns/GC	    229146 STW-ns/op	   9603933 allocated-bytes/op	     26837 allocs/op	4625165880 bytes-from-system	4510416896 heap-bytes-from-system	  70642200 other-bytes-from-system	4543811584 peak-RSS-bytes	5846843392 peak-VM-bytes	  19431424 stack-bytes-from-system	 184724575 user+sys-ns/op
pkg: golang.org/x/benchmarks
goos: linux
goarch: amd64

# memprof=/tmp/11.prof.txt
# cpuprof=/tmp/10.prof.txt
BenchmarkJSON-256     2000	   2446814 ns/op	  28260992 GC-bytes-from-system	  39362656 STW-ns/GC	    216494 STW-ns/op	   8325822 allocated-bytes/op	     26824 allocs/op	5009305240 bytes-from-system	4889935872 heap-bytes-from-system	  73708568 other-bytes-from-system	4947865600 peak-RSS-bytes	6256164864 peak-VM-bytes	  17399808 stack-bytes-from-system	 167620293 user+sys-ns/op
pkg: golang.org/x/benchmarks
goos: linux
goarch: amd64

# memprof=/tmp/11.prof.txt
# cpuprof=/tmp/10.prof.txt
BenchmarkJSON-256     2000	   2148468 ns/op	  48278752 GC-bytes-from-system	  28705374 STW-ns/GC	     86116 STW-ns/op	   5892753 allocated-bytes/op	     26807 allocs/op	9750649912 bytes-from-system	9582772224 heap-bytes-from-system	 102559576 other-bytes-from-system	9696354304 peak-RSS-bytes	11001970688 peak-VM-bytes	  17039360 stack-bytes-from-system	 102363722 user+sys-ns/op
