BenchmarkJSON-256     2000	   1781162 ns/op	  45706736 GC-bytes-from-system	  41235758 STW-ns/GC	     82471 STW-ns/op	   5606625 allocated-bytes/op	     26805 allocs/op	10950315336 bytes-from-system	10783358976 heap-bytes-from-system	 104275800 other-bytes-from-system	10903937024 peak-RSS-bytes	12142985216 peak-VM-bytes	  16973824 stack-bytes-from-system	 110118265 user+sys-ns/op 123768709 cycles/op 321827640 instructions/op
BenchmarkJSON-256     2000	   1504974 ns/op	  46908704 GC-bytes-from-system	  51338395 STW-ns/GC	     25669 STW-ns/op	   5887351 allocated-bytes/op	     26808 allocs/op	12192636536 bytes-from-system	12020482048 heap-bytes-from-system	 108075352 other-bytes-from-system	11891847168 peak-RSS-bytes	13423132672 peak-VM-bytes	  17170432 stack-bytes-from-system	  89749240 user+sys-ns/op 102062569 cycles/op 315986001 instructions/op
BenchmarkJSON-256     2000	   1529334 ns/op	  48376928 GC-bytes-from-system	  39377484 STW-ns/GC	     59066 STW-ns/op	   6058657 allocated-bytes/op	     26814 allocs/op	11368693176 bytes-from-system	11202002944 heap-bytes-from-system	 101306712 other-bytes-from-system	11105038336 peak-RSS-bytes	12611649536 peak-VM-bytes	  17006592 stack-bytes-from-system	 101372749 user+sys-ns/op 107295258 cycles/op 313106304 instructions/op
BenchmarkJSON-256     5000	   2090048 ns/op	  50592928 GC-bytes-from-system	  43173508 STW-ns/GC	    164059 STW-ns/op	   7701803 allocated-bytes/op	     26810 allocs/op	9467755512 bytes-from-system	9290055680 heap-bytes-from-system	 105807704 other-bytes-from-system	9400836096 peak-RSS-bytes	10740023296 peak-VM-bytes	  21299200 stack-bytes-from-system	 167528571 user+sys-ns/op 273944885 cycles/op 471293515 instructions/op
BenchmarkJSON-256     2000	   2103107 ns/op	  40173776 GC-bytes-from-system	  47956738 STW-ns/GC	    167848 STW-ns/op	   7818083 allocated-bytes/op	     26825 allocs/op	7548592488 bytes-from-system	7410548736 heap-bytes-from-system	  79683736 other-bytes-from-system	7459762176 peak-RSS-bytes	8753639424 peak-VM-bytes	  18186240 stack-bytes-from-system	 136828378 user+sys-ns/op 141784227 cycles/op 310459680 instructions/op
BenchmarkJSON-256     2000	   1527042 ns/op	  48590384 GC-bytes-from-system	  40112074 STW-ns/GC	     60168 STW-ns/op	   5936529 allocated-bytes/op	     26812 allocs/op	11157765512 bytes-from-system	10988322816 heap-bytes-from-system	 104697688 other-bytes-from-system	10865975296 peak-RSS-bytes	12413296640 peak-VM-bytes	  16154624 stack-bytes-from-system	  92953789 user+sys-ns/op 106230195 cycles/op 313413619 instructions/op
BenchmarkJSON-256     5000	   2046890 ns/op	  63607568 GC-bytes-from-system	  43036549 STW-ns/GC	    120502 STW-ns/op	   6468784 allocated-bytes/op	     26806 allocs/op	12181025672 bytes-from-system	11972509696 heap-bytes-from-system	 125902968 other-bytes-from-system	11976826880 peak-RSS-bytes	13390540800 peak-VM-bytes	  19005440 stack-bytes-from-system	 167178503 user+sys-ns/op 209175742 cycles/op 410863078 instructions/op
BenchmarkJSON-256     2000	   2397154 ns/op	  24675360 GC-bytes-from-system	  35253330 STW-ns/GC	    229146 STW-ns/op	   9603933 allocated-bytes/op	     26837 allocs/op	4625165880 bytes-from-system	4510416896 heap-bytes-from-system	  70642200 other-bytes-from-system	4543811584 peak-RSS-bytes	5846843392 peak-VM-bytes	  19431424 stack-bytes-from-system	 184724575 user+sys-ns/op 266349424 cycles/op 460053481 instructions/op
BenchmarkJSON-256     2000	   2446814 ns/op	  28260992 GC-bytes-from-system	  39362656 STW-ns/GC	    216494 STW-ns/op	   8325822 allocated-bytes/op	     26824 allocs/op	5009305240 bytes-from-system	4889935872 heap-bytes-from-system	  73708568 other-bytes-from-system	4947865600 peak-RSS-bytes	6256164864 peak-VM-bytes	  17399808 stack-bytes-from-system	 167620293 user+sys-ns/op 172362233 cycles/op 311681883 instructions/op
BenchmarkJSON-256     2000	   2148468 ns/op	  48278752 GC-bytes-from-system	  28705374 STW-ns/GC	     86116 STW-ns/op	   5892753 allocated-bytes/op	     26807 allocs/op	9750649912 bytes-from-system	9582772224 heap-bytes-from-system	 102559576 other-bytes-from-system	9696354304 peak-RSS-bytes	11001970688 peak-VM-bytes	  17039360 stack-bytes-from-system	 102363722 user+sys-ns/op 110827575 cycles/op 306655187 instructions/op
BenchmarkRun/json-256 1 5142357792 ns/op 2.475e+11 cycles/op 6.437e+11 instructions/op 1.014 GHz 47.5 CPUs-busy 445 hint-faults 32927 pages-migrated
BenchmarkRun/json-256 1 4763251353 ns/op 2.041e+11 cycles/op 6.320e+11 instructions/op 1.003 GHz 42.7 CPUs-busy 0 hint-faults 0 pages-migrated
BenchmarkRun/json-256 1 4866690041 ns/op 2.146e+11 cycles/op 6.262e+11 instructions/op 0.942 GHz 46.8 CPUs-busy 379 hint-faults 33384 pages-migrated
BenchmarkRun/json-256 1 18585238707 ns/op 1.370e+12 cycles/op 2.356e+12 instructions/op 1.064 GHz 69.3 CPUs-busy 82236 hint-faults 1433849 pages-migrated
BenchmarkRun/json-256 1 5924695614 ns/op 2.836e+11 cycles/op 6.209e+11 instructions/op 0.943 GHz 50.7 CPUs-busy 503 hint-faults 93728 pages-migrated
BenchmarkRun/json-256 1 4785791357 ns/op 2.125e+11 cycles/op 6.268e+11 instructions/op 1.016 GHz 43.7 CPUs-busy 0 hint-faults 0 pages-migrated
BenchmarkRun/json-256 1 15730934092 ns/op 1.046e+12 cycles/op 2.054e+12 instructions/op 0.972 GHz 68.4 CPUs-busy 44349 hint-faults 1135034 pages-migrated
BenchmarkRun/json-256 1 9389892717 ns/op 5.327e+11 cycles/op 9.201e+11 instructions/op 0.929 GHz 61.0 CPUs-busy 45763 hint-faults 609935 pages-migrated
BenchmarkRun/json-256 1 6547326151 ns/op 3.447e+11 cycles/op 6.234e+11 instructions/op 0.944 GHz 55.7 CPUs-busy 1771 hint-faults 242236 pages-migrated
BenchmarkRun/json-256 1 5871747102 ns/op 2.217e+11 cycles/op 6.133e+11 instructions/op 0.967 GHz 39.0 CPUs-busy 710 hint-faults 66248 pages-migrated
