BenchmarkJSON-256     2000	   1510934 ns/op	  47568320 GC-bytes-from-system	  44763480 STW-ns/GC	     44763 STW-ns/op	   5719508 allocated-bytes/op	     26812 allocs/op	10671459608 bytes-from-system	10506764288 heap-bytes-from-system	 100382552 other-bytes-from-system	10625462272 peak-RSS-bytes	11939311616 peak-VM-bytes	  16744448 stack-bytes-from-system	  95150702 user+sys-ns/op 103285605 cycles/op 315666124 instructions/op
BenchmarkJSON-256     1000	   3408478 ns/op	  28201712 GC-bytes-from-system	  24528658 STW-ns/GC	    171700 STW-ns/op	   6376089 allocated-bytes/op	     26824 allocs/op	5464260360 bytes-from-system	5347606528 heap-bytes-from-system	  71543832 other-bytes-from-system	5409222656 peak-RSS-bytes	6723702784 peak-VM-bytes	  16908288 stack-bytes-from-system	 192647765 user+sys-ns/op 241664132 cycles/op 318356931 instructions/op
BenchmarkJSON-256     1000	   3417329 ns/op	  22802816 GC-bytes-from-system	  41979088 STW-ns/GC	    503749 STW-ns/op	   9938231 allocated-bytes/op	     26851 allocs/op	3939356056 bytes-from-system	3828613120 heap-bytes-from-system	  70376472 other-bytes-from-system	3874684928 peak-RSS-bytes	5173538816 peak-VM-bytes	  17563648 stack-bytes-from-system	 170929641 user+sys-ns/op 152250474 cycles/op 329145490 instructions/op
BenchmarkJSON-256     5000	   2213663 ns/op	  41396192 GC-bytes-from-system	  35768419 STW-ns/GC	    178842 STW-ns/op	   8891172 allocated-bytes/op	     26819 allocs/op	8612514616 bytes-from-system	8465317888 heap-bytes-from-system	  86041432 other-bytes-from-system	8558125056 peak-RSS-bytes	9905680384 peak-VM-bytes	  19759104 stack-bytes-from-system	 190751500 user+sys-ns/op 271689747 cycles/op 475649791 instructions/op
BenchmarkJSON-256     1000	   3616659 ns/op	  24109056 GC-bytes-from-system	  37734457 STW-ns/GC	    490547 STW-ns/op	   9303875 allocated-bytes/op	     26854 allocs/op	4469317144 bytes-from-system	4356767744 heap-bytes-from-system	  70549016 other-bytes-from-system	4414881792 peak-RSS-bytes	5711917056 peak-VM-bytes	  17891328 stack-bytes-from-system	 183190019 user+sys-ns/op 153037613 cycles/op 325791608 instructions/op
BenchmarkJSON-256     1000	   3429657 ns/op	  19156224 GC-bytes-from-system	  30886512 STW-ns/GC	    401524 STW-ns/op	  10662847 allocated-bytes/op	     26869 allocs/op	3377111576 bytes-from-system	3268542464 heap-bytes-from-system	  69621016 other-bytes-from-system	3015249920 peak-RSS-bytes	4632240128 peak-VM-bytes	  19791872 stack-bytes-from-system	 204877878 user+sys-ns/op 177557078 cycles/op 334790485 instructions/op
BenchmarkJSON-256     2000	   2218638 ns/op	  34339184 GC-bytes-from-system	  34161031 STW-ns/GC	    187885 STW-ns/op	   8612164 allocated-bytes/op	     26829 allocs/op	6018678664 bytes-from-system	5894176768 heap-bytes-from-system	  71288344 other-bytes-from-system	5964886016 peak-RSS-bytes	7265570816 peak-VM-bytes	  18874368 stack-bytes-from-system	 185739784 user+sys-ns/op 294508238 cycles/op 468242414 instructions/op
BenchmarkJSON-256     2000	   2858203 ns/op	  24957984 GC-bytes-from-system	  35271791 STW-ns/GC	    282174 STW-ns/op	  10217496 allocated-bytes/op	     26835 allocs/op	4592729656 bytes-from-system	4476338176 heap-bytes-from-system	  71477784 other-bytes-from-system	4538712064 peak-RSS-bytes	5847920640 peak-VM-bytes	  19955712 stack-bytes-from-system	 190677318 user+sys-ns/op 181063415 cycles/op 315607748 instructions/op
BenchmarkJSON-256     2000	   2549592 ns/op	  21891552 GC-bytes-from-system	  37869159 STW-ns/GC	    265084 STW-ns/op	   9790066 allocated-bytes/op	     26838 allocs/op	4323945976 bytes-from-system	4213506048 heap-bytes-from-system	  70001688 other-bytes-from-system	4269969408 peak-RSS-bytes	5574930432 peak-VM-bytes	  18546688 stack-bytes-from-system	 185994347 user+sys-ns/op 174543441 cycles/op 314880893 instructions/op
BenchmarkJSON-256     1000	   3339443 ns/op	  18524832 GC-bytes-from-system	  33854522 STW-ns/GC	    440108 STW-ns/op	  10841981 allocated-bytes/op	     26866 allocs/op	3014353336 bytes-from-system	2908192768 heap-bytes-from-system	  68204312 other-bytes-from-system	2954379264 peak-RSS-bytes	4227506176 peak-VM-bytes	  19431424 stack-bytes-from-system	 201463897 user+sys-ns/op 182253194 cycles/op 329350038 instructions/op
BenchmarkRun/json-256 1 4638624001 ns/op 2.066e+11 cycles/op 6.313e+11 instructions/op 0.973 GHz 45.8 CPUs-busy 755 hint-faults 98493 pages-migrated
BenchmarkRun/json-256 1 5078712108 ns/op 2.417e+11 cycles/op 3.184e+11 instructions/op 1.088 GHz 43.7 CPUs-busy 14285 hint-faults 35649 pages-migrated
BenchmarkRun/json-256 1 5036102530 ns/op 1.523e+11 cycles/op 3.291e+11 instructions/op 0.767 GHz 39.4 CPUs-busy 6485 hint-faults 32794 pages-migrated
BenchmarkRun/json-256 1 19916904374 ns/op 1.358e+12 cycles/op 2.378e+12 instructions/op 0.953 GHz 71.5 CPUs-busy 202323 hint-faults 1310698 pages-migrated
BenchmarkRun/json-256 1 5342398176 ns/op 1.530e+11 cycles/op 3.258e+11 instructions/op 0.726 GHz 39.5 CPUs-busy 20904 hint-faults 40050 pages-migrated
BenchmarkRun/json-256 1 5094812018 ns/op 1.776e+11 cycles/op 3.348e+11 instructions/op 0.771 GHz 45.2 CPUs-busy 1262 hint-faults 36893 pages-migrated
BenchmarkRun/json-256 1 9692385211 ns/op 5.890e+11 cycles/op 9.365e+11 instructions/op 0.958 GHz 63.4 CPUs-busy 47565 hint-faults 641913 pages-migrated
BenchmarkRun/json-256 1 7383334737 ns/op 3.621e+11 cycles/op 6.312e+11 instructions/op 0.878 GHz 55.8 CPUs-busy 3857 hint-faults 364238 pages-migrated
BenchmarkRun/json-256 1 6780677821 ns/op 3.491e+11 cycles/op 6.298e+11 instructions/op 0.868 GHz 59.3 CPUs-busy 4865 hint-faults 242863 pages-migrated
BenchmarkRun/json-256 1 5083076558 ns/op 1.823e+11 cycles/op 3.294e+11 instructions/op 0.789 GHz 45.4 CPUs-busy 24676 hint-faults 41321 pages-migrated
