pkg: golang.org/x/benchmarks
goos: linux
goarch: amd64

consumption=3771KB npkg=444
# memprof=/tmp/11.prof.txt
# cpuprof=/tmp/10.prof.txt
BenchmarkGarbage/benchmem-MB=4096-128    10000	   1927035 ns/op	 107240160 GC-bytes-from-system	   5709960 STW-ns/GC	     10848 STW-ns/op	   6220544 allocated-bytes/op	    145202 allocs/op	7689633544 bytes-from-system	7418773504 heap-bytes-from-system	 154281000 other-bytes-from-system	7513968640 peak-RSS-bytes	8966053888 peak-VM-bytes	   9338880 stack-bytes-from-system	 119839032 user+sys-ns/op
pkg: golang.org/x/benchmarks
goos: linux
goarch: amd64

consumption=3771KB npkg=444
# cpuprof=/tmp/10.prof.txt
# memprof=/tmp/11.prof.txt
BenchmarkGarbage/benchmem-MB=4096-128    10000	   1793349 ns/op	 107533488 GC-bytes-from-system	   5247483 STW-ns/GC	      9970 STW-ns/op	   6220607 allocated-bytes/op	    145202 allocs/op	7477722840 bytes-from-system	7199621120 heap-bytes-from-system	 152381992 other-bytes-from-system	7315689472 peak-RSS-bytes	8762228736 peak-VM-bytes	  18186240 stack-bytes-from-system	 123320166 user+sys-ns/op
pkg: golang.org/x/benchmarks
goos: linux
goarch: amd64

consumption=3771KB npkg=444
# memprof=/tmp/11.prof.txt
# cpuprof=/tmp/10.prof.txt
BenchmarkGarbage/benchmem-MB=4096-128    10000	   1741951 ns/op	 105066688 GC-bytes-from-system	   4088716 STW-ns/GC	      7768 STW-ns/op	   6220588 allocated-bytes/op	    145202 allocs/op	7564652264 bytes-from-system	7297630208 heap-bytes-from-system	 153108008 other-bytes-from-system	7399460864 peak-RSS-bytes	8828444672 peak-VM-bytes	   8847360 stack-bytes-from-system	 127231083 user+sys-ns/op
pkg: golang.org/x/benchmarks
goos: linux
goarch: amd64

consumption=3772KB npkg=444
# memprof=/tmp/11.prof.txt
# cpuprof=/tmp/10.prof.txt
BenchmarkGarbage/benchmem-MB=4096-128    10000	   1883460 ns/op	 106021536 GC-bytes-from-system	   5449063 STW-ns/GC	     10353 STW-ns/op	   6220527 allocated-bytes/op	    145202 allocs/op	7429918408 bytes-from-system	7162986496 heap-bytes-from-system	 151637032 other-bytes-from-system	7290060800 peak-RSS-bytes	8693751808 peak-VM-bytes	   9273344 stack-bytes-from-system	 119661164 user+sys-ns/op
pkg: golang.org/x/benchmarks
goos: linux
goarch: amd64

consumption=3769KB npkg=445
# memprof=/tmp/11.prof.txt
# cpuprof=/tmp/10.prof.txt
BenchmarkGarbage/benchmem-MB=4096-128    10000	   1811924 ns/op	 105666224 GC-bytes-from-system	   4913589 STW-ns/GC	      9335 STW-ns/op	   6220611 allocated-bytes/op	    145202 allocs/op	7526534872 bytes-from-system	7259586560 heap-bytes-from-system	 152139816 other-bytes-from-system	7394676736 peak-RSS-bytes	8760934400 peak-VM-bytes	   9142272 stack-bytes-from-system	 122831430 user+sys-ns/op
pkg: golang.org/x/benchmarks
goos: linux
goarch: amd64

consumption=3772KB npkg=444
# memprof=/tmp/11.prof.txt
# cpuprof=/tmp/10.prof.txt
BenchmarkGarbage/benchmem-MB=4096-128    10000	   1782364 ns/op	 107503808 GC-bytes-from-system	   4978596 STW-ns/GC	      9957 STW-ns/op	   6220640 allocated-bytes/op	    145203 allocs/op	7526960872 bytes-from-system	7257456640 heap-bytes-from-system	 152890920 other-bytes-from-system	7363694592 peak-RSS-bytes	8828428288 peak-VM-bytes	   9109504 stack-bytes-from-system	 126174446 user+sys-ns/op
pkg: golang.org/x/benchmarks
goos: linux
goarch: amd64

consumption=3771KB npkg=444
# memprof=/tmp/11.prof.txt
# cpuprof=/tmp/10.prof.txt
BenchmarkGarbage/benchmem-MB=4096-128    10000	   1912994 ns/op	 106197664 GC-bytes-from-system	   6425298 STW-ns/GC	     12850 STW-ns/op	   6220600 allocated-bytes/op	    145202 allocs/op	7463657160 bytes-from-system	7195623424 heap-bytes-from-system	 152366120 other-bytes-from-system	7301767168 peak-RSS-bytes	8693751808 peak-VM-bytes	   9469952 stack-bytes-from-system	 122210197 user+sys-ns/op
pkg: golang.org/x/benchmarks
goos: linux
goarch: amd64

consumption=3770KB npkg=444
# cpuprof=/tmp/10.prof.txt
# memprof=/tmp/11.prof.txt
BenchmarkGarbage/benchmem-MB=4096-128    10000	   1893448 ns/op	 104627872 GC-bytes-from-system	   5397919 STW-ns/GC	     10795 STW-ns/op	   6220579 allocated-bytes/op	    145202 allocs/op	7447617224 bytes-from-system	7183138816 heap-bytes-from-system	 150577192 other-bytes-from-system	7295873024 peak-RSS-bytes	8690294784 peak-VM-bytes	   9273344 stack-bytes-from-system	 121864522 user+sys-ns/op
pkg: golang.org/x/benchmarks
goos: linux
goarch: amd64

consumption=3772KB npkg=444
# memprof=/tmp/11.prof.txt
# cpuprof=/tmp/10.prof.txt
BenchmarkGarbage/benchmem-MB=4096-128    10000	   1770929 ns/op	 103602864 GC-bytes-from-system	   4608057 STW-ns/GC	      8755 STW-ns/op	   6220610 allocated-bytes/op	    145203 allocs/op	7461826264 bytes-from-system	7197065216 heap-bytes-from-system	 152409128 other-bytes-from-system	7290097664 peak-RSS-bytes	8759099392 peak-VM-bytes	   8749056 stack-bytes-from-system	 124842580 user+sys-ns/op
pkg: golang.org/x/benchmarks
goos: linux
goarch: amd64

consumption=3771KB npkg=444
# memprof=/tmp/11.prof.txt
# cpuprof=/tmp/10.prof.txt
BenchmarkGarbage/benchmem-MB=4096-128    10000	   1876927 ns/op	 105080480 GC-bytes-from-system	   4846873 STW-ns/GC	      9693 STW-ns/op	   6220518 allocated-bytes/op	    145202 allocs/op	7433109192 bytes-from-system	7166263296 heap-bytes-from-system	 152426536 other-bytes-from-system	7296606208 peak-RSS-bytes	8692359168 peak-VM-bytes	   9338880 stack-bytes-from-system	 122642331 user+sys-ns/op
