BenchmarkGarbage/benchmem-MB=4096-128    10000	   1927035 ns/op	 107240160 GC-bytes-from-system	   5709960 STW-ns/GC	     10848 STW-ns/op	   6220544 allocated-bytes/op	    145202 allocs/op	7689633544 bytes-from-system	7418773504 heap-bytes-from-system	 154281000 other-bytes-from-system	7513968640 peak-RSS-bytes	8966053888 peak-VM-bytes	   9338880 stack-bytes-from-system	 119839032 user+sys-ns/op 202172366 cycles/op 166532427 instructions/op
BenchmarkGarbage/benchmem-MB=4096-128    10000	   1793349 ns/op	 107533488 GC-bytes-from-system	   5247483 STW-ns/GC	      9970 STW-ns/op	   6220607 allocated-bytes/op	    145202 allocs/op	7477722840 bytes-from-system	7199621120 heap-bytes-from-system	 152381992 other-bytes-from-system	7315689472 peak-RSS-bytes	8762228736 peak-VM-bytes	  18186240 stack-bytes-from-system	 123320166 user+sys-ns/op 210586907 cycles/op 167512525 instructions/op
BenchmarkGarbage/benchmem-MB=4096-128    10000	   1741951 ns/op	 105066688 GC-bytes-from-system	   4088716 STW-ns/GC	      7768 STW-ns/op	   6220588 allocated-bytes/op	    145202 allocs/op	7564652264 bytes-from-system	7297630208 heap-bytes-from-system	 153108008 other-bytes-from-system	7399460864 peak-RSS-bytes	8828444672 peak-VM-bytes	   8847360 stack-bytes-from-system	 127231083 user+sys-ns/op 217439462 cycles/op 166445572 instructions/op
BenchmarkGarbage/benchmem-MB=4096-128    10000	   1883460 ns/op	 106021536 GC-bytes-from-system	   5449063 STW-ns/GC	     10353 STW-ns/op	   6220527 allocated-bytes/op	    145202 allocs/op	7429918408 bytes-from-system	7162986496 heap-bytes-from-system	 151637032 other-bytes-from-system	7290060800 peak-RSS-bytes	8693751808 peak-VM-bytes	   9273344 stack-bytes-from-system	 119661164 user+sys-ns/op 201858671 cycles/op 166687466 instructions/op
BenchmarkGarbage/benchmem-MB=4096-128    10000	   1811924 ns/op	 105666224 GC-bytes-from-system	   4913589 STW-ns/GC	      9335 STW-ns/op	   6220611 allocated-bytes/op	    145202 allocs/op	7526534872 bytes-from-system	7259586560 heap-bytes-from-system	 152139816 other-bytes-from-system	7394676736 peak-RSS-bytes	8760934400 peak-VM-bytes	   9142272 stack-bytes-from-system	 122831430 user+sys-ns/op 206353091 cycles/op 166780315 instructions/op
BenchmarkGarbage/benchmem-MB=4096-128    10000	   1782364 ns/op	 107503808 GC-bytes-from-system	   4978596 STW-ns/GC	      9957 STW-ns/op	   6220640 allocated-bytes/op	    145203 allocs/op	7526960872 bytes-from-system	7257456640 heap-bytes-from-system	 152890920 other-bytes-from-system	7363694592 peak-RSS-bytes	8828428288 peak-VM-bytes	   9109504 stack-bytes-from-system	 126174446 user+sys-ns/op 213783082 cycles/op 168702014 instructions/op
BenchmarkGarbage/benchmem-MB=4096-128    10000	   1912994 ns/op	 106197664 GC-bytes-from-system	   6425298 STW-ns/GC	     12850 STW-ns/op	   6220600 allocated-bytes/op	    145202 allocs/op	7463657160 bytes-from-system	7195623424 heap-bytes-from-system	 152366120 other-bytes-from-system	7301767168 peak-RSS-bytes	8693751808 peak-VM-bytes	   9469952 stack-bytes-from-system	 122210197 user+sys-ns/op 207208141 cycles/op 167988744 instructions/op
BenchmarkGarbage/benchmem-MB=4096-128    10000	   1893448 ns/op	 104627872 GC-bytes-from-system	   5397919 STW-ns/GC	     10795 STW-ns/op	   6220579 allocated-bytes/op	    145202 allocs/op	7447617224 bytes-from-system	7183138816 heap-bytes-from-system	 150577192 other-bytes-from-system	7295873024 peak-RSS-bytes	8690294784 peak-VM-bytes	   9273344 stack-bytes-from-system	 121864522 user+sys-ns/op 206625439 cycles/op 168512634 instructions/op
BenchmarkGarbage/benchmem-MB=4096-128    10000	   1770929 ns/op	 103602864 GC-bytes-from-system	   4608057 STW-ns/GC	      8755 STW-ns/op	   6220610 allocated-bytes/op	    145203 allocs/op	7461826264 bytes-from-system	7197065216 heap-bytes-from-system	 152409128 other-bytes-from-system	7290097664 peak-RSS-bytes	8759099392 peak-VM-bytes	   8749056 stack-bytes-from-system	 124842580 user+sys-ns/op 212617013 cycles/op 166979649 instructions/op
BenchmarkGarbage/benchmem-MB=4096-128    10000	   1876927 ns/op	 105080480 GC-bytes-from-system	   4846873 STW-ns/GC	      9693 STW-ns/op	   6220518 allocated-bytes/op	    145202 allocs/op	7433109192 bytes-from-system	7166263296 heap-bytes-from-system	 152426536 other-bytes-from-system	7296606208 peak-RSS-bytes	8692359168 peak-VM-bytes	   9338880 stack-bytes-from-system	 122642331 user+sys-ns/op 206754623 cycles/op 168249680 instructions/op
BenchmarkRun/garbage-128 1 42304673535 ns/op 2.022e+12 cycles/op 1.665e+12 instructions/op 1.495 GHz 32.0 CPUs-busy 0 hint-faults 0 pages-migrated
BenchmarkRun/garbage-128 1 37427407008 ns/op 2.106e+12 cycles/op 1.675e+12 instructions/op 1.509 GHz 37.3 CPUs-busy 0 hint-faults 0 pages-migrated
BenchmarkRun/garbage-128 1 38738840940 ns/op 2.174e+12 cycles/op 1.664e+12 instructions/op 1.528 GHz 36.7 CPUs-busy 0 hint-faults 0 pages-migrated
BenchmarkRun/garbage-128 1 41993822878 ns/op 2.019e+12 cycles/op 1.667e+12 instructions/op 1.485 GHz 32.4 CPUs-busy 0 hint-faults 0 pages-migrated
BenchmarkRun/garbage-128 1 40266704323 ns/op 2.064e+12 cycles/op 1.668e+12 instructions/op 1.499 GHz 34.2 CPUs-busy 0 hint-faults 0 pages-migrated
BenchmarkRun/garbage-128 1 38393181206 ns/op 2.138e+12 cycles/op 1.687e+12 instructions/op 1.520 GHz 36.6 CPUs-busy 0 hint-faults 0 pages-migrated
BenchmarkRun/garbage-128 1 42405863679 ns/op 2.072e+12 cycles/op 1.680e+12 instructions/op 1.495 GHz 32.7 CPUs-busy 0 hint-faults 0 pages-migrated
BenchmarkRun/garbage-128 1 42214229644 ns/op 2.066e+12 cycles/op 1.685e+12 instructions/op 1.497 GHz 32.7 CPUs-busy 0 hint-faults 0 pages-migrated
BenchmarkRun/garbage-128 1 37176776493 ns/op 2.126e+12 cycles/op 1.670e+12 instructions/op 1.524 GHz 37.5 CPUs-busy 0 hint-faults 0 pages-migrated
BenchmarkRun/garbage-128 1 42156424241 ns/op 2.068e+12 cycles/op 1.682e+12 instructions/op 1.494 GHz 32.8 CPUs-busy 0 hint-faults 0 pages-migrated
