goos: linux
goarch: amd64
pkg: runtime
cpu: INTEL(R) XEON(R) PLATINUM 8592+
BenchmarkPingPongHog-256                  	 1039255	      1142 ns/op
BenchmarkCreateGoroutines-256             	 1647466	       707.5 ns/op
BenchmarkCreateGoroutinesParallel-256     	 5074165	       216.1 ns/op
BenchmarkCreateGoroutinesCapture-256      	  175378	      6028 ns/op	     144 B/op	       5 allocs/op
PASS
goos: linux
goarch: amd64
pkg: runtime
cpu: INTEL(R) XEON(R) PLATINUM 8592+
BenchmarkPingPongHog-256                  	  990084	      1205 ns/op
BenchmarkCreateGoroutines-256             	 1615707	       740.6 ns/op
BenchmarkCreateGoroutinesParallel-256     	 6421024	       225.3 ns/op
BenchmarkCreateGoroutinesCapture-256      	  145516	      7769 ns/op	     145 B/op	       5 allocs/op
PASS
goos: linux
goarch: amd64
pkg: runtime
cpu: INTEL(R) XEON(R) PLATINUM 8592+
BenchmarkPingPongHog-256                  	  908985	      1185 ns/op
BenchmarkCreateGoroutines-256             	 1629626	       727.6 ns/op
BenchmarkCreateGoroutinesParallel-256     	 6115981	       241.6 ns/op
BenchmarkCreateGoroutinesCapture-256      	  189378	      7533 ns/op	     145 B/op	       5 allocs/op
PASS
goos: linux
goarch: amd64
pkg: runtime
cpu: INTEL(R) XEON(R) PLATINUM 8592+
BenchmarkPingPongHog-256                  	 1017781	      1172 ns/op
BenchmarkCreateGoroutines-256             	 1640504	       709.4 ns/op
BenchmarkCreateGoroutinesParallel-256     	 5420779	       253.5 ns/op
BenchmarkCreateGoroutinesCapture-256      	  138477	      7512 ns/op	     145 B/op	       5 allocs/op
PASS
goos: linux
goarch: amd64
pkg: runtime
cpu: INTEL(R) XEON(R) PLATINUM 8592+
BenchmarkPingPongHog-256                  	  924912	      1247 ns/op
BenchmarkCreateGoroutines-256             	 1600604	       704.1 ns/op
BenchmarkCreateGoroutinesParallel-256     	 5527045	       230.8 ns/op
BenchmarkCreateGoroutinesCapture-256      	  132979	      8098 ns/op	     145 B/op	       5 allocs/op
PASS
goos: linux
goarch: amd64
pkg: runtime
cpu: INTEL(R) XEON(R) PLATINUM 8592+
BenchmarkPingPongHog-256                  	  936597	      1290 ns/op
BenchmarkCreateGoroutines-256             	 1659795	       716.5 ns/op
BenchmarkCreateGoroutinesParallel-256     	 5352362	       242.0 ns/op
BenchmarkCreateGoroutinesCapture-256      	  134552	      7867 ns/op	     144 B/op	       5 allocs/op
PASS
goos: linux
goarch: amd64
pkg: runtime
cpu: INTEL(R) XEON(R) PLATINUM 8592+
BenchmarkPingPongHog-256                  	  963904	      1172 ns/op
BenchmarkCreateGoroutines-256             	 1586217	       723.4 ns/op
BenchmarkCreateGoroutinesParallel-256     	 6166852	       227.0 ns/op
BenchmarkCreateGoroutinesCapture-256      	  141178	      8196 ns/op	     145 B/op	       5 allocs/op
PASS
goos: linux
goarch: amd64
pkg: runtime
cpu: INTEL(R) XEON(R) PLATINUM 8592+
BenchmarkPingPongHog-256                  	  929024	      1168 ns/op
BenchmarkCreateGoroutines-256             	 1739492	       726.8 ns/op
BenchmarkCreateGoroutinesParallel-256     	 5328421	       230.5 ns/op
BenchmarkCreateGoroutinesCapture-256      	  139488	      7377 ns/op	     145 B/op	       5 allocs/op
PASS
goos: linux
goarch: amd64
pkg: runtime
cpu: INTEL(R) XEON(R) PLATINUM 8592+
BenchmarkPingPongHog-256                  	  936326	      1241 ns/op
BenchmarkCreateGoroutines-256             	 1768648	       682.7 ns/op
BenchmarkCreateGoroutinesParallel-256     	 5155690	       257.5 ns/op
BenchmarkCreateGoroutinesCapture-256      	  136297	      7854 ns/op	     145 B/op	       5 allocs/op
PASS
goos: linux
goarch: amd64
pkg: runtime
cpu: INTEL(R) XEON(R) PLATINUM 8592+
BenchmarkPingPongHog-256                  	 1045618	      1195 ns/op
BenchmarkCreateGoroutines-256             	 1668793	       721.1 ns/op
BenchmarkCreateGoroutinesParallel-256     	 5744868	       191.0 ns/op
BenchmarkCreateGoroutinesCapture-256      	  167136	      7721 ns/op	     145 B/op	       5 allocs/op
PASS
