BenchmarkMalloc8  	157398166	         7.611 ns/op
BenchmarkMalloc16 	96339902	        11.82 ns/op
BenchmarkMalloc8  	67534042	        15.43 ns/op
BenchmarkMalloc16 	102006292	        11.77 ns/op
BenchmarkMalloc8  	156358334	         7.640 ns/op
BenchmarkMalloc16 	96789561	        11.96 ns/op
BenchmarkMalloc8  	157002201	         7.633 ns/op
BenchmarkMalloc16 	97281728	        11.80 ns/op
BenchmarkMalloc8  	126627429	        11.24 ns/op
BenchmarkMalloc16 	96080376	        11.82 ns/op
BenchmarkMalloc8  	67462965	        15.56 ns/op
BenchmarkMalloc16 	100741112	        11.88 ns/op
BenchmarkMalloc8  	156381268	         7.633 ns/op
BenchmarkMalloc16 	96708283	        11.89 ns/op
BenchmarkMalloc8  	157201408	         7.627 ns/op
BenchmarkMalloc16 	97048942	        11.83 ns/op
BenchmarkMalloc8  	156266163	         7.640 ns/op
BenchmarkMalloc16 	97005919	        11.90 ns/op
BenchmarkMalloc8  	156750861	         7.636 ns/op
BenchmarkMalloc16 	97089364	        11.89 ns/op
BenchmarkMalloc8  	156178821	         7.621 ns/op
BenchmarkMalloc16 	99209113	        11.77 ns/op
BenchmarkMalloc8  	156676096	         7.611 ns/op
BenchmarkMalloc16 	96742143	        11.86 ns/op
