BenchmarkMalloc8  	160714311	         7.400 ns/op
BenchmarkMalloc16 	98769805	        11.61 ns/op
BenchmarkMalloc8  	162287665	         7.381 ns/op
BenchmarkMalloc16 	98644866	        11.55 ns/op
BenchmarkMalloc8  	162271936	         7.380 ns/op
BenchmarkMalloc16 	98488981	        11.65 ns/op
BenchmarkMalloc8  	161855260	         7.397 ns/op
BenchmarkMalloc16 	100000000	        11.58 ns/op
BenchmarkMalloc8  	161046507	         7.403 ns/op
BenchmarkMalloc16 	98716934	        11.63 ns/op
BenchmarkMalloc8  	162370990	         7.506 ns/op
BenchmarkMalloc16 	98773333	        11.54 ns/op
BenchmarkMalloc8  	161404840	         7.420 ns/op
BenchmarkMalloc16 	99771506	        11.62 ns/op
BenchmarkMalloc8  	161673048	         7.411 ns/op
BenchmarkMalloc16 	100000000	        11.63 ns/op
BenchmarkMalloc8  	161383192	         7.409 ns/op
BenchmarkMalloc16 	100000000	        11.61 ns/op
BenchmarkMalloc8  	160937678	         7.445 ns/op
BenchmarkMalloc16 	97907736	        11.70 ns/op
BenchmarkMalloc8  	162007959	         7.393 ns/op
BenchmarkMalloc16 	97334296	        11.62 ns/op
BenchmarkMalloc8  	162117110	         7.395 ns/op
BenchmarkMalloc16 	98947209	        11.61 ns/op
