BenchmarkMalloc8  	80081540	        14.96 ns/op
BenchmarkMalloc16 	95057187	        11.55 ns/op
BenchmarkMalloc8  	167617099	         7.163 ns/op
BenchmarkMalloc16 	99667996	        11.48 ns/op
BenchmarkMalloc8  	167323010	         7.146 ns/op
BenchmarkMalloc16 	100000000	        11.50 ns/op
BenchmarkMalloc8  	167495462	         7.153 ns/op
BenchmarkMalloc16 	98883814	        11.50 ns/op
BenchmarkMalloc8  	167349886	         7.153 ns/op
BenchmarkMalloc16 	100000000	        11.54 ns/op
BenchmarkMalloc8  	167442040	         7.153 ns/op
BenchmarkMalloc16 	99254121	        11.59 ns/op
BenchmarkMalloc8  	69120091	        14.56 ns/op
BenchmarkMalloc16 	103711767	        11.55 ns/op
BenchmarkMalloc8  	166838466	         7.160 ns/op
BenchmarkMalloc16 	100000000	        11.53 ns/op
BenchmarkMalloc8  	69013560	        14.55 ns/op
BenchmarkMalloc16 	88354566	        11.59 ns/op
BenchmarkMalloc8  	167075221	         7.174 ns/op
BenchmarkMalloc16 	99240790	        11.58 ns/op
BenchmarkMalloc8  	167427226	         7.165 ns/op
BenchmarkMalloc16 	98598454	        11.62 ns/op
BenchmarkMalloc8  	166751802	         7.178 ns/op
BenchmarkMalloc16 	99234258	        11.56 ns/op
