BenchmarkMalloc8  	80114857	        13.04 ns/op
BenchmarkMalloc16 	100000000	        11.58 ns/op
BenchmarkMalloc8  	167478138	         7.151 ns/op
BenchmarkMalloc16 	98689192	        11.56 ns/op
BenchmarkMalloc8  	167514495	         7.174 ns/op
BenchmarkMalloc16 	99612548	        11.53 ns/op
BenchmarkMalloc8  	69578544	        14.75 ns/op
BenchmarkMalloc16 	98841195	        11.54 ns/op
BenchmarkMalloc8  	166944928	         8.327 ns/op
BenchmarkMalloc16 	50124843	        23.25 ns/op
BenchmarkMalloc8  	167072602	         7.159 ns/op
BenchmarkMalloc16 	99974955	        11.54 ns/op
BenchmarkMalloc8  	167321594	         7.147 ns/op
BenchmarkMalloc16 	100000000	        11.51 ns/op
BenchmarkMalloc8  	167326054	         7.150 ns/op
BenchmarkMalloc16 	99817366	        11.55 ns/op
BenchmarkMalloc8  	167419737	         7.159 ns/op
BenchmarkMalloc16 	98508458	        11.57 ns/op
BenchmarkMalloc8  	88702062	        12.96 ns/op
BenchmarkMalloc16 	87523964	        11.50 ns/op
BenchmarkMalloc8  	165983557	         7.160 ns/op
BenchmarkMalloc16 	100000000	        11.53 ns/op
BenchmarkMalloc8  	167394984	         7.160 ns/op
BenchmarkMalloc16 	100000000	        11.51 ns/op
