BenchmarkMalloc8  	65864307	        15.56 ns/op
BenchmarkMalloc16 	100896195	        11.88 ns/op
BenchmarkMalloc8  	66914655	        15.50 ns/op
BenchmarkMalloc16 	49964757	        23.98 ns/op
BenchmarkMalloc8  	156713889	         7.623 ns/op
BenchmarkMalloc16 	97266763	        11.77 ns/op
BenchmarkMalloc8  	68226734	        15.49 ns/op
BenchmarkMalloc16 	98871030	        11.88 ns/op
BenchmarkMalloc8  	68486008	        15.57 ns/op
BenchmarkMalloc16 	91092615	        11.83 ns/op
BenchmarkMalloc8  	155647504	         7.700 ns/op
BenchmarkMalloc16 	96231964	        11.94 ns/op
BenchmarkMalloc8  	156729259	         7.646 ns/op
BenchmarkMalloc16 	99222532	        11.85 ns/op
BenchmarkMalloc8  	156677412	         7.647 ns/op
BenchmarkMalloc16 	98711233	        11.80 ns/op
BenchmarkMalloc8  	156927741	         7.660 ns/op
BenchmarkMalloc16 	97297220	        11.87 ns/op
BenchmarkMalloc8  	156978124	         7.644 ns/op
BenchmarkMalloc16 	96799712	        11.79 ns/op
BenchmarkMalloc8  	156457647	         7.636 ns/op
BenchmarkMalloc16 	98886138	        11.87 ns/op
BenchmarkMalloc8  	151072444	         7.621 ns/op
BenchmarkMalloc16 	96362894	        11.89 ns/op
