BenchmarkMalloc8  	156804879	         7.625 ns/op
BenchmarkMalloc16 	98158312	        11.91 ns/op
BenchmarkMalloc8  	157068391	        13.36 ns/op
BenchmarkMalloc16 	47599306	        24.02 ns/op
BenchmarkMalloc8  	156863100	         7.614 ns/op
BenchmarkMalloc16 	99163022	        11.79 ns/op
BenchmarkMalloc8  	157051468	         7.640 ns/op
BenchmarkMalloc16 	96007526	        12.00 ns/op
BenchmarkMalloc8  	157072156	         7.612 ns/op
BenchmarkMalloc16 	96680958	        11.94 ns/op
BenchmarkMalloc8  	157018113	         7.613 ns/op
BenchmarkMalloc16 	96851948	        11.77 ns/op
BenchmarkMalloc8  	157511929	         7.607 ns/op
BenchmarkMalloc16 	96659713	        11.76 ns/op
BenchmarkMalloc8  	157555453	         7.599 ns/op
BenchmarkMalloc16 	95315678	        11.77 ns/op
BenchmarkMalloc8  	157190032	         7.615 ns/op
BenchmarkMalloc16 	96513420	        12.01 ns/op
BenchmarkMalloc8  	156963582	         7.619 ns/op
BenchmarkMalloc16 	100000000	        11.94 ns/op
BenchmarkMalloc8  	157158193	         7.616 ns/op
BenchmarkMalloc16 	96652005	        17.75 ns/op
BenchmarkMalloc8  	156992332	         7.620 ns/op
BenchmarkMalloc16 	100000000	        11.88 ns/op
