BenchmarkMalloc8  	78825453	        15.32 ns/op
BenchmarkMalloc16 	47970094	        23.74 ns/op
BenchmarkMalloc8  	79635621	        14.97 ns/op
BenchmarkMalloc16 	49445614	        23.63 ns/op
BenchmarkMalloc8  	68273128	        15.17 ns/op
BenchmarkMalloc16 	48129937	        23.70 ns/op
BenchmarkMalloc8  	68036524	        15.11 ns/op
BenchmarkMalloc16 	49993236	        23.67 ns/op
BenchmarkMalloc8  	68676939	        15.03 ns/op
BenchmarkMalloc16 	49141819	        23.64 ns/op
BenchmarkMalloc8  	66581722	        15.09 ns/op
BenchmarkMalloc16 	48121711	        23.65 ns/op
BenchmarkMalloc8  	79983925	        15.08 ns/op
BenchmarkMalloc16 	105651696	        11.39 ns/op
BenchmarkMalloc8  	81703778	        14.67 ns/op
BenchmarkMalloc16 	102706795	        11.68 ns/op
BenchmarkMalloc8  	165303394	         7.248 ns/op
BenchmarkMalloc16 	100000000	        11.36 ns/op
BenchmarkMalloc8  	165105135	         7.211 ns/op
BenchmarkMalloc16 	100000000	        11.32 ns/op
BenchmarkMalloc8  	165890733	         7.208 ns/op
BenchmarkMalloc16 	100000000	        11.34 ns/op
BenchmarkMalloc8  	165609160	         7.239 ns/op
BenchmarkMalloc16 	99765492	        11.36 ns/op
