BenchmarkMalloc8  	64726098	        16.15 ns/op
BenchmarkMalloc16 	45647905	        25.28 ns/op
BenchmarkMalloc8  	64825642	        16.27 ns/op
BenchmarkMalloc16 	45562960	        25.14 ns/op
BenchmarkMalloc8  	65471802	        16.22 ns/op
BenchmarkMalloc16 	45382998	        25.11 ns/op
BenchmarkMalloc8  	64426603	        16.11 ns/op
BenchmarkMalloc16 	47229312	        25.06 ns/op
BenchmarkMalloc8  	74100056	        16.13 ns/op
BenchmarkMalloc16 	47061894	        25.16 ns/op
BenchmarkMalloc8  	66646575	        16.26 ns/op
BenchmarkMalloc16 	47385985	        25.06 ns/op
BenchmarkMalloc8  	154619515	         7.687 ns/op
BenchmarkMalloc16 	100000000	        11.94 ns/op
BenchmarkMalloc8  	155884290	         7.641 ns/op
BenchmarkMalloc16 	96589270	        11.78 ns/op
BenchmarkMalloc8  	65044986	        15.55 ns/op
BenchmarkMalloc16 	89388841	        11.90 ns/op
BenchmarkMalloc8  	155711119	         7.648 ns/op
BenchmarkMalloc16 	96687789	        11.87 ns/op
BenchmarkMalloc8  	156886958	         7.629 ns/op
BenchmarkMalloc16 	97120718	        11.79 ns/op
BenchmarkMalloc8  	154436002	         7.768 ns/op
BenchmarkMalloc16 	95630270	        12.08 ns/op
