BenchmarkMalloc8  	81776161	        12.40 ns/op
BenchmarkMalloc16 	100000000	        11.32 ns/op
BenchmarkMalloc8  	121382760	        13.12 ns/op
BenchmarkMalloc16 	100000000	        11.35 ns/op
BenchmarkMalloc8  	166398993	         7.180 ns/op
BenchmarkMalloc16 	100000000	        11.36 ns/op
BenchmarkMalloc8  	165513580	         7.228 ns/op
BenchmarkMalloc16 	100000000	        11.38 ns/op
BenchmarkMalloc8  	165828084	         7.215 ns/op
BenchmarkMalloc16 	99117834	        11.35 ns/op
BenchmarkMalloc8  	165066369	         7.235 ns/op
BenchmarkMalloc16 	100000000	        11.36 ns/op
BenchmarkMalloc8  	165652362	         7.227 ns/op
BenchmarkMalloc16 	100000000	        11.32 ns/op
BenchmarkMalloc8  	166426088	         7.204 ns/op
BenchmarkMalloc16 	100000000	        11.32 ns/op
BenchmarkMalloc8  	167100156	         7.155 ns/op
BenchmarkMalloc16 	100000000	        11.34 ns/op
BenchmarkMalloc8  	70090993	        14.61 ns/op
BenchmarkMalloc16 	106135389	        11.32 ns/op
BenchmarkMalloc8  	166755002	         7.209 ns/op
BenchmarkMalloc16 	99439335	        11.38 ns/op
BenchmarkMalloc8  	166684222	         7.185 ns/op
BenchmarkMalloc16 	100000000	        11.35 ns/op
BenchmarkMalloc8  	166952676	         7.169 ns/op
BenchmarkMalloc16 	100000000	        11.28 ns/op
BenchmarkMalloc8  	167111481	         7.167 ns/op
BenchmarkMalloc16 	99939145	        11.31 ns/op
BenchmarkMalloc8  	166750419	         7.181 ns/op
BenchmarkMalloc16 	100000000	        11.31 ns/op
BenchmarkMalloc8  	166445362	         7.150 ns/op
BenchmarkMalloc16 	100000000	        11.24 ns/op
BenchmarkMalloc8  	166386115	         7.173 ns/op
BenchmarkMalloc16 	99980944	        11.27 ns/op
BenchmarkMalloc8  	166619952	         7.206 ns/op
BenchmarkMalloc16 	100000000	        11.30 ns/op
BenchmarkMalloc8  	82164283	        13.36 ns/op
BenchmarkMalloc16 	100000000	        11.37 ns/op
BenchmarkMalloc8  	82060898	        14.15 ns/op
BenchmarkMalloc16 	100000000	        11.32 ns/op
BenchmarkMalloc8  	166390738	         7.196 ns/op
BenchmarkMalloc16 	100000000	        11.29 ns/op
BenchmarkMalloc8  	165219622	         7.233 ns/op
BenchmarkMalloc16 	100000000	        11.33 ns/op
BenchmarkMalloc8  	165814852	         7.215 ns/op
BenchmarkMalloc16 	100000000	        11.51 ns/op
BenchmarkMalloc8  	166816370	         7.184 ns/op
BenchmarkMalloc16 	100000000	        12.37 ns/op
