BenchmarkMalloc8  	156265372	         7.651 ns/op
BenchmarkMalloc16 	100000000	        11.81 ns/op
BenchmarkMalloc8  	155865033	         7.649 ns/op
BenchmarkMalloc16 	96342160	        11.77 ns/op
BenchmarkMalloc8  	156466814	         7.635 ns/op
BenchmarkMalloc16 	96885768	        11.83 ns/op
BenchmarkMalloc8  	155429588	         7.810 ns/op
BenchmarkMalloc16 	97242108	        11.94 ns/op
BenchmarkMalloc8  	156036483	         7.686 ns/op
BenchmarkMalloc16 	96532969	        11.89 ns/op
BenchmarkMalloc8  	152284215	         7.630 ns/op
BenchmarkMalloc16 	96952029	        11.77 ns/op
BenchmarkMalloc8  	156740508	         7.779 ns/op
BenchmarkMalloc16 	96883374	        11.93 ns/op
BenchmarkMalloc8  	156604771	         7.680 ns/op
BenchmarkMalloc16 	99396234	        11.90 ns/op
BenchmarkMalloc8  	145437811	         7.635 ns/op
BenchmarkMalloc16 	96527006	        11.93 ns/op
BenchmarkMalloc8  	65795547	        15.71 ns/op
BenchmarkMalloc16 	47387922	        23.20 ns/op
BenchmarkMalloc8  	156248697	         7.677 ns/op
BenchmarkMalloc16 	100000000	        11.86 ns/op
BenchmarkMalloc8  	156959007	         7.636 ns/op
BenchmarkMalloc16 	94038609	        11.90 ns/op
BenchmarkMalloc8  	155648612	         7.666 ns/op
BenchmarkMalloc16 	97016672	        11.85 ns/op
BenchmarkMalloc8  	66946192	        15.73 ns/op
BenchmarkMalloc16 	49602223	        22.26 ns/op
BenchmarkMalloc8  	156939085	         7.646 ns/op
BenchmarkMalloc16 	94831800	        11.79 ns/op
BenchmarkMalloc8  	156692059	         7.659 ns/op
BenchmarkMalloc16 	97035414	        11.81 ns/op
BenchmarkMalloc8  	140787048	         7.633 ns/op
BenchmarkMalloc16 	96365703	        11.95 ns/op
BenchmarkMalloc8  	135216048	         7.634 ns/op
BenchmarkMalloc16 	94751239	        11.86 ns/op
BenchmarkMalloc8  	66382428	        15.58 ns/op
BenchmarkMalloc16 	47771137	        23.98 ns/op
BenchmarkMalloc8  	156485594	         7.646 ns/op
BenchmarkMalloc16 	97129144	        11.76 ns/op
BenchmarkMalloc8  	156446367	         9.645 ns/op
BenchmarkMalloc16 	100000000	        11.92 ns/op
BenchmarkMalloc8  	156809906	         7.631 ns/op
BenchmarkMalloc16 	96694693	        11.78 ns/op
BenchmarkMalloc8  	156610803	         7.648 ns/op
BenchmarkMalloc16 	96995178	        11.83 ns/op
BenchmarkMalloc8  	64667959	        15.50 ns/op
BenchmarkMalloc16 	102023395	        11.76 ns/op
