BenchmarkMalloc8  	166880698	         7.207 ns/op
BenchmarkMalloc16 	100000000	        11.32 ns/op
BenchmarkMalloc8  	69102888	        14.54 ns/op
BenchmarkMalloc16 	105721750	        11.34 ns/op
BenchmarkMalloc8  	69563047	        14.61 ns/op
BenchmarkMalloc16 	105572790	        11.38 ns/op
BenchmarkMalloc8  	166244851	         7.191 ns/op
BenchmarkMalloc16 	100000000	        11.31 ns/op
BenchmarkMalloc8  	166217667	         7.213 ns/op
BenchmarkMalloc16 	100000000	        11.31 ns/op
BenchmarkMalloc8  	165757453	         7.226 ns/op
BenchmarkMalloc16 	100000000	        11.33 ns/op
BenchmarkMalloc8  	166119265	         7.209 ns/op
BenchmarkMalloc16 	100000000	        11.34 ns/op
BenchmarkMalloc8  	167060308	         7.174 ns/op
BenchmarkMalloc16 	100000000	        11.34 ns/op
BenchmarkMalloc8  	164178776	         7.153 ns/op
BenchmarkMalloc16 	100000000	        11.33 ns/op
BenchmarkMalloc8  	167190882	         7.156 ns/op
BenchmarkMalloc16 	100000000	        11.25 ns/op
BenchmarkMalloc8  	165805489	         7.212 ns/op
BenchmarkMalloc16 	100000000	        11.32 ns/op
BenchmarkMalloc8  	92940876	        14.57 ns/op
BenchmarkMalloc16 	51770820	        22.70 ns/op
