BenchmarkMalloc8  	67470555	        15.15 ns/op
BenchmarkMalloc16 	48655251	        23.50 ns/op
BenchmarkMalloc8  	66687946	        15.10 ns/op
BenchmarkMalloc16 	48673107	        23.53 ns/op
BenchmarkMalloc8  	160260748	         7.441 ns/op
BenchmarkMalloc16 	100000000	        11.75 ns/op
BenchmarkMalloc8  	159938674	         7.489 ns/op
BenchmarkMalloc16 	100000000	        11.72 ns/op
BenchmarkMalloc8  	160634973	         7.472 ns/op
BenchmarkMalloc16 	100000000	        11.74 ns/op
BenchmarkMalloc8  	160588128	         7.463 ns/op
BenchmarkMalloc16 	97255024	        11.72 ns/op
BenchmarkMalloc8  	160595955	         7.462 ns/op
BenchmarkMalloc16 	98409577	        11.72 ns/op
BenchmarkMalloc8  	159513297	         7.478 ns/op
BenchmarkMalloc16 	100000000	        11.73 ns/op
BenchmarkMalloc8  	150188461	         7.429 ns/op
BenchmarkMalloc16 	97187136	        11.73 ns/op
BenchmarkMalloc8  	160744671	         7.440 ns/op
BenchmarkMalloc16 	97006218	        19.59 ns/op
BenchmarkMalloc8  	160591828	         7.448 ns/op
BenchmarkMalloc16 	100000000	        11.74 ns/op
BenchmarkMalloc8  	160872248	         7.434 ns/op
BenchmarkMalloc16 	98289757	        11.71 ns/op
