BenchmarkMalloc8  	67269712	        15.04 ns/op
BenchmarkMalloc16 	103311735	        15.32 ns/op
BenchmarkMalloc8  	167416074	         7.162 ns/op
BenchmarkMalloc16 	100000000	        11.55 ns/op
BenchmarkMalloc8  	165975300	         7.177 ns/op
BenchmarkMalloc16 	100000000	        11.58 ns/op
BenchmarkMalloc8  	167379751	         7.155 ns/op
BenchmarkMalloc16 	99851329	        12.05 ns/op
BenchmarkMalloc8  	166162194	         7.178 ns/op
BenchmarkMalloc16 	100000000	        11.57 ns/op
BenchmarkMalloc8  	165146304	         7.185 ns/op
BenchmarkMalloc16 	97674952	        11.68 ns/op
BenchmarkMalloc8  	167476620	         7.151 ns/op
BenchmarkMalloc16 	99455719	        11.57 ns/op
BenchmarkMalloc8  	167392734	         7.155 ns/op
BenchmarkMalloc16 	99770576	        11.55 ns/op
BenchmarkMalloc8  	167244460	         7.153 ns/op
BenchmarkMalloc16 	100000000	        11.50 ns/op
BenchmarkMalloc8  	167397541	         7.162 ns/op
BenchmarkMalloc16 	99524042	        11.55 ns/op
BenchmarkMalloc8  	167282991	         8.534 ns/op
BenchmarkMalloc16 	102983888	        11.66 ns/op
BenchmarkMalloc8  	71085165	        14.52 ns/op
BenchmarkMalloc16 	49738070	        23.36 ns/op
BenchmarkMalloc8  	144872289	         7.139 ns/op
BenchmarkMalloc16 	99683082	        11.49 ns/op
BenchmarkMalloc8  	167713641	         7.165 ns/op
BenchmarkMalloc16 	98292930	        11.59 ns/op
BenchmarkMalloc8  	167272573	         7.173 ns/op
BenchmarkMalloc16 	100000000	        11.53 ns/op
BenchmarkMalloc8  	167143093	         7.151 ns/op
BenchmarkMalloc16 	99600344	        11.50 ns/op
BenchmarkMalloc8  	167322910	         7.149 ns/op
BenchmarkMalloc16 	100000000	        11.55 ns/op
BenchmarkMalloc8  	167128257	         7.161 ns/op
BenchmarkMalloc16 	100000000	        11.54 ns/op
BenchmarkMalloc8  	167386255	        10.46 ns/op
BenchmarkMalloc16 	103505250	        11.57 ns/op
BenchmarkMalloc8  	167235579	         7.151 ns/op
BenchmarkMalloc16 	100000000	        11.51 ns/op
