BenchmarkMalloc8  	67973113	        15.54 ns/op
BenchmarkMalloc16 	101199775	        11.82 ns/op
BenchmarkMalloc8  	67289176	        15.55 ns/op
BenchmarkMalloc16 	101311393	        11.77 ns/op
BenchmarkMalloc8  	156794433	         7.619 ns/op
BenchmarkMalloc16 	95789798	        11.95 ns/op
BenchmarkMalloc8  	157039695	         7.620 ns/op
BenchmarkMalloc16 	96518558	        11.87 ns/op
BenchmarkMalloc8  	64901805	        15.67 ns/op
BenchmarkMalloc16 	100703686	        11.90 ns/op
BenchmarkMalloc8  	157274352	         7.622 ns/op
BenchmarkMalloc16 	99825512	        11.76 ns/op
BenchmarkMalloc8  	156370082	         7.644 ns/op
BenchmarkMalloc16 	96754896	        11.79 ns/op
BenchmarkMalloc8  	157006078	         7.632 ns/op
BenchmarkMalloc16 	99601998	        11.90 ns/op
BenchmarkMalloc8  	156526886	         7.615 ns/op
BenchmarkMalloc16 	96259422	        11.93 ns/op
BenchmarkMalloc8  	156382930	         7.645 ns/op
BenchmarkMalloc16 	96269901	        11.88 ns/op
BenchmarkMalloc8  	156503175	         7.622 ns/op
BenchmarkMalloc16 	99402672	        11.77 ns/op
BenchmarkMalloc8  	156661712	         8.045 ns/op
BenchmarkMalloc16 	47659648	        23.91 ns/op
BenchmarkMalloc8  	69984364	        15.45 ns/op
BenchmarkMalloc16 	102028310	        11.75 ns/op
BenchmarkMalloc8  	157380926	         7.622 ns/op
BenchmarkMalloc16 	100000000	        11.76 ns/op
BenchmarkMalloc8  	156785895	         7.635 ns/op
BenchmarkMalloc16 	96840630	        11.88 ns/op
BenchmarkMalloc8  	156802525	         7.647 ns/op
BenchmarkMalloc16 	94699405	        11.89 ns/op
BenchmarkMalloc8  	156706023	         7.647 ns/op
BenchmarkMalloc16 	97245024	        11.76 ns/op
BenchmarkMalloc8  	65619499	        15.56 ns/op
BenchmarkMalloc16 	101550379	        11.86 ns/op
BenchmarkMalloc8  	156849752	         7.634 ns/op
BenchmarkMalloc16 	97139547	        11.76 ns/op
BenchmarkMalloc8  	156345722	         7.642 ns/op
BenchmarkMalloc16 	100000000	        11.79 ns/op
