BenchmarkMalloc8  	157276366	         7.617 ns/op
BenchmarkMalloc16 	100000000	        11.71 ns/op
BenchmarkMalloc8  	157616197	         7.601 ns/op
BenchmarkMalloc16 	100000000	        11.65 ns/op
BenchmarkMalloc8  	157797928	         7.594 ns/op
BenchmarkMalloc16 	99081856	        11.66 ns/op
BenchmarkMalloc8  	102561429	        15.29 ns/op
BenchmarkMalloc16 	103262532	        11.61 ns/op
BenchmarkMalloc8  	157133781	         7.605 ns/op
BenchmarkMalloc16 	99783030	        11.67 ns/op
BenchmarkMalloc8  	157378514	         7.600 ns/op
BenchmarkMalloc16 	99505366	        11.68 ns/op
BenchmarkMalloc8  	157539588	        12.13 ns/op
BenchmarkMalloc16 	99094785	        11.68 ns/op
BenchmarkMalloc8  	157144881	         7.609 ns/op
BenchmarkMalloc16 	99364118	        11.64 ns/op
BenchmarkMalloc8  	157440534	         7.613 ns/op
BenchmarkMalloc16 	99302318	        11.70 ns/op
BenchmarkMalloc8  	157678736	         7.598 ns/op
BenchmarkMalloc16 	99510565	        11.65 ns/op
