BenchmarkMalloc8  	69577942	        14.97 ns/op
BenchmarkMalloc16 	103630783	        11.55 ns/op
BenchmarkMalloc8  	69979956	        14.60 ns/op
BenchmarkMalloc16 	104144109	        11.53 ns/op
BenchmarkMalloc8  	166570168	         7.168 ns/op
BenchmarkMalloc16 	99763692	        11.54 ns/op
BenchmarkMalloc8  	166326825	         7.170 ns/op
BenchmarkMalloc16 	99601609	        11.55 ns/op
BenchmarkMalloc8  	156906961	         7.156 ns/op
BenchmarkMalloc16 	99027826	        11.51 ns/op
BenchmarkMalloc8  	167418571	         7.149 ns/op
BenchmarkMalloc16 	99903235	        11.50 ns/op
BenchmarkMalloc8  	167340078	         7.157 ns/op
BenchmarkMalloc16 	98592979	        11.55 ns/op
BenchmarkMalloc8  	167218978	         7.152 ns/op
BenchmarkMalloc16 	99236827	        11.60 ns/op
BenchmarkMalloc8  	167233335	         7.153 ns/op
BenchmarkMalloc16 	100000000	        11.58 ns/op
BenchmarkMalloc8  	167811661	         7.164 ns/op
BenchmarkMalloc16 	100000000	        11.56 ns/op
