BenchmarkMalloc8  	156797668	         7.646 ns/op
BenchmarkMalloc16 	96778860	        11.92 ns/op
BenchmarkMalloc8  	67411234	        15.67 ns/op
BenchmarkMalloc16 	100618760	        11.92 ns/op
BenchmarkMalloc8  	156582885	         7.638 ns/op
BenchmarkMalloc16 	97288669	        11.78 ns/op
BenchmarkMalloc8  	157113478	         7.631 ns/op
BenchmarkMalloc16 	97119554	        11.77 ns/op
BenchmarkMalloc8  	156617096	         7.643 ns/op
BenchmarkMalloc16 	97013174	        11.76 ns/op
BenchmarkMalloc8  	156555236	         7.670 ns/op
BenchmarkMalloc16 	100000000	        11.81 ns/op
BenchmarkMalloc8  	67732802	        15.51 ns/op
BenchmarkMalloc16 	100699920	        11.93 ns/op
BenchmarkMalloc8  	156171924	         7.642 ns/op
BenchmarkMalloc16 	96827002	        11.83 ns/op
BenchmarkMalloc8  	157268571	         7.611 ns/op
BenchmarkMalloc16 	96567087	        12.05 ns/op
BenchmarkMalloc8  	156284641	         7.662 ns/op
BenchmarkMalloc16 	98884899	        11.91 ns/op
