BenchmarkMalloc8  	65327012	        16.20 ns/op
BenchmarkMalloc16 	45785190	        26.20 ns/op
BenchmarkMalloc8  	149911995	         8.421 ns/op
BenchmarkMalloc16 	83276739	        14.99 ns/op
BenchmarkMalloc8  	138608246	         8.357 ns/op
BenchmarkMalloc16 	86783331	        14.45 ns/op
BenchmarkMalloc8  	150380059	         8.400 ns/op
BenchmarkMalloc16 	85896459	        14.58 ns/op
BenchmarkMalloc8  	149824347	         8.412 ns/op
BenchmarkMalloc16 	85980375	        14.70 ns/op
BenchmarkMalloc8  	150240384	         8.384 ns/op
BenchmarkMalloc16 	86349714	        14.55 ns/op
BenchmarkMalloc8  	149520901	         8.433 ns/op
BenchmarkMalloc16 	86544912	        14.55 ns/op
BenchmarkMalloc8  	67828243	        16.10 ns/op
BenchmarkMalloc16 	88135990	        14.08 ns/op
BenchmarkMalloc8  	67584258	        16.44 ns/op
BenchmarkMalloc16 	46629895	        23.93 ns/op
BenchmarkMalloc8  	149403450	         8.470 ns/op
BenchmarkMalloc16 	86011910	        14.61 ns/op
