BenchmarkMalloc8  	165741644	         7.176 ns/op
BenchmarkMalloc16 	99555468	        11.57 ns/op
BenchmarkMalloc8  	166782752	         7.173 ns/op
BenchmarkMalloc16 	91055434	        11.56 ns/op
BenchmarkMalloc8  	166864851	         7.160 ns/op
BenchmarkMalloc16 	99409746	        11.60 ns/op
BenchmarkMalloc8  	167517028	         7.157 ns/op
BenchmarkMalloc16 	99365426	        11.51 ns/op
BenchmarkMalloc8  	166514610	         7.160 ns/op
BenchmarkMalloc16 	99827547	        11.56 ns/op
BenchmarkMalloc8  	167320550	         7.162 ns/op
BenchmarkMalloc16 	99666606	        11.52 ns/op
BenchmarkMalloc8  	67591585	        14.88 ns/op
BenchmarkMalloc16 	104410674	        11.50 ns/op
BenchmarkMalloc8  	82639419	        14.52 ns/op
BenchmarkMalloc16 	98286111	        11.60 ns/op
BenchmarkMalloc8  	162658684	         7.146 ns/op
BenchmarkMalloc16 	100000000	        11.56 ns/op
BenchmarkMalloc8  	166334114	         7.175 ns/op
BenchmarkMalloc16 	99556846	        11.52 ns/op
BenchmarkMalloc8  	166768075	         7.195 ns/op
BenchmarkMalloc16 	100000000	        11.55 ns/op
BenchmarkMalloc8  	167412759	         7.152 ns/op
BenchmarkMalloc16 	98883139	        11.60 ns/op
