BenchmarkMalloc8  	134410824	         8.360 ns/op
BenchmarkMalloc16 	84936328	        14.76 ns/op
BenchmarkMalloc8  	149804383	         8.420 ns/op
BenchmarkMalloc16 	86302473	        14.67 ns/op
BenchmarkMalloc8  	150476436	        12.29 ns/op
BenchmarkMalloc16 	77264215	        15.19 ns/op
BenchmarkMalloc8  	150543372	         8.362 ns/op
BenchmarkMalloc16 	86304273	        14.57 ns/op
BenchmarkMalloc8  	149819064	         8.418 ns/op
BenchmarkMalloc16 	86651182	        14.56 ns/op
BenchmarkMalloc8  	149669400	         8.445 ns/op
BenchmarkMalloc16 	86103559	        14.69 ns/op
BenchmarkMalloc8  	149067627	         8.502 ns/op
BenchmarkMalloc16 	86009556	        14.64 ns/op
BenchmarkMalloc8  	150531087	         8.388 ns/op
BenchmarkMalloc16 	85880168	        14.86 ns/op
BenchmarkMalloc8  	150734812	         8.358 ns/op
BenchmarkMalloc16 	86858874	        14.45 ns/op
BenchmarkMalloc8  	149771718	        14.27 ns/op
BenchmarkMalloc16 	81361698	        15.30 ns/op
BenchmarkMalloc8  	150333092	         8.431 ns/op
BenchmarkMalloc16 	87260655	        14.66 ns/op
BenchmarkMalloc8  	149237506	         8.401 ns/op
BenchmarkMalloc16 	86357761	        14.55 ns/op
