BenchmarkMalloc8  	157129825	         7.622 ns/op
BenchmarkMalloc16 	96311308	        11.89 ns/op
BenchmarkMalloc8  	67738339	        15.48 ns/op
BenchmarkMalloc16 	100485423	        11.98 ns/op
BenchmarkMalloc8  	156757185	         7.764 ns/op
BenchmarkMalloc16 	96983364	        11.79 ns/op
BenchmarkMalloc8  	157119943	         7.632 ns/op
BenchmarkMalloc16 	97560420	        11.97 ns/op
BenchmarkMalloc8  	156924374	         7.638 ns/op
BenchmarkMalloc16 	97442158	        11.76 ns/op
BenchmarkMalloc8  	156647380	         7.639 ns/op
BenchmarkMalloc16 	96712725	        11.84 ns/op
BenchmarkMalloc8  	156560484	         7.632 ns/op
BenchmarkMalloc16 	99244352	        11.83 ns/op
BenchmarkMalloc8  	156768414	         7.616 ns/op
BenchmarkMalloc16 	95830946	        11.91 ns/op
BenchmarkMalloc8  	156774861	         7.641 ns/op
BenchmarkMalloc16 	100000000	        11.89 ns/op
BenchmarkMalloc8  	156712360	         7.627 ns/op
BenchmarkMalloc16 	97506926	        11.76 ns/op
BenchmarkMalloc8  	156429375	         7.627 ns/op
BenchmarkMalloc16 	100000000	        11.79 ns/op
BenchmarkMalloc8  	156819780	         7.625 ns/op
BenchmarkMalloc16 	100000000	        11.88 ns/op
