BenchmarkMalloc8  	157510638	         7.604 ns/op
BenchmarkMalloc16 	100000000	        11.64 ns/op
BenchmarkMalloc8  	157149537	         7.615 ns/op
BenchmarkMalloc16 	99154893	        11.68 ns/op
BenchmarkMalloc8  	157313472	         7.608 ns/op
BenchmarkMalloc16 	100000000	        11.68 ns/op
BenchmarkMalloc8  	156958105	         7.646 ns/op
BenchmarkMalloc16 	98930755	        11.70 ns/op
BenchmarkMalloc8  	157566300	         7.595 ns/op
BenchmarkMalloc16 	99457252	        11.63 ns/op
BenchmarkMalloc8  	157409726	         7.609 ns/op
BenchmarkMalloc16 	100000000	        11.67 ns/op
BenchmarkMalloc8  	80369403	        12.58 ns/op
BenchmarkMalloc16 	49942875	        23.40 ns/op
BenchmarkMalloc8  	157166067	        10.03 ns/op
BenchmarkMalloc16 	102979272	        11.67 ns/op
BenchmarkMalloc8  	156706393	         7.601 ns/op
BenchmarkMalloc16 	99425518	        11.67 ns/op
BenchmarkMalloc8  	157179445	         7.606 ns/op
BenchmarkMalloc16 	100000000	        11.68 ns/op
BenchmarkMalloc8  	157428630	         7.607 ns/op
BenchmarkMalloc16 	100000000	        11.67 ns/op
BenchmarkMalloc8  	157295415	         7.608 ns/op
BenchmarkMalloc16 	99536664	        11.69 ns/op
