BenchmarkMalloc8  	68237970	        14.97 ns/op
BenchmarkMalloc16 	48666820	        24.01 ns/op
BenchmarkMalloc8  	167027396	         7.154 ns/op
BenchmarkMalloc16 	99366966	        11.56 ns/op
BenchmarkMalloc8  	165912676	         7.196 ns/op
BenchmarkMalloc16 	98978688	        11.58 ns/op
BenchmarkMalloc8  	167707321	         7.164 ns/op
BenchmarkMalloc16 	99714608	        11.53 ns/op
BenchmarkMalloc8  	166231326	         7.197 ns/op
BenchmarkMalloc16 	99488528	        11.61 ns/op
BenchmarkMalloc8  	166399520	         7.179 ns/op
BenchmarkMalloc16 	99615996	        11.50 ns/op
BenchmarkMalloc8  	167328214	         7.288 ns/op
BenchmarkMalloc16 	98912578	        11.55 ns/op
BenchmarkMalloc8  	167893293	         7.170 ns/op
BenchmarkMalloc16 	98168992	        11.55 ns/op
BenchmarkMalloc8  	167400765	         7.175 ns/op
BenchmarkMalloc16 	99613896	        11.57 ns/op
BenchmarkMalloc8  	166602798	         7.180 ns/op
BenchmarkMalloc16 	99315903	        11.74 ns/op
BenchmarkMalloc8  	167131017	         7.150 ns/op
BenchmarkMalloc16 	98743138	        11.60 ns/op
BenchmarkMalloc8  	167277949	         7.147 ns/op
BenchmarkMalloc16 	99258915	        11.54 ns/op
