BenchmarkMalloc8  	156850160	         7.598 ns/op
BenchmarkMalloc16 	98924239	        11.69 ns/op
BenchmarkMalloc8  	78351558	        15.33 ns/op
BenchmarkMalloc16 	103012404	        11.67 ns/op
BenchmarkMalloc8  	157526094	         7.582 ns/op
BenchmarkMalloc16 	99535632	        11.63 ns/op
BenchmarkMalloc8  	157751457	         7.601 ns/op
BenchmarkMalloc16 	99237417	        11.69 ns/op
BenchmarkMalloc8  	157619300	         7.606 ns/op
BenchmarkMalloc16 	98343340	        11.69 ns/op
BenchmarkMalloc8  	157745553	         7.595 ns/op
BenchmarkMalloc16 	99383967	        11.67 ns/op
BenchmarkMalloc8  	157974534	         7.592 ns/op
BenchmarkMalloc16 	99505275	        11.69 ns/op
BenchmarkMalloc8  	157123447	         7.608 ns/op
BenchmarkMalloc16 	98623454	        11.69 ns/op
BenchmarkMalloc8  	157658235	         7.592 ns/op
BenchmarkMalloc16 	99396628	        11.67 ns/op
BenchmarkMalloc8  	157213162	         7.594 ns/op
BenchmarkMalloc16 	99000808	        11.71 ns/op
BenchmarkMalloc8  	158250386	         7.582 ns/op
BenchmarkMalloc16 	99061352	        11.71 ns/op
BenchmarkMalloc8  	157572729	         7.609 ns/op
BenchmarkMalloc16 	97861274	        11.69 ns/op
