BenchmarkMalloc8  	157480902	         7.623 ns/op
BenchmarkMalloc16 	98373726	        11.70 ns/op
BenchmarkMalloc8  	68184828	        15.46 ns/op
BenchmarkMalloc16 	102912337	        11.68 ns/op
BenchmarkMalloc8  	156817255	         7.634 ns/op
BenchmarkMalloc16 	97888759	        11.72 ns/op
BenchmarkMalloc8  	157719774	         7.606 ns/op
BenchmarkMalloc16 	98781294	        11.68 ns/op
BenchmarkMalloc8  	157598744	         7.600 ns/op
BenchmarkMalloc16 	98313876	        11.70 ns/op
BenchmarkMalloc8  	157258910	         7.615 ns/op
BenchmarkMalloc16 	99164554	        11.67 ns/op
BenchmarkMalloc8  	156632689	         7.599 ns/op
BenchmarkMalloc16 	98644557	        11.68 ns/op
BenchmarkMalloc8  	157157574	         7.600 ns/op
BenchmarkMalloc16 	99631008	        11.65 ns/op
BenchmarkMalloc8  	157547833	         7.604 ns/op
BenchmarkMalloc16 	99150543	        11.66 ns/op
BenchmarkMalloc8  	157427575	        11.58 ns/op
BenchmarkMalloc16 	99195860	        11.67 ns/op
BenchmarkMalloc8  	157139460	         7.598 ns/op
BenchmarkMalloc16 	99247891	        11.64 ns/op
BenchmarkMalloc8  	157367959	         7.605 ns/op
BenchmarkMalloc16 	99155959	        11.67 ns/op
