BenchmarkMalloc8  	67549017	        15.24 ns/op
BenchmarkMalloc16 	94512225	        11.71 ns/op
BenchmarkMalloc8  	158470321	         7.554 ns/op
BenchmarkMalloc16 	100000000	        11.85 ns/op
BenchmarkMalloc8  	158331133	         7.576 ns/op
BenchmarkMalloc16 	98624881	        11.68 ns/op
BenchmarkMalloc8  	158192343	         7.564 ns/op
BenchmarkMalloc16 	98822325	        11.68 ns/op
BenchmarkMalloc8  	69507668	        15.29 ns/op
BenchmarkMalloc16 	102551166	        11.70 ns/op
BenchmarkMalloc8  	158653975	         7.564 ns/op
BenchmarkMalloc16 	98724438	        11.67 ns/op
BenchmarkMalloc8  	158811127	         7.568 ns/op
BenchmarkMalloc16 	98858252	        11.69 ns/op
BenchmarkMalloc8  	67540881	        15.55 ns/op
BenchmarkMalloc16 	92232039	        11.65 ns/op
BenchmarkMalloc8  	158992394	         7.537 ns/op
BenchmarkMalloc16 	99274156	        11.63 ns/op
BenchmarkMalloc8  	69349201	        15.23 ns/op
BenchmarkMalloc16 	48916360	        23.36 ns/op
BenchmarkMalloc8  	158019619	         7.572 ns/op
BenchmarkMalloc16 	98952430	        11.70 ns/op
BenchmarkMalloc8  	158486007	         7.550 ns/op
BenchmarkMalloc16 	99262528	        11.66 ns/op
