BenchmarkMalloc8  	68550122	        14.98 ns/op
BenchmarkMalloc16 	48984015	        24.06 ns/op
BenchmarkMalloc8  	167307148	         7.147 ns/op
BenchmarkMalloc16 	100000000	        11.55 ns/op
BenchmarkMalloc8  	166674207	         7.195 ns/op
BenchmarkMalloc16 	100000000	        11.60 ns/op
BenchmarkMalloc8  	166337606	         7.193 ns/op
BenchmarkMalloc16 	99442161	        11.62 ns/op
BenchmarkMalloc8  	167670718	         7.154 ns/op
BenchmarkMalloc16 	99709744	        11.53 ns/op
BenchmarkMalloc8  	83093493	        14.53 ns/op
BenchmarkMalloc16 	48802023	        23.22 ns/op
BenchmarkMalloc8  	167568763	         7.155 ns/op
BenchmarkMalloc16 	99561802	        11.53 ns/op
BenchmarkMalloc8  	167870046	        10.75 ns/op
BenchmarkMalloc16 	99128109	        11.56 ns/op
BenchmarkMalloc8  	167500954	         7.168 ns/op
BenchmarkMalloc16 	99891708	        11.52 ns/op
BenchmarkMalloc8  	167465842	         7.135 ns/op
BenchmarkMalloc16 	98955621	        11.57 ns/op
BenchmarkMalloc8  	167123964	         7.153 ns/op
BenchmarkMalloc16 	99817233	        11.52 ns/op
BenchmarkMalloc8  	166929028	         7.152 ns/op
BenchmarkMalloc16 	99395880	        11.52 ns/op
