BenchmarkMalloc8  	161279090	         7.407 ns/op
BenchmarkMalloc16 	96509469	        12.15 ns/op
BenchmarkMalloc8  	71741817	        14.95 ns/op
BenchmarkMalloc16 	99460060	        12.04 ns/op
BenchmarkMalloc8  	160450377	         7.430 ns/op
BenchmarkMalloc16 	95170078	        12.08 ns/op
BenchmarkMalloc8  	161335670	         7.436 ns/op
BenchmarkMalloc16 	94788279	        12.13 ns/op
BenchmarkMalloc8  	160540164	         7.422 ns/op
BenchmarkMalloc16 	97413674	        12.12 ns/op
BenchmarkMalloc8  	161703927	         7.409 ns/op
BenchmarkMalloc16 	96009945	        12.09 ns/op
BenchmarkMalloc8  	70462012	        14.88 ns/op
BenchmarkMalloc16 	47035873	        22.60 ns/op
BenchmarkMalloc8  	161878735	         7.393 ns/op
BenchmarkMalloc16 	95189118	        12.12 ns/op
BenchmarkMalloc8  	161191035	         7.420 ns/op
BenchmarkMalloc16 	95382637	        12.08 ns/op
BenchmarkMalloc8  	161821266	         7.425 ns/op
BenchmarkMalloc16 	97879784	        12.09 ns/op
BenchmarkMalloc8  	161557460	         7.413 ns/op
BenchmarkMalloc16 	95335965	        12.10 ns/op
BenchmarkMalloc8  	161868213	         9.381 ns/op
BenchmarkMalloc16 	47373634	        24.35 ns/op
