BenchmarkMalloc8  	156617715	         7.637 ns/op
BenchmarkMalloc16 	95081233	        12.10 ns/op
BenchmarkMalloc8  	156311521	         7.614 ns/op
BenchmarkMalloc16 	96265731	        11.90 ns/op
BenchmarkMalloc8  	156717283	         7.623 ns/op
BenchmarkMalloc16 	99513502	        11.77 ns/op
BenchmarkMalloc8  	157357464	         7.625 ns/op
BenchmarkMalloc16 	96864073	        11.76 ns/op
BenchmarkMalloc8  	67842056	        15.47 ns/op
BenchmarkMalloc16 	96915297	        11.95 ns/op
BenchmarkMalloc8  	157163254	         7.618 ns/op
BenchmarkMalloc16 	97358698	        11.76 ns/op
BenchmarkMalloc8  	157108134	         7.616 ns/op
BenchmarkMalloc16 	97401742	        16.89 ns/op
BenchmarkMalloc8  	157448892	         7.618 ns/op
BenchmarkMalloc16 	96723140	        11.91 ns/op
BenchmarkMalloc8  	157163049	         7.637 ns/op
BenchmarkMalloc16 	97242439	        11.79 ns/op
BenchmarkMalloc8  	156969313	         7.627 ns/op
BenchmarkMalloc16 	99272176	        11.75 ns/op
BenchmarkMalloc8  	156055724	         7.630 ns/op
BenchmarkMalloc16 	98571193	        11.77 ns/op
BenchmarkMalloc8  	156797242	         7.616 ns/op
BenchmarkMalloc16 	96933092	        11.79 ns/op
