BenchmarkGCCycleWall 1 3125688135 ns/op
BenchmarkGCCycleWall 1 3118343492 ns/op
BenchmarkGCCycleWall 1 3097923004 ns/op
BenchmarkGCCycleWall 1 3118145251 ns/op
BenchmarkGCCycleWall 1 3131961521 ns/op
BenchmarkGCCycleWall 1 3128759716 ns/op
BenchmarkGCCycleWall 1 3131177453 ns/op
BenchmarkGCCycleWall 1 3083465518 ns/op
BenchmarkGCCycleWall 1 2989089652 ns/op
BenchmarkGCCycleWall 1 2939816706 ns/op
BenchmarkGCCycleWall 1 2961670968 ns/op
BenchmarkGCCycleWall 1 2978162862 ns/op
BenchmarkGCCycleWall 1 2970809508 ns/op
BenchmarkGCCycleWall 1 2990228832 ns/op
BenchmarkGCCycleWall 1 2948917102 ns/op
BenchmarkGCCycleWall 1 2975639176 ns/op
BenchmarkGCCycleWall 1 3113849025 ns/op
BenchmarkGCCycleWall 1 3087955498 ns/op
BenchmarkGCCycleWall 1 3105323066 ns/op
BenchmarkGCCycleWall 1 3090224306 ns/op
BenchmarkGCCycleWall 1 3100763209 ns/op
BenchmarkGCCycleWall 1 3097559152 ns/op
BenchmarkGCCycleWall 1 3104384528 ns/op
BenchmarkGCCycleWall 1 3099854880 ns/op
BenchmarkGCCycleWall 1 3215727578 ns/op
BenchmarkGCCycleWall 1 3193063252 ns/op
BenchmarkGCCycleWall 1 3188636441 ns/op
BenchmarkGCCycleWall 1 3181401211 ns/op
BenchmarkGCCycleWall 1 3184127614 ns/op
BenchmarkGCCycleWall 1 3194951093 ns/op
BenchmarkGCCycleWall 1 3212631910 ns/op
BenchmarkGCCycleWall 1 3186253473 ns/op
BenchmarkGCCycleWall 1 3290775731 ns/op
BenchmarkGCCycleWall 1 3312256351 ns/op
BenchmarkGCCycleWall 1 3305926262 ns/op
BenchmarkGCCycleWall 1 3272930190 ns/op
BenchmarkGCCycleWall 1 3307951541 ns/op
BenchmarkGCCycleWall 1 3306721637 ns/op
BenchmarkGCCycleWall 1 3320987219 ns/op
BenchmarkGCCycleWall 1 3302060716 ns/op
BenchmarkGCCycleWall 1 3015942326 ns/op
BenchmarkGCCycleWall 1 2996009168 ns/op
BenchmarkGCCycleWall 1 3000819103 ns/op
BenchmarkGCCycleWall 1 2975304294 ns/op
BenchmarkGCCycleWall 1 3007822377 ns/op
BenchmarkGCCycleWall 1 3010234617 ns/op
BenchmarkGCCycleWall 1 2999930895 ns/op
BenchmarkGCCycleWall 1 3009007003 ns/op
BenchmarkGCCycleWall 1 3070908157 ns/op
BenchmarkGCCycleWall 1 3043460336 ns/op
BenchmarkGCCycleWall 1 3048941258 ns/op
BenchmarkGCCycleWall 1 3058989883 ns/op
BenchmarkGCCycleWall 1 3066113038 ns/op
BenchmarkGCCycleWall 1 3057868232 ns/op
BenchmarkGCCycleWall 1 3026385291 ns/op
BenchmarkGCCycleWall 1 3034516504 ns/op
BenchmarkGCCycleWall 1 3110531870 ns/op
BenchmarkGCCycleWall 1 3122784092 ns/op
BenchmarkGCCycleWall 1 3109865173 ns/op
BenchmarkGCCycleWall 1 3129372576 ns/op
BenchmarkGCCycleWall 1 3131616384 ns/op
BenchmarkGCCycleWall 1 3118878092 ns/op
BenchmarkGCCycleWall 1 3119940106 ns/op
BenchmarkGCCycleWall 1 3112229057 ns/op
BenchmarkGCCycleWall 1 3031800244 ns/op
BenchmarkGCCycleWall 1 3034970806 ns/op
BenchmarkGCCycleWall 1 2999099722 ns/op
BenchmarkGCCycleWall 1 3035084555 ns/op
BenchmarkGCCycleWall 1 3039205371 ns/op
BenchmarkGCCycleWall 1 3036833695 ns/op
BenchmarkGCCycleWall 1 3041417665 ns/op
BenchmarkGCCycleWall 1 3007742367 ns/op
BenchmarkGCCycleWall 1 3066943802 ns/op
BenchmarkGCCycleWall 1 3061848689 ns/op
BenchmarkGCCycleWall 1 3050102168 ns/op
BenchmarkGCCycleWall 1 3045591690 ns/op
BenchmarkGCCycleWall 1 3059994131 ns/op
BenchmarkGCCycleWall 1 3058351715 ns/op
BenchmarkGCCycleWall 1 3055195147 ns/op
BenchmarkGCCycleWall 1 3044713565 ns/op
