BenchmarkGCCycleWall 1 3168586708 ns/op
BenchmarkGCCycleWall 1 3177690036 ns/op
BenchmarkGCCycleWall 1 3190124048 ns/op
BenchmarkGCCycleWall 1 3172065091 ns/op
BenchmarkGCCycleWall 1 3147448544 ns/op
BenchmarkGCCycleWall 1 3150964179 ns/op
BenchmarkGCCycleWall 1 3189788222 ns/op
BenchmarkGCCycleWall 1 3186095170 ns/op
BenchmarkGCCycleWall 1 3080432041 ns/op
BenchmarkGCCycleWall 1 3085549286 ns/op
BenchmarkGCCycleWall 1 3059301938 ns/op
BenchmarkGCCycleWall 1 3067629018 ns/op
BenchmarkGCCycleWall 1 3087126736 ns/op
BenchmarkGCCycleWall 1 3086939893 ns/op
BenchmarkGCCycleWall 1 3086436596 ns/op
BenchmarkGCCycleWall 1 3081054257 ns/op
BenchmarkGCCycleWall 1 3118464636 ns/op
BenchmarkGCCycleWall 1 3113589565 ns/op
BenchmarkGCCycleWall 1 3106743998 ns/op
BenchmarkGCCycleWall 1 3107228121 ns/op
BenchmarkGCCycleWall 1 3100099725 ns/op
BenchmarkGCCycleWall 1 3121457104 ns/op
BenchmarkGCCycleWall 1 3124631394 ns/op
BenchmarkGCCycleWall 1 3106126775 ns/op
BenchmarkGCCycleWall 1 3093439580 ns/op
BenchmarkGCCycleWall 1 3090364441 ns/op
BenchmarkGCCycleWall 1 3109282353 ns/op
BenchmarkGCCycleWall 1 3101727212 ns/op
BenchmarkGCCycleWall 1 3108648642 ns/op
BenchmarkGCCycleWall 1 3096148498 ns/op
BenchmarkGCCycleWall 1 3107588970 ns/op
BenchmarkGCCycleWall 1 3108116752 ns/op
BenchmarkGCCycleWall 1 3145049263 ns/op
BenchmarkGCCycleWall 1 3149185405 ns/op
BenchmarkGCCycleWall 1 3151075786 ns/op
BenchmarkGCCycleWall 1 3141029195 ns/op
BenchmarkGCCycleWall 1 3155688103 ns/op
BenchmarkGCCycleWall 1 3153693873 ns/op
BenchmarkGCCycleWall 1 3166313763 ns/op
BenchmarkGCCycleWall 1 3143862403 ns/op
BenchmarkGCCycleWall 1 3046119416 ns/op
BenchmarkGCCycleWall 1 3074574207 ns/op
BenchmarkGCCycleWall 1 3041163448 ns/op
BenchmarkGCCycleWall 1 3064434114 ns/op
BenchmarkGCCycleWall 1 3080864178 ns/op
BenchmarkGCCycleWall 1 3066560684 ns/op
BenchmarkGCCycleWall 1 3060037614 ns/op
BenchmarkGCCycleWall 1 3058733865 ns/op
BenchmarkGCCycleWall 1 3065254344 ns/op
BenchmarkGCCycleWall 1 3066386085 ns/op
BenchmarkGCCycleWall 1 3060494305 ns/op
BenchmarkGCCycleWall 1 3033437852 ns/op
BenchmarkGCCycleWall 1 3069757127 ns/op
BenchmarkGCCycleWall 1 3055068514 ns/op
BenchmarkGCCycleWall 1 3061628485 ns/op
BenchmarkGCCycleWall 1 3057224924 ns/op
BenchmarkGCCycleWall 1 3118717725 ns/op
BenchmarkGCCycleWall 1 3132192113 ns/op
BenchmarkGCCycleWall 1 3108282370 ns/op
BenchmarkGCCycleWall 1 3128227193 ns/op
BenchmarkGCCycleWall 1 3118340820 ns/op
BenchmarkGCCycleWall 1 3128170561 ns/op
BenchmarkGCCycleWall 1 3126128065 ns/op
BenchmarkGCCycleWall 1 3123011901 ns/op
BenchmarkGCCycleWall 1 3103428086 ns/op
BenchmarkGCCycleWall 1 3079063618 ns/op
BenchmarkGCCycleWall 1 3070777276 ns/op
BenchmarkGCCycleWall 1 3087971112 ns/op
BenchmarkGCCycleWall 1 3095388762 ns/op
BenchmarkGCCycleWall 1 3090395957 ns/op
BenchmarkGCCycleWall 1 3090779722 ns/op
BenchmarkGCCycleWall 1 3074140444 ns/op
BenchmarkGCCycleWall 1 3130838509 ns/op
BenchmarkGCCycleWall 1 3169339616 ns/op
BenchmarkGCCycleWall 1 3152069215 ns/op
BenchmarkGCCycleWall 1 3155589046 ns/op
BenchmarkGCCycleWall 1 3155669831 ns/op
BenchmarkGCCycleWall 1 3140343822 ns/op
BenchmarkGCCycleWall 1 3158538871 ns/op
BenchmarkGCCycleWall 1 3161888449 ns/op
