BenchmarkGCCycleWall 1 3499552150 ns/op
BenchmarkGCCycleWall 1 3350131151 ns/op
BenchmarkGCCycleWall 1 3990449721 ns/op
BenchmarkGCCycleWall 1 3680192806 ns/op
BenchmarkGCCycleWall 1 3495713471 ns/op
BenchmarkGCCycleWall 1 3647726928 ns/op
BenchmarkGCCycleWall 1 3936971609 ns/op
BenchmarkGCCycleWall 1 3996660198 ns/op
BenchmarkGCCycleWall 1 4086707708 ns/op
BenchmarkGCCycleWall 1 4113461719 ns/op
BenchmarkGCCycleWall 1 3964762140 ns/op
BenchmarkGCCycleWall 1 3902855431 ns/op
BenchmarkGCCycleWall 1 3982018786 ns/op
BenchmarkGCCycleWall 1 4018777144 ns/op
BenchmarkGCCycleWall 1 4111579722 ns/op
BenchmarkGCCycleWall 1 3984671073 ns/op
BenchmarkGCCycleWall 1 3420213780 ns/op
BenchmarkGCCycleWall 1 3902217151 ns/op
BenchmarkGCCycleWall 1 3923327002 ns/op
BenchmarkGCCycleWall 1 3875976107 ns/op
BenchmarkGCCycleWall 1 3779716283 ns/op
BenchmarkGCCycleWall 1 3629582903 ns/op
BenchmarkGCCycleWall 1 3913947669 ns/op
BenchmarkGCCycleWall 1 3856443586 ns/op
BenchmarkGCCycleWall 1 2957349979 ns/op
BenchmarkGCCycleWall 1 3898564745 ns/op
BenchmarkGCCycleWall 1 3953532210 ns/op
BenchmarkGCCycleWall 1 3787298826 ns/op
BenchmarkGCCycleWall 1 3545577608 ns/op
BenchmarkGCCycleWall 1 3675989924 ns/op
BenchmarkGCCycleWall 1 3780397788 ns/op
BenchmarkGCCycleWall 1 3928811234 ns/op
BenchmarkGCCycleWall 1 3995041419 ns/op
BenchmarkGCCycleWall 1 4005836611 ns/op
BenchmarkGCCycleWall 1 3773655097 ns/op
BenchmarkGCCycleWall 1 3992844242 ns/op
BenchmarkGCCycleWall 1 3982045792 ns/op
BenchmarkGCCycleWall 1 4037504325 ns/op
BenchmarkGCCycleWall 1 3979019693 ns/op
BenchmarkGCCycleWall 1 4055924802 ns/op
BenchmarkGCCycleWall 1 3927454541 ns/op
BenchmarkGCCycleWall 1 3922825318 ns/op
BenchmarkGCCycleWall 1 3800512685 ns/op
BenchmarkGCCycleWall 1 3531851177 ns/op
BenchmarkGCCycleWall 1 3693019575 ns/op
BenchmarkGCCycleWall 1 3822974614 ns/op
BenchmarkGCCycleWall 1 3847786829 ns/op
BenchmarkGCCycleWall 1 3445962966 ns/op
BenchmarkGCCycleWall 1 3942736856 ns/op
BenchmarkGCCycleWall 1 4104227687 ns/op
BenchmarkGCCycleWall 1 4025193445 ns/op
BenchmarkGCCycleWall 1 3786025315 ns/op
BenchmarkGCCycleWall 1 3823600181 ns/op
BenchmarkGCCycleWall 1 4063698999 ns/op
BenchmarkGCCycleWall 1 4071075602 ns/op
BenchmarkGCCycleWall 1 4098259398 ns/op
BenchmarkGCCycleWall 1 3972254882 ns/op
BenchmarkGCCycleWall 1 3984019833 ns/op
BenchmarkGCCycleWall 1 4035454006 ns/op
BenchmarkGCCycleWall 1 3949771907 ns/op
BenchmarkGCCycleWall 1 3813744982 ns/op
BenchmarkGCCycleWall 1 3644806818 ns/op
BenchmarkGCCycleWall 1 3968733944 ns/op
BenchmarkGCCycleWall 1 3960263271 ns/op
BenchmarkGCCycleWall 1 3958589601 ns/op
BenchmarkGCCycleWall 1 3938166078 ns/op
BenchmarkGCCycleWall 1 3593446510 ns/op
BenchmarkGCCycleWall 1 3895924128 ns/op
BenchmarkGCCycleWall 1 3953959665 ns/op
BenchmarkGCCycleWall 1 3985153115 ns/op
BenchmarkGCCycleWall 1 3831916251 ns/op
BenchmarkGCCycleWall 1 3835358948 ns/op
BenchmarkGCCycleWall 1 3331829774 ns/op
BenchmarkGCCycleWall 1 3974601061 ns/op
BenchmarkGCCycleWall 1 4020732358 ns/op
BenchmarkGCCycleWall 1 3639755713 ns/op
BenchmarkGCCycleWall 1 3680332463 ns/op
BenchmarkGCCycleWall 1 3880683543 ns/op
BenchmarkGCCycleWall 1 3913074441 ns/op
BenchmarkGCCycleWall 1 3966116631 ns/op
