BenchmarkGCCycleWall 1 3690475924 ns/op
BenchmarkGCCycleWall 1 4020995784 ns/op
BenchmarkGCCycleWall 1 4003755926 ns/op
BenchmarkGCCycleWall 1 3971775646 ns/op
BenchmarkGCCycleWall 1 3908148888 ns/op
BenchmarkGCCycleWall 1 3892511953 ns/op
BenchmarkGCCycleWall 1 3891293248 ns/op
BenchmarkGCCycleWall 1 3899375484 ns/op
BenchmarkGCCycleWall 1 3848353710 ns/op
BenchmarkGCCycleWall 1 3886255114 ns/op
BenchmarkGCCycleWall 1 3572838880 ns/op
BenchmarkGCCycleWall 1 3552240007 ns/op
BenchmarkGCCycleWall 1 3580908309 ns/op
BenchmarkGCCycleWall 1 3601973636 ns/op
BenchmarkGCCycleWall 1 3533272579 ns/op
BenchmarkGCCycleWall 1 3574827744 ns/op
BenchmarkGCCycleWall 1 3784794949 ns/op
BenchmarkGCCycleWall 1 3881778758 ns/op
BenchmarkGCCycleWall 1 3998515418 ns/op
BenchmarkGCCycleWall 1 4081430889 ns/op
BenchmarkGCCycleWall 1 3964597507 ns/op
BenchmarkGCCycleWall 1 4129086113 ns/op
BenchmarkGCCycleWall 1 4107373836 ns/op
BenchmarkGCCycleWall 1 3910529695 ns/op
BenchmarkGCCycleWall 1 4016263706 ns/op
BenchmarkGCCycleWall 1 4025913204 ns/op
BenchmarkGCCycleWall 1 4145969247 ns/op
BenchmarkGCCycleWall 1 3930874221 ns/op
BenchmarkGCCycleWall 1 4145319940 ns/op
BenchmarkGCCycleWall 1 4046933664 ns/op
BenchmarkGCCycleWall 1 4011119684 ns/op
BenchmarkGCCycleWall 1 4019576355 ns/op
BenchmarkGCCycleWall 1 3999320872 ns/op
BenchmarkGCCycleWall 1 4256975348 ns/op
BenchmarkGCCycleWall 1 4294572741 ns/op
BenchmarkGCCycleWall 1 4163890489 ns/op
BenchmarkGCCycleWall 1 4331458106 ns/op
BenchmarkGCCycleWall 1 4304613332 ns/op
BenchmarkGCCycleWall 1 4284523057 ns/op
BenchmarkGCCycleWall 1 4200800914 ns/op
BenchmarkGCCycleWall 1 3974683658 ns/op
BenchmarkGCCycleWall 1 3969533436 ns/op
BenchmarkGCCycleWall 1 3942032333 ns/op
BenchmarkGCCycleWall 1 3852205303 ns/op
BenchmarkGCCycleWall 1 3827794756 ns/op
BenchmarkGCCycleWall 1 3971872677 ns/op
BenchmarkGCCycleWall 1 3955904946 ns/op
BenchmarkGCCycleWall 1 3761156228 ns/op
BenchmarkGCCycleWall 1 3856786193 ns/op
BenchmarkGCCycleWall 1 3817406567 ns/op
BenchmarkGCCycleWall 1 3850726123 ns/op
BenchmarkGCCycleWall 1 3827029514 ns/op
BenchmarkGCCycleWall 1 3865249829 ns/op
BenchmarkGCCycleWall 1 3826681479 ns/op
BenchmarkGCCycleWall 1 3842512460 ns/op
BenchmarkGCCycleWall 1 3761844194 ns/op
BenchmarkGCCycleWall 1 3314634849 ns/op
BenchmarkGCCycleWall 1 3773903168 ns/op
BenchmarkGCCycleWall 1 3662427850 ns/op
BenchmarkGCCycleWall 1 3410561918 ns/op
BenchmarkGCCycleWall 1 3958259393 ns/op
BenchmarkGCCycleWall 1 3947944836 ns/op
BenchmarkGCCycleWall 1 3928067432 ns/op
BenchmarkGCCycleWall 1 3960778422 ns/op
BenchmarkGCCycleWall 1 3702291425 ns/op
BenchmarkGCCycleWall 1 3774140849 ns/op
BenchmarkGCCycleWall 1 3989020663 ns/op
BenchmarkGCCycleWall 1 3976617229 ns/op
BenchmarkGCCycleWall 1 3966447437 ns/op
BenchmarkGCCycleWall 1 3720537529 ns/op
BenchmarkGCCycleWall 1 3898105133 ns/op
BenchmarkGCCycleWall 1 4003856030 ns/op
BenchmarkGCCycleWall 1 4331153913 ns/op
BenchmarkGCCycleWall 1 4301709293 ns/op
BenchmarkGCCycleWall 1 3889908260 ns/op
BenchmarkGCCycleWall 1 4286850162 ns/op
BenchmarkGCCycleWall 1 4289133752 ns/op
BenchmarkGCCycleWall 1 4298156280 ns/op
BenchmarkGCCycleWall 1 3957545633 ns/op
BenchmarkGCCycleWall 1 4331693153 ns/op
