BenchmarkGCCycleWall 1 4320122417 ns/op
BenchmarkGCCycleWall 1 4272208907 ns/op
BenchmarkGCCycleWall 1 4281306355 ns/op
BenchmarkGCCycleWall 1 4288706172 ns/op
BenchmarkGCCycleWall 1 4308800588 ns/op
BenchmarkGCCycleWall 1 4250732701 ns/op
BenchmarkGCCycleWall 1 4280953521 ns/op
BenchmarkGCCycleWall 1 4277273832 ns/op
BenchmarkGCCycleWall 1 3972025217 ns/op
BenchmarkGCCycleWall 1 3953430621 ns/op
BenchmarkGCCycleWall 1 3991809287 ns/op
BenchmarkGCCycleWall 1 3967161496 ns/op
BenchmarkGCCycleWall 1 4007469678 ns/op
BenchmarkGCCycleWall 1 4020320070 ns/op
BenchmarkGCCycleWall 1 4007239298 ns/op
BenchmarkGCCycleWall 1 4005985637 ns/op
BenchmarkGCCycleWall 1 3657199047 ns/op
BenchmarkGCCycleWall 1 3671929273 ns/op
BenchmarkGCCycleWall 1 3665941455 ns/op
BenchmarkGCCycleWall 1 3625036904 ns/op
BenchmarkGCCycleWall 1 3648629638 ns/op
BenchmarkGCCycleWall 1 3689262549 ns/op
BenchmarkGCCycleWall 1 3650748772 ns/op
BenchmarkGCCycleWall 1 3689694428 ns/op
BenchmarkGCCycleWall 1 4006246723 ns/op
BenchmarkGCCycleWall 1 3995226350 ns/op
BenchmarkGCCycleWall 1 4032815905 ns/op
BenchmarkGCCycleWall 1 4009239473 ns/op
BenchmarkGCCycleWall 1 4031775579 ns/op
BenchmarkGCCycleWall 1 4039574856 ns/op
BenchmarkGCCycleWall 1 4002510403 ns/op
BenchmarkGCCycleWall 1 4014216073 ns/op
BenchmarkGCCycleWall 1 3851429976 ns/op
BenchmarkGCCycleWall 1 3889324538 ns/op
BenchmarkGCCycleWall 1 3867511027 ns/op
BenchmarkGCCycleWall 1 3894602926 ns/op
BenchmarkGCCycleWall 1 3892806415 ns/op
BenchmarkGCCycleWall 1 3923400952 ns/op
BenchmarkGCCycleWall 1 3906178967 ns/op
BenchmarkGCCycleWall 1 3890791600 ns/op
BenchmarkGCCycleWall 1 4014466740 ns/op
BenchmarkGCCycleWall 1 4022686773 ns/op
BenchmarkGCCycleWall 1 4009359618 ns/op
BenchmarkGCCycleWall 1 4035294277 ns/op
BenchmarkGCCycleWall 1 3989048472 ns/op
BenchmarkGCCycleWall 1 3990115446 ns/op
BenchmarkGCCycleWall 1 4009499948 ns/op
BenchmarkGCCycleWall 1 4011198984 ns/op
BenchmarkGCCycleWall 1 3936838414 ns/op
BenchmarkGCCycleWall 1 3973059974 ns/op
BenchmarkGCCycleWall 1 3947877133 ns/op
BenchmarkGCCycleWall 1 3939229648 ns/op
BenchmarkGCCycleWall 1 3953134054 ns/op
BenchmarkGCCycleWall 1 3952633067 ns/op
BenchmarkGCCycleWall 1 3958800405 ns/op
BenchmarkGCCycleWall 1 3928377241 ns/op
BenchmarkGCCycleWall 1 3886886047 ns/op
BenchmarkGCCycleWall 1 3919164762 ns/op
BenchmarkGCCycleWall 1 3952647520 ns/op
BenchmarkGCCycleWall 1 3978047458 ns/op
BenchmarkGCCycleWall 1 3963056170 ns/op
BenchmarkGCCycleWall 1 3974574363 ns/op
BenchmarkGCCycleWall 1 4012411894 ns/op
BenchmarkGCCycleWall 1 3993693801 ns/op
BenchmarkGCCycleWall 1 3933649158 ns/op
BenchmarkGCCycleWall 1 3949404622 ns/op
BenchmarkGCCycleWall 1 3965776545 ns/op
BenchmarkGCCycleWall 1 3976649578 ns/op
BenchmarkGCCycleWall 1 3959636937 ns/op
BenchmarkGCCycleWall 1 3981745490 ns/op
BenchmarkGCCycleWall 1 3930780823 ns/op
BenchmarkGCCycleWall 1 3970896773 ns/op
BenchmarkGCCycleWall 1 3969039058 ns/op
BenchmarkGCCycleWall 1 3951972296 ns/op
BenchmarkGCCycleWall 1 3953155915 ns/op
BenchmarkGCCycleWall 1 3967346806 ns/op
BenchmarkGCCycleWall 1 3941300053 ns/op
BenchmarkGCCycleWall 1 3988618588 ns/op
BenchmarkGCCycleWall 1 3957686185 ns/op
BenchmarkGCCycleWall 1 3971593688 ns/op
