BenchmarkGCCycleWall 1 3535888591 ns/op
BenchmarkGCCycleWall 1 3512989448 ns/op
BenchmarkGCCycleWall 1 3509266360 ns/op
BenchmarkGCCycleWall 1 3538444864 ns/op
BenchmarkGCCycleWall 1 3524636768 ns/op
BenchmarkGCCycleWall 1 3529260951 ns/op
BenchmarkGCCycleWall 1 3544011958 ns/op
BenchmarkGCCycleWall 1 3532819894 ns/op
BenchmarkGCCycleWall 1 3053316808 ns/op
BenchmarkGCCycleWall 1 3043311340 ns/op
BenchmarkGCCycleWall 1 3045669150 ns/op
BenchmarkGCCycleWall 1 3053615018 ns/op
BenchmarkGCCycleWall 1 3048460098 ns/op
BenchmarkGCCycleWall 1 3051523895 ns/op
BenchmarkGCCycleWall 1 3048017973 ns/op
BenchmarkGCCycleWall 1 3038649602 ns/op
BenchmarkGCCycleWall 1 3060089708 ns/op
BenchmarkGCCycleWall 1 3052397149 ns/op
BenchmarkGCCycleWall 1 3052042353 ns/op
BenchmarkGCCycleWall 1 3052794284 ns/op
BenchmarkGCCycleWall 1 3052693080 ns/op
BenchmarkGCCycleWall 1 3051607947 ns/op
BenchmarkGCCycleWall 1 3053865477 ns/op
BenchmarkGCCycleWall 1 3057911269 ns/op
BenchmarkGCCycleWall 1 3155049682 ns/op
BenchmarkGCCycleWall 1 3149263653 ns/op
BenchmarkGCCycleWall 1 3158553145 ns/op
BenchmarkGCCycleWall 1 3149227980 ns/op
BenchmarkGCCycleWall 1 3150229549 ns/op
BenchmarkGCCycleWall 1 3149380511 ns/op
BenchmarkGCCycleWall 1 3154752537 ns/op
BenchmarkGCCycleWall 1 3149377310 ns/op
BenchmarkGCCycleWall 1 3456687394 ns/op
BenchmarkGCCycleWall 1 3462467033 ns/op
BenchmarkGCCycleWall 1 3460813606 ns/op
BenchmarkGCCycleWall 1 3449417872 ns/op
BenchmarkGCCycleWall 1 3453547591 ns/op
BenchmarkGCCycleWall 1 3467064697 ns/op
BenchmarkGCCycleWall 1 3451784331 ns/op
BenchmarkGCCycleWall 1 3462411854 ns/op
BenchmarkGCCycleWall 1 2999617551 ns/op
BenchmarkGCCycleWall 1 2993323892 ns/op
BenchmarkGCCycleWall 1 2987812708 ns/op
BenchmarkGCCycleWall 1 2994473689 ns/op
BenchmarkGCCycleWall 1 3000239451 ns/op
BenchmarkGCCycleWall 1 2984485969 ns/op
BenchmarkGCCycleWall 1 2991653197 ns/op
BenchmarkGCCycleWall 1 2992579724 ns/op
BenchmarkGCCycleWall 1 3066082665 ns/op
BenchmarkGCCycleWall 1 3063909484 ns/op
BenchmarkGCCycleWall 1 3062986435 ns/op
BenchmarkGCCycleWall 1 3058253292 ns/op
BenchmarkGCCycleWall 1 3060900862 ns/op
BenchmarkGCCycleWall 1 3058823760 ns/op
BenchmarkGCCycleWall 1 3053850049 ns/op
BenchmarkGCCycleWall 1 3057687009 ns/op
BenchmarkGCCycleWall 1 3174160363 ns/op
BenchmarkGCCycleWall 1 3168918017 ns/op
BenchmarkGCCycleWall 1 3168365758 ns/op
BenchmarkGCCycleWall 1 3173223597 ns/op
BenchmarkGCCycleWall 1 3167255390 ns/op
BenchmarkGCCycleWall 1 3177752626 ns/op
BenchmarkGCCycleWall 1 3179903359 ns/op
BenchmarkGCCycleWall 1 3166737357 ns/op
BenchmarkGCCycleWall 1 3187366804 ns/op
BenchmarkGCCycleWall 1 3199366021 ns/op
BenchmarkGCCycleWall 1 3189092768 ns/op
BenchmarkGCCycleWall 1 3183469143 ns/op
BenchmarkGCCycleWall 1 3187800250 ns/op
BenchmarkGCCycleWall 1 3182516355 ns/op
BenchmarkGCCycleWall 1 3184802458 ns/op
BenchmarkGCCycleWall 1 3189760500 ns/op
BenchmarkGCCycleWall 1 3182224989 ns/op
BenchmarkGCCycleWall 1 3168327488 ns/op
BenchmarkGCCycleWall 1 3175564437 ns/op
BenchmarkGCCycleWall 1 3172213961 ns/op
BenchmarkGCCycleWall 1 3175877662 ns/op
BenchmarkGCCycleWall 1 3180532966 ns/op
BenchmarkGCCycleWall 1 3181515057 ns/op
BenchmarkGCCycleWall 1 3173591472 ns/op
