BenchmarkGarbage/benchmem-MB=4096-128    10000	   1406816 ns/op	 106338992 GC-bytes-from-system	   1493472 STW-ns/GC	      2986 STW-ns/op	   6220257 allocated-bytes/op	    145201 allocs/op	7528709848 bytes-from-system	7259258880 heap-bytes-from-system	 154461224 other-bytes-from-system	7368552448 peak-RSS-bytes	8763019264 peak-VM-bytes	   8650752 stack-bytes-from-system	 127207778 user+sys-ns/op 253965674 cycles/op 168898758 instructions/op
BenchmarkGarbage/benchmem-MB=4096-128    10000	   1406085 ns/op	 107927776 GC-bytes-from-system	   1429117 STW-ns/GC	      2715 STW-ns/op	   6220321 allocated-bytes/op	    145201 allocs/op	7661793032 bytes-from-system	7389544448 heap-bytes-from-system	 155113000 other-bytes-from-system	7494967296 peak-RSS-bytes	8967630848 peak-VM-bytes	   9207808 stack-bytes-from-system	 123272458 user+sys-ns/op 246323110 cycles/op 166804075 instructions/op
BenchmarkGarbage/benchmem-MB=4096-128    10000	   1408160 ns/op	 106244288 GC-bytes-from-system	   1608921 STW-ns/GC	      3056 STW-ns/op	   6220282 allocated-bytes/op	    145201 allocs/op	7590694632 bytes-from-system	7322664960 heap-bytes-from-system	 152806952 other-bytes-from-system	7444226048 peak-RSS-bytes	8829333504 peak-VM-bytes	   8978432 stack-bytes-from-system	 122168178 user+sys-ns/op 244367389 cycles/op 166937465 instructions/op
BenchmarkGarbage/benchmem-MB=4096-128    10000	   1394541 ns/op	 107418288 GC-bytes-from-system	   1422590 STW-ns/GC	      2702 STW-ns/op	   6220242 allocated-bytes/op	    145201 allocs/op	7521705688 bytes-from-system	7251165184 heap-bytes-from-system	 153947176 other-bytes-from-system	7341875200 peak-RSS-bytes	8764559360 peak-VM-bytes	   9175040 stack-bytes-from-system	 122498268 user+sys-ns/op 245259266 cycles/op 166766936 instructions/op
BenchmarkGarbage/benchmem-MB=4096-128    10000	   1405330 ns/op	 104731824 GC-bytes-from-system	   1824117 STW-ns/GC	      3465 STW-ns/op	   6220365 allocated-bytes/op	    145201 allocs/op	7548878552 bytes-from-system	7280623616 heap-bytes-from-system	 154446376 other-bytes-from-system	7423029248 peak-RSS-bytes	8762380288 peak-VM-bytes	   9076736 stack-bytes-from-system	 124690142 user+sys-ns/op 249436872 cycles/op 166977175 instructions/op
BenchmarkGarbage/benchmem-MB=4096-128    10000	   1407766 ns/op	 105338032 GC-bytes-from-system	   1418257 STW-ns/GC	      2694 STW-ns/op	   6220344 allocated-bytes/op	    145201 allocs/op	7511228120 bytes-from-system	7242940416 heap-bytes-from-system	 153938472 other-bytes-from-system	7356059648 peak-RSS-bytes	8762429440 peak-VM-bytes	   9011200 stack-bytes-from-system	 124569573 user+sys-ns/op 248827639 cycles/op 166840109 instructions/op
BenchmarkGarbage/benchmem-MB=4096-128    10000	   1415115 ns/op	 106086576 GC-bytes-from-system	   1632325 STW-ns/GC	      3101 STW-ns/op	   6220346 allocated-bytes/op	    145201 allocs/op	7541047000 bytes-from-system	7272038400 heap-bytes-from-system	 153648680 other-bytes-from-system	7378857984 peak-RSS-bytes	8762904576 peak-VM-bytes	   9273344 stack-bytes-from-system	 125654136 user+sys-ns/op 250878103 cycles/op 166849199 instructions/op
BenchmarkGarbage/benchmem-MB=4096-128    10000	   1384270 ns/op	 107411648 GC-bytes-from-system	   1606929 STW-ns/GC	      3053 STW-ns/op	   6220303 allocated-bytes/op	    145201 allocs/op	7608884968 bytes-from-system	7339474944 heap-bytes-from-system	 153052712 other-bytes-from-system	7442182144 peak-RSS-bytes	8830734336 peak-VM-bytes	   8945664 stack-bytes-from-system	 123182923 user+sys-ns/op 246383732 cycles/op 166909544 instructions/op
BenchmarkGarbage/benchmem-MB=4096-128    10000	   1389999 ns/op	 105534656 GC-bytes-from-system	   1662455 STW-ns/GC	      3158 STW-ns/op	   6220214 allocated-bytes/op	    145201 allocs/op	7566135016 bytes-from-system	7297400832 heap-bytes-from-system	 154122792 other-bytes-from-system	7425835008 peak-RSS-bytes	8829841408 peak-VM-bytes	   9076736 stack-bytes-from-system	 123548405 user+sys-ns/op 247235175 cycles/op 167342439 instructions/op
BenchmarkGarbage/benchmem-MB=4096-128    10000	   1427386 ns/op	 109280416 GC-bytes-from-system	   2099287 STW-ns/GC	      4198 STW-ns/op	   6220317 allocated-bytes/op	    145201 allocs/op	7459147464 bytes-from-system	7187529728 heap-bytes-from-system	 153162280 other-bytes-from-system	7285698560 peak-RSS-bytes	8697638912 peak-VM-bytes	   9175040 stack-bytes-from-system	 125804618 user+sys-ns/op 250989903 cycles/op 168316674 instructions/op
BenchmarkRun/garbage-128 1 35103215353 ns/op 2.540e+12 cycles/op 1.689e+12 instructions/op 1.801 GHz 40.2 CPUs-busy 0 hint-faults 0 pages-migrated
BenchmarkRun/garbage-128 1 34898046459 ns/op 2.463e+12 cycles/op 1.668e+12 instructions/op 1.799 GHz 39.2 CPUs-busy 0 hint-faults 0 pages-migrated
BenchmarkRun/garbage-128 1 34927337714 ns/op 2.444e+12 cycles/op 1.669e+12 instructions/op 1.801 GHz 38.8 CPUs-busy 0 hint-faults 0 pages-migrated
BenchmarkRun/garbage-128 1 34675703778 ns/op 2.453e+12 cycles/op 1.668e+12 instructions/op 1.803 GHz 39.2 CPUs-busy 0 hint-faults 0 pages-migrated
BenchmarkRun/garbage-128 1 34906234478 ns/op 2.494e+12 cycles/op 1.670e+12 instructions/op 1.803 GHz 39.6 CPUs-busy 0 hint-faults 0 pages-migrated
BenchmarkRun/garbage-128 1 34816803454 ns/op 2.488e+12 cycles/op 1.668e+12 instructions/op 1.803 GHz 39.6 CPUs-busy 183 hint-faults 182 pages-migrated
BenchmarkRun/garbage-128 1 35006801045 ns/op 2.509e+12 cycles/op 1.668e+12 instructions/op 1.802 GHz 39.8 CPUs-busy 0 hint-faults 0 pages-migrated
BenchmarkRun/garbage-128 1 34716292983 ns/op 2.464e+12 cycles/op 1.669e+12 instructions/op 1.801 GHz 39.4 CPUs-busy 0 hint-faults 0 pages-migrated
BenchmarkRun/garbage-128 1 34897942505 ns/op 2.472e+12 cycles/op 1.673e+12 instructions/op 1.802 GHz 39.3 CPUs-busy 0 hint-faults 0 pages-migrated
BenchmarkRun/garbage-128 1 34977918699 ns/op 2.510e+12 cycles/op 1.683e+12 instructions/op 1.802 GHz 39.8 CPUs-busy 0 hint-faults 0 pages-migrated
